Archive member included to satisfy reference by file (symbol)

.\CortexM3\ARM_GCC_541\Debug\HCM_UPBDrive.a(CAN.o)
                              .\CortexM3\ARM_GCC_541\Debug\main.o (CAN_Start)
.\CortexM3\ARM_GCC_541\Debug\HCM_UPBDrive.a(CAN_INT.o)
                              .\CortexM3\ARM_GCC_541\Debug\HCM_UPBDrive.a(CAN.o) (CAN_ISR)
.\CortexM3\ARM_GCC_541\Debug\HCM_UPBDrive.a(CAN_TX_RX_func.o)
                              .\CortexM3\ARM_GCC_541\Debug\can_comm.o (CAN_SendMsgESC_control)
.\CortexM3\ARM_GCC_541\Debug\HCM_UPBDrive.a(Boost_Button.o)
                              .\CortexM3\ARM_GCC_541\Debug\user_input.o (Boost_Button_Read)
.\CortexM3\ARM_GCC_541\Debug\HCM_UPBDrive.a(AIR_enable.o)
                              .\CortexM3\ARM_GCC_541\Debug\main.o (AIR_enable_Write)
.\CortexM3\ARM_GCC_541\Debug\HCM_UPBDrive.a(CyLib.o)
                              .\CortexM3\ARM_GCC_541\Debug\Cm3Start.o (CyResetStatus)
.\CortexM3\ARM_GCC_541\Debug\HCM_UPBDrive.a(cyPm.o)
                              .\CortexM3\ARM_GCC_541\Debug\HCM_UPBDrive.a(CyLib.o) (CyPmReadStatus)
.\CortexM3\ARM_GCC_541\Debug\HCM_UPBDrive.a(Selector_In_1.o)
                              .\CortexM3\ARM_GCC_541\Debug\user_input.o (Selector_In_1_Read)
.\CortexM3\ARM_GCC_541\Debug\HCM_UPBDrive.a(Selector_In_2.o)
                              .\CortexM3\ARM_GCC_541\Debug\user_input.o (Selector_In_2_Read)
.\CortexM3\ARM_GCC_541\Debug\HCM_UPBDrive.a(Selector_In_5.o)
                              .\CortexM3\ARM_GCC_541\Debug\user_input.o (Selector_In_5_Read)
.\CortexM3\ARM_GCC_541\Debug\HCM_UPBDrive.a(Selector_In_4.o)
                              .\CortexM3\ARM_GCC_541\Debug\user_input.o (Selector_In_4_Read)
.\CortexM3\ARM_GCC_541\Debug\HCM_UPBDrive.a(Selector_In_3.o)
                              .\CortexM3\ARM_GCC_541\Debug\user_input.o (Selector_In_3_Read)
.\CortexM3\ARM_GCC_541\Debug\HCM_UPBDrive.a(CyBootAsmGnu.o)
                              .\CortexM3\ARM_GCC_541\Debug\cyfitter_cfg.o (CyDelayCycles)
.\CortexM3\ARM_GCC_541\Debug\HCM_UPBDrive.a(CyFlash.o)
                              .\CortexM3\ARM_GCC_541\Debug\HCM_UPBDrive.a(cyPm.o) (CyFlash_SetWaitCycles)
.\CortexM3\ARM_GCC_541\Debug\HCM_UPBDrive.a(CySpc.o)
                              .\CortexM3\ARM_GCC_541\Debug\HCM_UPBDrive.a(CyFlash.o) (CySpcStart)
c:/program files (x86)/cypress/psoc creator/4.4/psoc creator/import/gnu/arm/5.4.1/bin/../lib/gcc/arm-none-eabi/5.4.1/../../../../arm-none-eabi/lib/armv7-m\libg_nano.a(lib_a-errno.o)
                              .\CortexM3\ARM_GCC_541\Debug\Cm3Start.o (__errno)
c:/program files (x86)/cypress/psoc creator/4.4/psoc creator/import/gnu/arm/5.4.1/bin/../lib/gcc/arm-none-eabi/5.4.1/../../../../arm-none-eabi/lib/armv7-m\libg_nano.a(lib_a-exit.o)
                              c:/program files (x86)/cypress/psoc creator/4.4/psoc creator/import/gnu/arm/5.4.1/bin/../lib/gcc/arm-none-eabi/5.4.1/../../../../arm-none-eabi/lib/armv7-m/crt0.o (exit)
c:/program files (x86)/cypress/psoc creator/4.4/psoc creator/import/gnu/arm/5.4.1/bin/../lib/gcc/arm-none-eabi/5.4.1/../../../../arm-none-eabi/lib/armv7-m\libg_nano.a(lib_a-impure.o)
                              c:/program files (x86)/cypress/psoc creator/4.4/psoc creator/import/gnu/arm/5.4.1/bin/../lib/gcc/arm-none-eabi/5.4.1/../../../../arm-none-eabi/lib/armv7-m\libg_nano.a(lib_a-exit.o) (_global_impure_ptr)
c:/program files (x86)/cypress/psoc creator/4.4/psoc creator/import/gnu/arm/5.4.1/bin/../lib/gcc/arm-none-eabi/5.4.1/../../../../arm-none-eabi/lib/armv7-m\libg_nano.a(lib_a-init.o)
                              c:/program files (x86)/cypress/psoc creator/4.4/psoc creator/import/gnu/arm/5.4.1/bin/../lib/gcc/arm-none-eabi/5.4.1/../../../../arm-none-eabi/lib/armv7-m/crt0.o (__libc_init_array)
c:/program files (x86)/cypress/psoc creator/4.4/psoc creator/import/gnu/arm/5.4.1/bin/../lib/gcc/arm-none-eabi/5.4.1/../../../../arm-none-eabi/lib/armv7-m\libg_nano.a(lib_a-memcpy-stub.o)
                              .\CortexM3\ARM_GCC_541\Debug\cyfitter_cfg.o (memcpy)
c:/program files (x86)/cypress/psoc creator/4.4/psoc creator/import/gnu/arm/5.4.1/bin/../lib/gcc/arm-none-eabi/5.4.1/../../../../arm-none-eabi/lib/armv7-m\libg_nano.a(lib_a-memset.o)
                              c:/program files (x86)/cypress/psoc creator/4.4/psoc creator/import/gnu/arm/5.4.1/bin/../lib/gcc/arm-none-eabi/5.4.1/../../../../arm-none-eabi/lib/armv7-m/crt0.o (memset)

Allocating common symbols
Common symbol       size              file

dieTemperature      0x2               .\CortexM3\ARM_GCC_541\Debug\HCM_UPBDrive.a(CyFlash.o)

Memory Configuration

Name             Origin             Length             Attributes
rom              0x00000000         0x00040000         xr
ram              0x1fff8000         0x00010000         xrw
*default*        0x00000000         0xffffffff

Linker script and memory map

LOAD c:/program files (x86)/cypress/psoc creator/4.4/psoc creator/import/gnu/arm/5.4.1/bin/../lib/gcc/arm-none-eabi/5.4.1/armv7-m/crti.o
LOAD c:/program files (x86)/cypress/psoc creator/4.4/psoc creator/import/gnu/arm/5.4.1/bin/../lib/gcc/arm-none-eabi/5.4.1/armv7-m/crtbegin.o
LOAD c:/program files (x86)/cypress/psoc creator/4.4/psoc creator/import/gnu/arm/5.4.1/bin/../lib/gcc/arm-none-eabi/5.4.1/../../../../arm-none-eabi/lib/armv7-m/crt0.o
START GROUP
LOAD .\CortexM3\ARM_GCC_541\Debug\main.o
LOAD .\CortexM3\ARM_GCC_541\Debug\can_comm.o
LOAD .\CortexM3\ARM_GCC_541\Debug\hybrid_mode.o
LOAD .\CortexM3\ARM_GCC_541\Debug\user_input.o
LOAD .\CortexM3\ARM_GCC_541\Debug\cyfitter_cfg.o
LOAD .\CortexM3\ARM_GCC_541\Debug\cymetadata.o
LOAD .\CortexM3\ARM_GCC_541\Debug\Cm3Start.o
LOAD .\CortexM3\ARM_GCC_541\Debug\HCM_UPBDrive.a
LOAD C:\Program Files (x86)\Cypress\PSoC Creator\4.4\PSoC Creator\psoc\content\cycomponentlibrary\CyComponentLibrary.cylib\CortexM3\ARM_GCC_541\Debug\CyComponentLibrary.a
END GROUP
START GROUP
LOAD c:/program files (x86)/cypress/psoc creator/4.4/psoc creator/import/gnu/arm/5.4.1/bin/../lib/gcc/arm-none-eabi/5.4.1/armv7-m\libgcc.a
LOAD c:/program files (x86)/cypress/psoc creator/4.4/psoc creator/import/gnu/arm/5.4.1/bin/../lib/gcc/arm-none-eabi/5.4.1/../../../../arm-none-eabi/lib/armv7-m\libg_nano.a
LOAD c:/program files (x86)/cypress/psoc creator/4.4/psoc creator/import/gnu/arm/5.4.1/bin/../lib/gcc/arm-none-eabi/5.4.1/../../../../arm-none-eabi/lib/armv7-m\libc_nano.a
END GROUP
START GROUP
LOAD c:/program files (x86)/cypress/psoc creator/4.4/psoc creator/import/gnu/arm/5.4.1/bin/../lib/gcc/arm-none-eabi/5.4.1/armv7-m\libgcc.a
LOAD c:/program files (x86)/cypress/psoc creator/4.4/psoc creator/import/gnu/arm/5.4.1/bin/../lib/gcc/arm-none-eabi/5.4.1/../../../../arm-none-eabi/lib/armv7-m\libc_nano.a
END GROUP
LOAD c:/program files (x86)/cypress/psoc creator/4.4/psoc creator/import/gnu/arm/5.4.1/bin/../lib/gcc/arm-none-eabi/5.4.1/armv7-m/crtend.o
LOAD c:/program files (x86)/cypress/psoc creator/4.4/psoc creator/import/gnu/arm/5.4.1/bin/../lib/gcc/arm-none-eabi/5.4.1/armv7-m/crtn.o
START GROUP
LOAD c:/program files (x86)/cypress/psoc creator/4.4/psoc creator/import/gnu/arm/5.4.1/bin/../lib/gcc/arm-none-eabi/5.4.1/armv7-m\libgcc.a
LOAD c:/program files (x86)/cypress/psoc creator/4.4/psoc creator/import/gnu/arm/5.4.1/bin/../lib/gcc/arm-none-eabi/5.4.1/../../../../arm-none-eabi/lib/armv7-m\libc.a
LOAD c:/program files (x86)/cypress/psoc creator/4.4/psoc creator/import/gnu/arm/5.4.1/bin/../lib/gcc/arm-none-eabi/5.4.1/../../../../arm-none-eabi/lib/armv7-m\libnosys.a
END GROUP
                0x00000000                CY_APPL_ORIGIN = 0x0
                0x00000100                CY_FLASH_ROW_SIZE = 0x100
                0x00000020                CY_ECC_ROW_SIZE = 0x20
                0x00000000                CY_EE_IN_BTLDR = 0x0
                0x00000000                CY_APPL_LOADABLE = 0x0
                0x00000800                CY_EE_SIZE = 0x800
                0x00000001                CY_APPL_NUM = 0x1
                0x00000001                CY_APPL_MAX = 0x1
                0x00000040                CY_METADATA_SIZE = 0x40
                0x00000000                CY_APPL_LOADABLE = 0x0
                0x00000000                CY_CHECKSUM_EXCLUDE_SIZE = ALIGN (0x0, CY_FLASH_ROW_SIZE)
                [!provide]                PROVIDE (__cy_heap_start, _end)
                0x00000001                PROVIDE (__cy_region_num, ((__cy_regions_end - __cy_regions) / 0x10))
                0x20008000                PROVIDE (__cy_stack, (ORIGIN (ram) + LENGTH (ram)))
                [!provide]                PROVIDE (__cy_heap_end, (__cy_stack - 0x800))

.cybootloader   0x00000000        0x0
 *(.cybootloader)
                0x00000000                appl1_start = CY_APPL_ORIGIN?CY_APPL_ORIGIN:ALIGN (CY_FLASH_ROW_SIZE)
                0x0001ff00                appl2_start = (appl1_start + ALIGN ((((LENGTH (rom) - appl1_start) - (0x2 * CY_FLASH_ROW_SIZE)) / 0x2), CY_FLASH_ROW_SIZE))
                0x00000000                appl_start = (CY_APPL_NUM == 0x1)?appl1_start:appl2_start
                0x00000000                ecc_offset = ((appl_start / CY_FLASH_ROW_SIZE) * CY_ECC_ROW_SIZE)
                0x00000000                ee_offset = (CY_APPL_LOADABLE && ! (CY_EE_IN_BTLDR))?((CY_EE_SIZE / CY_APPL_MAX) * (CY_APPL_NUM - 0x1)):0x0
                0x00000800                ee_size = (CY_APPL_LOADABLE && ! (CY_EE_IN_BTLDR))?(CY_EE_SIZE / CY_APPL_MAX):CY_EE_SIZE
                [!provide]                PROVIDE (CY_ECC_OFFSET, ecc_offset)

.text           0x00000000     0x5142
 CREATE_OBJECT_SYMBOLS
                0x00000000                PROVIDE (__cy_interrupt_vector, RomVectors)
 *(.romvectors)
 .romvectors    0x00000000       0x10 .\CortexM3\ARM_GCC_541\Debug\Cm3Start.o
                0x00000000                RomVectors
                0x00000001                ASSERT ((. != __cy_interrupt_vector), No interrupt vector)
                0x00000001                ASSERT (CY_APPL_ORIGIN?(SIZEOF (.cybootloader) <= CY_APPL_ORIGIN):0x1, Wrong image location)
                0x00000010                PROVIDE (__cy_reset, Reset)
 *(.text.Reset)
 .text.Reset    0x00000010       0x18 .\CortexM3\ARM_GCC_541\Debug\Cm3Start.o
                0x00000010                Reset
                0x00000001                ASSERT ((. != __cy_reset), No reset code)
 *(.dma_init)
                0x00000001                ASSERT ((((appl_start + .) <= 0x10000) || 0x1), DMA Init must be within the first 64k of flash)
 *(.text .text.* .gnu.linkonce.t.*)
 .text          0x00000028        0x0 c:/program files (x86)/cypress/psoc creator/4.4/psoc creator/import/gnu/arm/5.4.1/bin/../lib/gcc/arm-none-eabi/5.4.1/armv7-m/crti.o
 .text          0x00000028       0x5c c:/program files (x86)/cypress/psoc creator/4.4/psoc creator/import/gnu/arm/5.4.1/bin/../lib/gcc/arm-none-eabi/5.4.1/armv7-m/crtbegin.o
 .text          0x00000084       0x74 c:/program files (x86)/cypress/psoc creator/4.4/psoc creator/import/gnu/arm/5.4.1/bin/../lib/gcc/arm-none-eabi/5.4.1/../../../../arm-none-eabi/lib/armv7-m/crt0.o
                0x00000084                _start
                0x00000084                _mainCRTStartup
 .text          0x000000f8        0x0 .\CortexM3\ARM_GCC_541\Debug\main.o
 .text.init     0x000000f8       0x1c .\CortexM3\ARM_GCC_541\Debug\main.o
                0x000000f8                init
 .text.main     0x00000114       0x6c .\CortexM3\ARM_GCC_541\Debug\main.o
                0x00000114                main
 .text          0x00000180        0x0 .\CortexM3\ARM_GCC_541\Debug\can_comm.o
 .text.CAN_Transmit_To_ESC
                0x00000180       0x58 .\CortexM3\ARM_GCC_541\Debug\can_comm.o
                0x00000180                CAN_Transmit_To_ESC
 .text.CAN_Read_From_ECU
                0x000001d8       0xd0 .\CortexM3\ARM_GCC_541\Debug\can_comm.o
                0x000001d8                CAN_Read_From_ECU
 .text.ISR_CAN  0x000002a8       0x34 .\CortexM3\ARM_GCC_541\Debug\can_comm.o
                0x000002a8                ISR_CAN
 .text          0x000002dc        0x0 .\CortexM3\ARM_GCC_541\Debug\hybrid_mode.o
 .text.TPS_to_Duty_Cycle_Percentage
                0x000002dc       0x3c .\CortexM3\ARM_GCC_541\Debug\hybrid_mode.o
                0x000002dc                TPS_to_Duty_Cycle_Percentage
 .text.Map_Duty_Cycle
                0x00000318       0x2c .\CortexM3\ARM_GCC_541\Debug\hybrid_mode.o
                0x00000318                Map_Duty_Cycle
 .text.Emergency_Stop
                0x00000344       0x1c .\CortexM3\ARM_GCC_541\Debug\hybrid_mode.o
                0x00000344                Emergency_Stop
 .text.Set_Strategy
                0x00000360       0xc8 .\CortexM3\ARM_GCC_541\Debug\hybrid_mode.o
                0x00000360                Set_Strategy
 .text.Set_Strategy_Freewheel
                0x00000428       0x1c .\CortexM3\ARM_GCC_541\Debug\hybrid_mode.o
                0x00000428                Set_Strategy_Freewheel
 .text.Set_Strategy_Manual
                0x00000444        0xc .\CortexM3\ARM_GCC_541\Debug\hybrid_mode.o
                0x00000444                Set_Strategy_Manual
 .text.Set_Strategy_Launch_Assist
                0x00000450       0x58 .\CortexM3\ARM_GCC_541\Debug\hybrid_mode.o
                0x00000450                Set_Strategy_Launch_Assist
 .text.Set_Strategy_Auto_No_Regen
                0x000004a8       0x3c .\CortexM3\ARM_GCC_541\Debug\hybrid_mode.o
                0x000004a8                Set_Strategy_Auto_No_Regen
 .text.Set_Strategy_Auto_Brake_Regen
                0x000004e4       0x44 .\CortexM3\ARM_GCC_541\Debug\hybrid_mode.o
                0x000004e4                Set_Strategy_Auto_Brake_Regen
 .text.Set_Strategy_Auto_Always_Regen
                0x00000528       0x64 .\CortexM3\ARM_GCC_541\Debug\hybrid_mode.o
                0x00000528                Set_Strategy_Auto_Always_Regen
 .text          0x0000058c        0x0 .\CortexM3\ARM_GCC_541\Debug\user_input.o
 .text.Read_Rotary_Switch
                0x0000058c       0x64 .\CortexM3\ARM_GCC_541\Debug\user_input.o
                0x0000058c                Read_Rotary_Switch
 .text.Read_Boost_Button
                0x000005f0       0x24 .\CortexM3\ARM_GCC_541\Debug\user_input.o
                0x000005f0                Read_Boost_Button
 .text          0x00000614        0x0 .\CortexM3\ARM_GCC_541\Debug\cyfitter_cfg.o
 .text.CYMEMZERO
                0x00000614       0x1c .\CortexM3\ARM_GCC_541\Debug\cyfitter_cfg.o
 .text.CYCONFIGCPY
                0x00000630       0x20 .\CortexM3\ARM_GCC_541\Debug\cyfitter_cfg.o
 .text.CYCONFIGCPYCODE
                0x00000650       0x20 .\CortexM3\ARM_GCC_541\Debug\cyfitter_cfg.o
 .text.CyClockStartupError
                0x00000670        0xc .\CortexM3\ARM_GCC_541\Debug\cyfitter_cfg.o
 .text.cfg_write_bytes32
                0x0000067c       0x74 .\CortexM3\ARM_GCC_541\Debug\cyfitter_cfg.o
 .text.ClockSetup
                0x000006f0       0xd8 .\CortexM3\ARM_GCC_541\Debug\cyfitter_cfg.o
 .text.AnalogSetDefault
                0x000007c8       0x44 .\CortexM3\ARM_GCC_541\Debug\cyfitter_cfg.o
 .text.SetAnalogRoutingPumps
                0x0000080c       0x28 .\CortexM3\ARM_GCC_541\Debug\cyfitter_cfg.o
                0x0000080c                SetAnalogRoutingPumps
 .text.cyfitter_cfg
                0x00000834      0x110 .\CortexM3\ARM_GCC_541\Debug\cyfitter_cfg.o
                0x00000834                cyfitter_cfg
 .text          0x00000944        0x0 .\CortexM3\ARM_GCC_541\Debug\cymetadata.o
 .text          0x00000944        0x0 .\CortexM3\ARM_GCC_541\Debug\Cm3Start.o
 .text.IntDefaultHandler
                0x00000944       0x14 .\CortexM3\ARM_GCC_541\Debug\Cm3Start.o
                0x00000944                IntDefaultHandler
 .text._exit    0x00000958       0x14 .\CortexM3\ARM_GCC_541\Debug\Cm3Start.o
                0x00000958                _exit
 .text._sbrk    0x0000096c       0x50 .\CortexM3\ARM_GCC_541\Debug\Cm3Start.o
                0x0000096c                _sbrk
 .text.Start_c  0x000009bc       0x98 .\CortexM3\ARM_GCC_541\Debug\Cm3Start.o
                0x000009bc                Start_c
 .text.initialize_psoc
                0x00000a54       0x90 .\CortexM3\ARM_GCC_541\Debug\Cm3Start.o
                0x00000a54                initialize_psoc
 .text          0x00000ae4        0x0 .\CortexM3\ARM_GCC_541\Debug\HCM_UPBDrive.a(CAN.o)
 .text.CAN_RxTxBuffersConfig
                0x00000ae4       0x80 .\CortexM3\ARM_GCC_541\Debug\HCM_UPBDrive.a(CAN.o)
                0x00000ae4                CAN_RxTxBuffersConfig
 .text.CAN_Init
                0x00000b64      0x128 .\CortexM3\ARM_GCC_541\Debug\HCM_UPBDrive.a(CAN.o)
                0x00000b64                CAN_Init
 .text.CAN_Enable
                0x00000c8c       0xa4 .\CortexM3\ARM_GCC_541\Debug\HCM_UPBDrive.a(CAN.o)
                0x00000c8c                CAN_Enable
 .text.CAN_Start
                0x00000d30       0x3c .\CortexM3\ARM_GCC_541\Debug\HCM_UPBDrive.a(CAN.o)
                0x00000d30                CAN_Start
 .text.CAN_Stop
                0x00000d6c       0x94 .\CortexM3\ARM_GCC_541\Debug\HCM_UPBDrive.a(CAN.o)
                0x00000d6c                CAN_Stop
 .text.CAN_GlobalIntEnable
                0x00000e00       0x3c .\CortexM3\ARM_GCC_541\Debug\HCM_UPBDrive.a(CAN.o)
                0x00000e00                CAN_GlobalIntEnable
 .text.CAN_GlobalIntDisable
                0x00000e3c       0x3c .\CortexM3\ARM_GCC_541\Debug\HCM_UPBDrive.a(CAN.o)
                0x00000e3c                CAN_GlobalIntDisable
 .text.CAN_SetPreScaler
                0x00000e78       0x40 .\CortexM3\ARM_GCC_541\Debug\HCM_UPBDrive.a(CAN.o)
                0x00000e78                CAN_SetPreScaler
 .text.CAN_SetArbiter
                0x00000eb8       0x6c .\CortexM3\ARM_GCC_541\Debug\HCM_UPBDrive.a(CAN.o)
                0x00000eb8                CAN_SetArbiter
 .text.CAN_SetTsegSample
                0x00000f24       0xd4 .\CortexM3\ARM_GCC_541\Debug\HCM_UPBDrive.a(CAN.o)
                0x00000f24                CAN_SetTsegSample
 .text.CAN_SetRestartType
                0x00000ff8       0x6c .\CortexM3\ARM_GCC_541\Debug\HCM_UPBDrive.a(CAN.o)
                0x00000ff8                CAN_SetRestartType
 .text.CAN_SetEdgeMode
                0x00001064       0x6c .\CortexM3\ARM_GCC_541\Debug\HCM_UPBDrive.a(CAN.o)
                0x00001064                CAN_SetEdgeMode
 .text.CAN_SetOpMode
                0x000010d0       0xc8 .\CortexM3\ARM_GCC_541\Debug\HCM_UPBDrive.a(CAN.o)
                0x000010d0                CAN_SetOpMode
 .text.CAN_RXRegisterInit
                0x00001198       0xa0 .\CortexM3\ARM_GCC_541\Debug\HCM_UPBDrive.a(CAN.o)
                0x00001198                CAN_RXRegisterInit
 .text.CAN_SetIrqMask
                0x00001238       0x34 .\CortexM3\ARM_GCC_541\Debug\HCM_UPBDrive.a(CAN.o)
                0x00001238                CAN_SetIrqMask
 .text.CAN_GetTXErrorFlag
                0x0000126c       0x24 .\CortexM3\ARM_GCC_541\Debug\HCM_UPBDrive.a(CAN.o)
                0x0000126c                CAN_GetTXErrorFlag
 .text.CAN_GetRXErrorFlag
                0x00001290       0x24 .\CortexM3\ARM_GCC_541\Debug\HCM_UPBDrive.a(CAN.o)
                0x00001290                CAN_GetRXErrorFlag
 .text.CAN_GetTXErrorCount
                0x000012b4       0x18 .\CortexM3\ARM_GCC_541\Debug\HCM_UPBDrive.a(CAN.o)
                0x000012b4                CAN_GetTXErrorCount
 .text.CAN_GetRXErrorCount
                0x000012cc       0x18 .\CortexM3\ARM_GCC_541\Debug\HCM_UPBDrive.a(CAN.o)
                0x000012cc                CAN_GetRXErrorCount
 .text.CAN_GetErrorState
                0x000012e4       0x1c .\CortexM3\ARM_GCC_541\Debug\HCM_UPBDrive.a(CAN.o)
                0x000012e4                CAN_GetErrorState
 .text.CAN_RxBufConfig
                0x00001300       0xec .\CortexM3\ARM_GCC_541\Debug\HCM_UPBDrive.a(CAN.o)
                0x00001300                CAN_RxBufConfig
 .text.CAN_TxBufConfig
                0x000013ec       0x88 .\CortexM3\ARM_GCC_541\Debug\HCM_UPBDrive.a(CAN.o)
                0x000013ec                CAN_TxBufConfig
 .text          0x00001474        0x0 .\CortexM3\ARM_GCC_541\Debug\HCM_UPBDrive.a(CAN_INT.o)
 .text.CAN_ISR  0x00001474        0xc .\CortexM3\ARM_GCC_541\Debug\HCM_UPBDrive.a(CAN_INT.o)
                0x00001474                CAN_ISR
 .text          0x00001480        0x0 .\CortexM3\ARM_GCC_541\Debug\HCM_UPBDrive.a(CAN_TX_RX_func.o)
 .text.CAN_SendMsg
                0x00001480      0x180 .\CortexM3\ARM_GCC_541\Debug\HCM_UPBDrive.a(CAN_TX_RX_func.o)
                0x00001480                CAN_SendMsg
 .text.CAN_TxCancel
                0x00001600       0x44 .\CortexM3\ARM_GCC_541\Debug\HCM_UPBDrive.a(CAN_TX_RX_func.o)
                0x00001600                CAN_TxCancel
 .text.CAN_SendMsgESC_control
                0x00001644       0x3c .\CortexM3\ARM_GCC_541\Debug\HCM_UPBDrive.a(CAN_TX_RX_func.o)
                0x00001644                CAN_SendMsgESC_control
 .text.CAN_ReceiveMsg
                0x00001680       0x48 .\CortexM3\ARM_GCC_541\Debug\HCM_UPBDrive.a(CAN_TX_RX_func.o)
                0x00001680                CAN_ReceiveMsg
 .text.CAN_ReceiveMsgECU_receive
                0x000016c8       0x20 .\CortexM3\ARM_GCC_541\Debug\HCM_UPBDrive.a(CAN_TX_RX_func.o)
                0x000016c8                CAN_ReceiveMsgECU_receive
 .text          0x000016e8        0x0 .\CortexM3\ARM_GCC_541\Debug\HCM_UPBDrive.a(Boost_Button.o)
 .text.Boost_Button_Write
                0x000016e8       0x38 .\CortexM3\ARM_GCC_541\Debug\HCM_UPBDrive.a(Boost_Button.o)
                0x000016e8                Boost_Button_Write
 .text.Boost_Button_SetDriveMode
                0x00001720       0x3c .\CortexM3\ARM_GCC_541\Debug\HCM_UPBDrive.a(Boost_Button.o)
                0x00001720                Boost_Button_SetDriveMode
 .text.Boost_Button_Read
                0x0000175c       0x1c .\CortexM3\ARM_GCC_541\Debug\HCM_UPBDrive.a(Boost_Button.o)
                0x0000175c                Boost_Button_Read
 .text.Boost_Button_ReadDataReg
                0x00001778       0x1c .\CortexM3\ARM_GCC_541\Debug\HCM_UPBDrive.a(Boost_Button.o)
                0x00001778                Boost_Button_ReadDataReg
 .text          0x00001794        0x0 .\CortexM3\ARM_GCC_541\Debug\HCM_UPBDrive.a(AIR_enable.o)
 .text.AIR_enable_Write
                0x00001794       0x34 .\CortexM3\ARM_GCC_541\Debug\HCM_UPBDrive.a(AIR_enable.o)
                0x00001794                AIR_enable_Write
 .text.AIR_enable_SetDriveMode
                0x000017c8       0x3c .\CortexM3\ARM_GCC_541\Debug\HCM_UPBDrive.a(AIR_enable.o)
                0x000017c8                AIR_enable_SetDriveMode
 .text.AIR_enable_Read
                0x00001804       0x20 .\CortexM3\ARM_GCC_541\Debug\HCM_UPBDrive.a(AIR_enable.o)
                0x00001804                AIR_enable_Read
 .text.AIR_enable_ReadDataReg
                0x00001824       0x20 .\CortexM3\ARM_GCC_541\Debug\HCM_UPBDrive.a(AIR_enable.o)
                0x00001824                AIR_enable_ReadDataReg
 .text          0x00001844        0x0 .\CortexM3\ARM_GCC_541\Debug\HCM_UPBDrive.a(CyLib.o)
 .text.CyPLL_OUT_Start
                0x00001844       0xb0 .\CortexM3\ARM_GCC_541\Debug\HCM_UPBDrive.a(CyLib.o)
                0x00001844                CyPLL_OUT_Start
 .text.CyPLL_OUT_Stop
                0x000018f4       0x20 .\CortexM3\ARM_GCC_541\Debug\HCM_UPBDrive.a(CyLib.o)
                0x000018f4                CyPLL_OUT_Stop
 .text.CyPLL_OUT_SetPQ
                0x00001914       0x94 .\CortexM3\ARM_GCC_541\Debug\HCM_UPBDrive.a(CyLib.o)
                0x00001914                CyPLL_OUT_SetPQ
 .text.CyPLL_OUT_SetSource
                0x000019a8       0x58 .\CortexM3\ARM_GCC_541\Debug\HCM_UPBDrive.a(CyLib.o)
                0x000019a8                CyPLL_OUT_SetSource
 .text.CyIMO_Start
                0x00001a00       0x94 .\CortexM3\ARM_GCC_541\Debug\HCM_UPBDrive.a(CyLib.o)
                0x00001a00                CyIMO_Start
 .text.CyIMO_Stop
                0x00001a94       0x34 .\CortexM3\ARM_GCC_541\Debug\HCM_UPBDrive.a(CyLib.o)
                0x00001a94                CyIMO_Stop
 .text.CyUSB_PowerOnCheck
                0x00001ac8       0x60 .\CortexM3\ARM_GCC_541\Debug\HCM_UPBDrive.a(CyLib.o)
 .text.CyIMO_SetTrimValue
                0x00001b28      0x108 .\CortexM3\ARM_GCC_541\Debug\HCM_UPBDrive.a(CyLib.o)
 .text.CyIMO_SetFreq
                0x00001c30      0x1b0 .\CortexM3\ARM_GCC_541\Debug\HCM_UPBDrive.a(CyLib.o)
                0x00001c30                CyIMO_SetFreq
 .text.CyIMO_SetSource
                0x00001de0       0x8c .\CortexM3\ARM_GCC_541\Debug\HCM_UPBDrive.a(CyLib.o)
                0x00001de0                CyIMO_SetSource
 .text.CyIMO_EnableDoubler
                0x00001e6c       0x20 .\CortexM3\ARM_GCC_541\Debug\HCM_UPBDrive.a(CyLib.o)
                0x00001e6c                CyIMO_EnableDoubler
 .text.CyIMO_DisableDoubler
                0x00001e8c       0x20 .\CortexM3\ARM_GCC_541\Debug\HCM_UPBDrive.a(CyLib.o)
                0x00001e8c                CyIMO_DisableDoubler
 .text.CyMasterClk_SetSource
                0x00001eac       0x34 .\CortexM3\ARM_GCC_541\Debug\HCM_UPBDrive.a(CyLib.o)
                0x00001eac                CyMasterClk_SetSource
 .text.CyMasterClk_SetDivider
                0x00001ee0       0x20 .\CortexM3\ARM_GCC_541\Debug\HCM_UPBDrive.a(CyLib.o)
                0x00001ee0                CyMasterClk_SetDivider
 .text.CyBusClk_Internal_SetDivider
                0x00001f00       0x78 .\CortexM3\ARM_GCC_541\Debug\HCM_UPBDrive.a(CyLib.o)
 .text.CyBusClk_SetDivider
                0x00001f78       0xb4 .\CortexM3\ARM_GCC_541\Debug\HCM_UPBDrive.a(CyLib.o)
                0x00001f78                CyBusClk_SetDivider
 .text.CyUsbClk_SetSource
                0x0000202c       0x34 .\CortexM3\ARM_GCC_541\Debug\HCM_UPBDrive.a(CyLib.o)
                0x0000202c                CyUsbClk_SetSource
 .text.CyILO_Start1K
                0x00002060       0x20 .\CortexM3\ARM_GCC_541\Debug\HCM_UPBDrive.a(CyLib.o)
                0x00002060                CyILO_Start1K
 .text.CyILO_Stop1K
                0x00002080       0x20 .\CortexM3\ARM_GCC_541\Debug\HCM_UPBDrive.a(CyLib.o)
                0x00002080                CyILO_Stop1K
 .text.CyILO_Start100K
                0x000020a0       0x20 .\CortexM3\ARM_GCC_541\Debug\HCM_UPBDrive.a(CyLib.o)
                0x000020a0                CyILO_Start100K
 .text.CyILO_Stop100K
                0x000020c0       0x20 .\CortexM3\ARM_GCC_541\Debug\HCM_UPBDrive.a(CyLib.o)
                0x000020c0                CyILO_Stop100K
 .text.CyILO_Enable33K
                0x000020e0       0x20 .\CortexM3\ARM_GCC_541\Debug\HCM_UPBDrive.a(CyLib.o)
                0x000020e0                CyILO_Enable33K
 .text.CyILO_Disable33K
                0x00002100       0x20 .\CortexM3\ARM_GCC_541\Debug\HCM_UPBDrive.a(CyLib.o)
                0x00002100                CyILO_Disable33K
 .text.CyILO_SetSource
                0x00002120       0x38 .\CortexM3\ARM_GCC_541\Debug\HCM_UPBDrive.a(CyLib.o)
                0x00002120                CyILO_SetSource
 .text.CyILO_SetPowerMode
                0x00002158       0x4c .\CortexM3\ARM_GCC_541\Debug\HCM_UPBDrive.a(CyLib.o)
                0x00002158                CyILO_SetPowerMode
 .text.CyXTAL_32KHZ_Start
                0x000021a4       0x88 .\CortexM3\ARM_GCC_541\Debug\HCM_UPBDrive.a(CyLib.o)
                0x000021a4                CyXTAL_32KHZ_Start
 .text.CyXTAL_32KHZ_Stop
                0x0000222c       0x50 .\CortexM3\ARM_GCC_541\Debug\HCM_UPBDrive.a(CyLib.o)
                0x0000222c                CyXTAL_32KHZ_Stop
 .text.CyXTAL_32KHZ_ReadStatus
                0x0000227c       0x1c .\CortexM3\ARM_GCC_541\Debug\HCM_UPBDrive.a(CyLib.o)
                0x0000227c                CyXTAL_32KHZ_ReadStatus
 .text.CyXTAL_32KHZ_SetPowerMode
                0x00002298       0xb4 .\CortexM3\ARM_GCC_541\Debug\HCM_UPBDrive.a(CyLib.o)
                0x00002298                CyXTAL_32KHZ_SetPowerMode
 .text.CyXTAL_Start
                0x0000234c       0xd0 .\CortexM3\ARM_GCC_541\Debug\HCM_UPBDrive.a(CyLib.o)
                0x0000234c                CyXTAL_Start
 .text.CyXTAL_Stop
                0x0000241c       0x20 .\CortexM3\ARM_GCC_541\Debug\HCM_UPBDrive.a(CyLib.o)
                0x0000241c                CyXTAL_Stop
 .text.CyXTAL_EnableErrStatus
                0x0000243c       0x20 .\CortexM3\ARM_GCC_541\Debug\HCM_UPBDrive.a(CyLib.o)
                0x0000243c                CyXTAL_EnableErrStatus
 .text.CyXTAL_DisableErrStatus
                0x0000245c       0x20 .\CortexM3\ARM_GCC_541\Debug\HCM_UPBDrive.a(CyLib.o)
                0x0000245c                CyXTAL_DisableErrStatus
 .text.CyXTAL_ReadStatus
                0x0000247c       0x24 .\CortexM3\ARM_GCC_541\Debug\HCM_UPBDrive.a(CyLib.o)
                0x0000247c                CyXTAL_ReadStatus
 .text.CyXTAL_EnableFaultRecovery
                0x000024a0       0x20 .\CortexM3\ARM_GCC_541\Debug\HCM_UPBDrive.a(CyLib.o)
                0x000024a0                CyXTAL_EnableFaultRecovery
 .text.CyXTAL_DisableFaultRecovery
                0x000024c0       0x20 .\CortexM3\ARM_GCC_541\Debug\HCM_UPBDrive.a(CyLib.o)
                0x000024c0                CyXTAL_DisableFaultRecovery
 .text.CyXTAL_SetStartup
                0x000024e0       0x34 .\CortexM3\ARM_GCC_541\Debug\HCM_UPBDrive.a(CyLib.o)
                0x000024e0                CyXTAL_SetStartup
 .text.CyXTAL_SetFbVoltage
                0x00002514       0x34 .\CortexM3\ARM_GCC_541\Debug\HCM_UPBDrive.a(CyLib.o)
                0x00002514                CyXTAL_SetFbVoltage
 .text.CyXTAL_SetWdVoltage
                0x00002548       0x38 .\CortexM3\ARM_GCC_541\Debug\HCM_UPBDrive.a(CyLib.o)
                0x00002548                CyXTAL_SetWdVoltage
 .text.CyHalt   0x00002580       0x18 .\CortexM3\ARM_GCC_541\Debug\HCM_UPBDrive.a(CyLib.o)
                0x00002580                CyHalt
 .text.CySoftwareReset
                0x00002598       0x20 .\CortexM3\ARM_GCC_541\Debug\HCM_UPBDrive.a(CyLib.o)
                0x00002598                CySoftwareReset
 .text.CyDelay  0x000025b8       0x44 .\CortexM3\ARM_GCC_541\Debug\HCM_UPBDrive.a(CyLib.o)
                0x000025b8                CyDelay
 .text.CyDelayUs
                0x000025fc       0x28 .\CortexM3\ARM_GCC_541\Debug\HCM_UPBDrive.a(CyLib.o)
                0x000025fc                CyDelayUs
 .text.CyDelayFreq
                0x00002624       0x7c .\CortexM3\ARM_GCC_541\Debug\HCM_UPBDrive.a(CyLib.o)
                0x00002624                CyDelayFreq
 .text.CyWdtStart
                0x000026a0       0x8c .\CortexM3\ARM_GCC_541\Debug\HCM_UPBDrive.a(CyLib.o)
                0x000026a0                CyWdtStart
 .text.CyWdtClear
                0x0000272c       0x18 .\CortexM3\ARM_GCC_541\Debug\HCM_UPBDrive.a(CyLib.o)
                0x0000272c                CyWdtClear
 .text.CyVdLvDigitEnable
                0x00002744       0xcc .\CortexM3\ARM_GCC_541\Debug\HCM_UPBDrive.a(CyLib.o)
                0x00002744                CyVdLvDigitEnable
 .text.CyVdLvAnalogEnable
                0x00002810       0xcc .\CortexM3\ARM_GCC_541\Debug\HCM_UPBDrive.a(CyLib.o)
                0x00002810                CyVdLvAnalogEnable
 .text.CyVdLvDigitDisable
                0x000028dc       0x48 .\CortexM3\ARM_GCC_541\Debug\HCM_UPBDrive.a(CyLib.o)
                0x000028dc                CyVdLvDigitDisable
 .text.CyVdLvAnalogDisable
                0x00002924       0x44 .\CortexM3\ARM_GCC_541\Debug\HCM_UPBDrive.a(CyLib.o)
                0x00002924                CyVdLvAnalogDisable
 .text.CyVdHvAnalogEnable
                0x00002968       0x7c .\CortexM3\ARM_GCC_541\Debug\HCM_UPBDrive.a(CyLib.o)
                0x00002968                CyVdHvAnalogEnable
 .text.CyVdHvAnalogDisable
                0x000029e4       0x30 .\CortexM3\ARM_GCC_541\Debug\HCM_UPBDrive.a(CyLib.o)
                0x000029e4                CyVdHvAnalogDisable
 .text.CyVdStickyStatus
                0x00002a14       0x5c .\CortexM3\ARM_GCC_541\Debug\HCM_UPBDrive.a(CyLib.o)
                0x00002a14                CyVdStickyStatus
 .text.CyVdRealTimeStatus
                0x00002a70       0x30 .\CortexM3\ARM_GCC_541\Debug\HCM_UPBDrive.a(CyLib.o)
                0x00002a70                CyVdRealTimeStatus
 .text.CyDisableInts
                0x00002aa0       0x34 .\CortexM3\ARM_GCC_541\Debug\HCM_UPBDrive.a(CyLib.o)
                0x00002aa0                CyDisableInts
 .text.CyEnableInts
                0x00002ad4       0x2c .\CortexM3\ARM_GCC_541\Debug\HCM_UPBDrive.a(CyLib.o)
                0x00002ad4                CyEnableInts
 .text.CyFlushCache
                0x00002b00       0x5c .\CortexM3\ARM_GCC_541\Debug\HCM_UPBDrive.a(CyLib.o)
                0x00002b00                CyFlushCache
 .text.CyIntSetSysVector
                0x00002b5c       0x4c .\CortexM3\ARM_GCC_541\Debug\HCM_UPBDrive.a(CyLib.o)
                0x00002b5c                CyIntSetSysVector
 .text.CyIntGetSysVector
                0x00002ba8       0x38 .\CortexM3\ARM_GCC_541\Debug\HCM_UPBDrive.a(CyLib.o)
                0x00002ba8                CyIntGetSysVector
 .text.CyIntSetVector
                0x00002be0       0x50 .\CortexM3\ARM_GCC_541\Debug\HCM_UPBDrive.a(CyLib.o)
                0x00002be0                CyIntSetVector
 .text.CyIntGetVector
                0x00002c30       0x38 .\CortexM3\ARM_GCC_541\Debug\HCM_UPBDrive.a(CyLib.o)
                0x00002c30                CyIntGetVector
 .text.CyIntSetPriority
                0x00002c68       0x48 .\CortexM3\ARM_GCC_541\Debug\HCM_UPBDrive.a(CyLib.o)
                0x00002c68                CyIntSetPriority
 .text.CyIntGetPriority
                0x00002cb0       0x38 .\CortexM3\ARM_GCC_541\Debug\HCM_UPBDrive.a(CyLib.o)
                0x00002cb0                CyIntGetPriority
 .text.CyIntGetState
                0x00002ce8       0x44 .\CortexM3\ARM_GCC_541\Debug\HCM_UPBDrive.a(CyLib.o)
                0x00002ce8                CyIntGetState
 .text.CySysTickStart
                0x00002d2c       0x24 .\CortexM3\ARM_GCC_541\Debug\HCM_UPBDrive.a(CyLib.o)
                0x00002d2c                CySysTickStart
 .text.CySysTickInit
                0x00002d50       0x6c .\CortexM3\ARM_GCC_541\Debug\HCM_UPBDrive.a(CyLib.o)
                0x00002d50                CySysTickInit
 .text.CySysTickEnable
                0x00002dbc       0x1c .\CortexM3\ARM_GCC_541\Debug\HCM_UPBDrive.a(CyLib.o)
                0x00002dbc                CySysTickEnable
 .text.CySysTickStop
                0x00002dd8       0x1c .\CortexM3\ARM_GCC_541\Debug\HCM_UPBDrive.a(CyLib.o)
                0x00002dd8                CySysTickStop
 .text.CySysTickEnableInterrupt
                0x00002df4       0x1c .\CortexM3\ARM_GCC_541\Debug\HCM_UPBDrive.a(CyLib.o)
                0x00002df4                CySysTickEnableInterrupt
 .text.CySysTickDisableInterrupt
                0x00002e10       0x1c .\CortexM3\ARM_GCC_541\Debug\HCM_UPBDrive.a(CyLib.o)
                0x00002e10                CySysTickDisableInterrupt
 .text.CySysTickSetReload
                0x00002e2c       0x20 .\CortexM3\ARM_GCC_541\Debug\HCM_UPBDrive.a(CyLib.o)
                0x00002e2c                CySysTickSetReload
 .text.CySysTickGetReload
                0x00002e4c       0x18 .\CortexM3\ARM_GCC_541\Debug\HCM_UPBDrive.a(CyLib.o)
                0x00002e4c                CySysTickGetReload
 .text.CySysTickGetValue
                0x00002e64       0x18 .\CortexM3\ARM_GCC_541\Debug\HCM_UPBDrive.a(CyLib.o)
                0x00002e64                CySysTickGetValue
 .text.CySysTickSetClockSource
                0x00002e7c       0x38 .\CortexM3\ARM_GCC_541\Debug\HCM_UPBDrive.a(CyLib.o)
                0x00002e7c                CySysTickSetClockSource
 .text.CySysTickGetClockSource
                0x00002eb4       0x1c .\CortexM3\ARM_GCC_541\Debug\HCM_UPBDrive.a(CyLib.o)
                0x00002eb4                CySysTickGetClockSource
 .text.CySysTickGetCountFlag
                0x00002ed0       0x1c .\CortexM3\ARM_GCC_541\Debug\HCM_UPBDrive.a(CyLib.o)
                0x00002ed0                CySysTickGetCountFlag
 .text.CySysTickClear
                0x00002eec       0x18 .\CortexM3\ARM_GCC_541\Debug\HCM_UPBDrive.a(CyLib.o)
                0x00002eec                CySysTickClear
 .text.CySysTickSetCallback
                0x00002f04       0x30 .\CortexM3\ARM_GCC_541\Debug\HCM_UPBDrive.a(CyLib.o)
                0x00002f04                CySysTickSetCallback
 .text.CySysTickGetCallback
                0x00002f34       0x20 .\CortexM3\ARM_GCC_541\Debug\HCM_UPBDrive.a(CyLib.o)
                0x00002f34                CySysTickGetCallback
 .text.CySysTickServiceCallbacks
                0x00002f54       0x44 .\CortexM3\ARM_GCC_541\Debug\HCM_UPBDrive.a(CyLib.o)
 .text.CyGetUniqueId
                0x00002f98       0xc4 .\CortexM3\ARM_GCC_541\Debug\HCM_UPBDrive.a(CyLib.o)
                0x00002f98                CyGetUniqueId
 .text          0x0000305c        0x0 .\CortexM3\ARM_GCC_541\Debug\HCM_UPBDrive.a(cyPm.o)
 .text.CyPmSaveClocks
                0x0000305c      0x288 .\CortexM3\ARM_GCC_541\Debug\HCM_UPBDrive.a(cyPm.o)
                0x0000305c                CyPmSaveClocks
 .text.CyPmRestoreClocks
                0x000032e4      0x2f0 .\CortexM3\ARM_GCC_541\Debug\HCM_UPBDrive.a(cyPm.o)
                0x000032e4                CyPmRestoreClocks
 .text.CyPmAltAct
                0x000035d4       0xbc .\CortexM3\ARM_GCC_541\Debug\HCM_UPBDrive.a(cyPm.o)
                0x000035d4                CyPmAltAct
 .text.CyPmSleep
                0x00003690      0x170 .\CortexM3\ARM_GCC_541\Debug\HCM_UPBDrive.a(cyPm.o)
                0x00003690                CyPmSleep
 .text.CyPmHibernate
                0x00003800       0x10 .\CortexM3\ARM_GCC_541\Debug\HCM_UPBDrive.a(cyPm.o)
                0x00003800                CyPmHibernate
 .text.CyPmHibernateEx
                0x00003810      0x158 .\CortexM3\ARM_GCC_541\Debug\HCM_UPBDrive.a(cyPm.o)
                0x00003810                CyPmHibernateEx
 .text.CyPmReadStatus
                0x00003968       0x5c .\CortexM3\ARM_GCC_541\Debug\HCM_UPBDrive.a(cyPm.o)
                0x00003968                CyPmReadStatus
 .text.CyPmHibSaveSet
                0x000039c4       0xe8 .\CortexM3\ARM_GCC_541\Debug\HCM_UPBDrive.a(cyPm.o)
 .text.CyPmHibRestore
                0x00003aac       0x78 .\CortexM3\ARM_GCC_541\Debug\HCM_UPBDrive.a(cyPm.o)
 .text.CyPmCtwSetInterval
                0x00003b24       0x94 .\CortexM3\ARM_GCC_541\Debug\HCM_UPBDrive.a(cyPm.o)
                0x00003b24                CyPmCtwSetInterval
 .text.CyPmOppsSet
                0x00003bb8       0x44 .\CortexM3\ARM_GCC_541\Debug\HCM_UPBDrive.a(cyPm.o)
                0x00003bb8                CyPmOppsSet
 .text.CyPmFtwSetInterval
                0x00003bfc       0x94 .\CortexM3\ARM_GCC_541\Debug\HCM_UPBDrive.a(cyPm.o)
                0x00003bfc                CyPmFtwSetInterval
 .text.CyPmHibSlpSaveSet
                0x00003c90      0x280 .\CortexM3\ARM_GCC_541\Debug\HCM_UPBDrive.a(cyPm.o)
 .text.CyPmHibSlpRestore
                0x00003f10      0x18c .\CortexM3\ARM_GCC_541\Debug\HCM_UPBDrive.a(cyPm.o)
 .text.CyPmHviLviSaveDisable
                0x0000409c       0xd8 .\CortexM3\ARM_GCC_541\Debug\HCM_UPBDrive.a(cyPm.o)
 .text.CyPmHviLviRestore
                0x00004174       0x58 .\CortexM3\ARM_GCC_541\Debug\HCM_UPBDrive.a(cyPm.o)
 .text          0x000041cc        0x0 .\CortexM3\ARM_GCC_541\Debug\HCM_UPBDrive.a(Selector_In_1.o)
 .text.Selector_In_1_Write
                0x000041cc       0x3c .\CortexM3\ARM_GCC_541\Debug\HCM_UPBDrive.a(Selector_In_1.o)
                0x000041cc                Selector_In_1_Write
 .text.Selector_In_1_SetDriveMode
                0x00004208       0x3c .\CortexM3\ARM_GCC_541\Debug\HCM_UPBDrive.a(Selector_In_1.o)
                0x00004208                Selector_In_1_SetDriveMode
 .text.Selector_In_1_Read
                0x00004244       0x20 .\CortexM3\ARM_GCC_541\Debug\HCM_UPBDrive.a(Selector_In_1.o)
                0x00004244                Selector_In_1_Read
 .text.Selector_In_1_ReadDataReg
                0x00004264       0x20 .\CortexM3\ARM_GCC_541\Debug\HCM_UPBDrive.a(Selector_In_1.o)
                0x00004264                Selector_In_1_ReadDataReg
 .text          0x00004284        0x0 .\CortexM3\ARM_GCC_541\Debug\HCM_UPBDrive.a(Selector_In_2.o)
 .text.Selector_In_2_Write
                0x00004284       0x3c .\CortexM3\ARM_GCC_541\Debug\HCM_UPBDrive.a(Selector_In_2.o)
                0x00004284                Selector_In_2_Write
 .text.Selector_In_2_SetDriveMode
                0x000042c0       0x3c .\CortexM3\ARM_GCC_541\Debug\HCM_UPBDrive.a(Selector_In_2.o)
                0x000042c0                Selector_In_2_SetDriveMode
 .text.Selector_In_2_Read
                0x000042fc       0x20 .\CortexM3\ARM_GCC_541\Debug\HCM_UPBDrive.a(Selector_In_2.o)
                0x000042fc                Selector_In_2_Read
 .text.Selector_In_2_ReadDataReg
                0x0000431c       0x20 .\CortexM3\ARM_GCC_541\Debug\HCM_UPBDrive.a(Selector_In_2.o)
                0x0000431c                Selector_In_2_ReadDataReg
 .text          0x0000433c        0x0 .\CortexM3\ARM_GCC_541\Debug\HCM_UPBDrive.a(Selector_In_5.o)
 .text.Selector_In_5_Write
                0x0000433c       0x3c .\CortexM3\ARM_GCC_541\Debug\HCM_UPBDrive.a(Selector_In_5.o)
                0x0000433c                Selector_In_5_Write
 .text.Selector_In_5_SetDriveMode
                0x00004378       0x3c .\CortexM3\ARM_GCC_541\Debug\HCM_UPBDrive.a(Selector_In_5.o)
                0x00004378                Selector_In_5_SetDriveMode
 .text.Selector_In_5_Read
                0x000043b4       0x20 .\CortexM3\ARM_GCC_541\Debug\HCM_UPBDrive.a(Selector_In_5.o)
                0x000043b4                Selector_In_5_Read
 .text.Selector_In_5_ReadDataReg
                0x000043d4       0x20 .\CortexM3\ARM_GCC_541\Debug\HCM_UPBDrive.a(Selector_In_5.o)
                0x000043d4                Selector_In_5_ReadDataReg
 .text          0x000043f4        0x0 .\CortexM3\ARM_GCC_541\Debug\HCM_UPBDrive.a(Selector_In_4.o)
 .text.Selector_In_4_Write
                0x000043f4       0x3c .\CortexM3\ARM_GCC_541\Debug\HCM_UPBDrive.a(Selector_In_4.o)
                0x000043f4                Selector_In_4_Write
 .text.Selector_In_4_SetDriveMode
                0x00004430       0x3c .\CortexM3\ARM_GCC_541\Debug\HCM_UPBDrive.a(Selector_In_4.o)
                0x00004430                Selector_In_4_SetDriveMode
 .text.Selector_In_4_Read
                0x0000446c       0x20 .\CortexM3\ARM_GCC_541\Debug\HCM_UPBDrive.a(Selector_In_4.o)
                0x0000446c                Selector_In_4_Read
 .text.Selector_In_4_ReadDataReg
                0x0000448c       0x20 .\CortexM3\ARM_GCC_541\Debug\HCM_UPBDrive.a(Selector_In_4.o)
                0x0000448c                Selector_In_4_ReadDataReg
 .text          0x000044ac        0x0 .\CortexM3\ARM_GCC_541\Debug\HCM_UPBDrive.a(Selector_In_3.o)
 .text.Selector_In_3_Write
                0x000044ac       0x3c .\CortexM3\ARM_GCC_541\Debug\HCM_UPBDrive.a(Selector_In_3.o)
                0x000044ac                Selector_In_3_Write
 .text.Selector_In_3_SetDriveMode
                0x000044e8       0x3c .\CortexM3\ARM_GCC_541\Debug\HCM_UPBDrive.a(Selector_In_3.o)
                0x000044e8                Selector_In_3_SetDriveMode
 .text.Selector_In_3_Read
                0x00004524       0x20 .\CortexM3\ARM_GCC_541\Debug\HCM_UPBDrive.a(Selector_In_3.o)
                0x00004524                Selector_In_3_Read
 .text.Selector_In_3_ReadDataReg
                0x00004544       0x20 .\CortexM3\ARM_GCC_541\Debug\HCM_UPBDrive.a(Selector_In_3.o)
                0x00004544                Selector_In_3_ReadDataReg
 *fill*         0x00004564        0x4 
 .text          0x00004568       0x20 .\CortexM3\ARM_GCC_541\Debug\HCM_UPBDrive.a(CyBootAsmGnu.o)
                0x00004568                CyDelayCycles
                0x00004578                CyEnterCriticalSection
                0x00004580                CyExitCriticalSection
 .text          0x00004588        0x0 .\CortexM3\ARM_GCC_541\Debug\HCM_UPBDrive.a(CyFlash.o)
 .text.CyFlash_Start
                0x00004588       0x8c .\CortexM3\ARM_GCC_541\Debug\HCM_UPBDrive.a(CyFlash.o)
                0x00004588                CyFlash_Start
 .text.CyFlash_Stop
                0x00004614       0x48 .\CortexM3\ARM_GCC_541\Debug\HCM_UPBDrive.a(CyFlash.o)
                0x00004614                CyFlash_Stop
 .text.CySetTempInt
                0x0000465c       0x7c .\CortexM3\ARM_GCC_541\Debug\HCM_UPBDrive.a(CyFlash.o)
 .text.CyFlashGetSpcAlgorithm
                0x000046d8       0x70 .\CortexM3\ARM_GCC_541\Debug\HCM_UPBDrive.a(CyFlash.o)
 .text.CySetTemp
                0x00004748       0x24 .\CortexM3\ARM_GCC_541\Debug\HCM_UPBDrive.a(CyFlash.o)
                0x00004748                CySetTemp
 .text.CySetFlashEEBuffer
                0x0000476c       0x54 .\CortexM3\ARM_GCC_541\Debug\HCM_UPBDrive.a(CyFlash.o)
                0x0000476c                CySetFlashEEBuffer
 .text.CyWriteRowData
                0x000047c0       0x38 .\CortexM3\ARM_GCC_541\Debug\HCM_UPBDrive.a(CyFlash.o)
                0x000047c0                CyWriteRowData
 .text.CyWriteRowFull
                0x000047f8      0x154 .\CortexM3\ARM_GCC_541\Debug\HCM_UPBDrive.a(CyFlash.o)
                0x000047f8                CyWriteRowFull
 .text.CyFlash_SetWaitCycles
                0x0000494c       0xbc .\CortexM3\ARM_GCC_541\Debug\HCM_UPBDrive.a(CyFlash.o)
                0x0000494c                CyFlash_SetWaitCycles
 .text.CyEEPROM_Start
                0x00004a08       0x8c .\CortexM3\ARM_GCC_541\Debug\HCM_UPBDrive.a(CyFlash.o)
                0x00004a08                CyEEPROM_Start
 .text.CyEEPROM_Stop
                0x00004a94       0x48 .\CortexM3\ARM_GCC_541\Debug\HCM_UPBDrive.a(CyFlash.o)
                0x00004a94                CyEEPROM_Stop
 .text.CyEEPROM_ReadReserve
                0x00004adc       0x30 .\CortexM3\ARM_GCC_541\Debug\HCM_UPBDrive.a(CyFlash.o)
                0x00004adc                CyEEPROM_ReadReserve
 .text.CyEEPROM_ReadRelease
                0x00004b0c       0x20 .\CortexM3\ARM_GCC_541\Debug\HCM_UPBDrive.a(CyFlash.o)
                0x00004b0c                CyEEPROM_ReadRelease
 .text          0x00004b2c        0x0 .\CortexM3\ARM_GCC_541\Debug\HCM_UPBDrive.a(CySpc.o)
 .text.CySpcStart
                0x00004b2c       0x48 .\CortexM3\ARM_GCC_541\Debug\HCM_UPBDrive.a(CySpc.o)
                0x00004b2c                CySpcStart
 .text.CySpcStop
                0x00004b74       0x48 .\CortexM3\ARM_GCC_541\Debug\HCM_UPBDrive.a(CySpc.o)
                0x00004b74                CySpcStop
 .text.CySpcReadData
                0x00004bbc       0x54 .\CortexM3\ARM_GCC_541\Debug\HCM_UPBDrive.a(CySpc.o)
                0x00004bbc                CySpcReadData
 .text.CySpcLoadMultiByte
                0x00004c10       0xd0 .\CortexM3\ARM_GCC_541\Debug\HCM_UPBDrive.a(CySpc.o)
                0x00004c10                CySpcLoadMultiByte
 .text.CySpcLoadRow
                0x00004ce0       0x88 .\CortexM3\ARM_GCC_541\Debug\HCM_UPBDrive.a(CySpc.o)
                0x00004ce0                CySpcLoadRow
 .text.CySpcLoadRowFull
                0x00004d68       0xcc .\CortexM3\ARM_GCC_541\Debug\HCM_UPBDrive.a(CySpc.o)
                0x00004d68                CySpcLoadRowFull
 .text.CySpcWriteRow
                0x00004e34       0x98 .\CortexM3\ARM_GCC_541\Debug\HCM_UPBDrive.a(CySpc.o)
                0x00004e34                CySpcWriteRow
 .text.CySpcEraseSector
                0x00004ecc       0x70 .\CortexM3\ARM_GCC_541\Debug\HCM_UPBDrive.a(CySpc.o)
                0x00004ecc                CySpcEraseSector
 .text.CySpcGetTemp
                0x00004f3c       0x64 .\CortexM3\ARM_GCC_541\Debug\HCM_UPBDrive.a(CySpc.o)
                0x00004f3c                CySpcGetTemp
 .text.CySpcLock
                0x00004fa0       0x68 .\CortexM3\ARM_GCC_541\Debug\HCM_UPBDrive.a(CySpc.o)
                0x00004fa0                CySpcLock
 .text.CySpcUnlock
                0x00005008       0x50 .\CortexM3\ARM_GCC_541\Debug\HCM_UPBDrive.a(CySpc.o)
                0x00005008                CySpcUnlock
 .text.CySpcGetAlgorithm
                0x00005058       0x44 .\CortexM3\ARM_GCC_541\Debug\HCM_UPBDrive.a(CySpc.o)
                0x00005058                CySpcGetAlgorithm
 .text          0x0000509c        0x0 c:/program files (x86)/cypress/psoc creator/4.4/psoc creator/import/gnu/arm/5.4.1/bin/../lib/gcc/arm-none-eabi/5.4.1/../../../../arm-none-eabi/lib/armv7-m\libg_nano.a(lib_a-errno.o)
 .text.__errno  0x0000509c        0xc c:/program files (x86)/cypress/psoc creator/4.4/psoc creator/import/gnu/arm/5.4.1/bin/../lib/gcc/arm-none-eabi/5.4.1/../../../../arm-none-eabi/lib/armv7-m\libg_nano.a(lib_a-errno.o)
                0x0000509c                __errno
 .text          0x000050a8        0x0 c:/program files (x86)/cypress/psoc creator/4.4/psoc creator/import/gnu/arm/5.4.1/bin/../lib/gcc/arm-none-eabi/5.4.1/../../../../arm-none-eabi/lib/armv7-m\libg_nano.a(lib_a-exit.o)
 .text.exit     0x000050a8       0x28 c:/program files (x86)/cypress/psoc creator/4.4/psoc creator/import/gnu/arm/5.4.1/bin/../lib/gcc/arm-none-eabi/5.4.1/../../../../arm-none-eabi/lib/armv7-m\libg_nano.a(lib_a-exit.o)
                0x000050a8                exit
 .text          0x000050d0        0x0 c:/program files (x86)/cypress/psoc creator/4.4/psoc creator/import/gnu/arm/5.4.1/bin/../lib/gcc/arm-none-eabi/5.4.1/../../../../arm-none-eabi/lib/armv7-m\libg_nano.a(lib_a-impure.o)
 .text          0x000050d0        0x0 c:/program files (x86)/cypress/psoc creator/4.4/psoc creator/import/gnu/arm/5.4.1/bin/../lib/gcc/arm-none-eabi/5.4.1/../../../../arm-none-eabi/lib/armv7-m\libg_nano.a(lib_a-init.o)
 .text.__libc_init_array
                0x000050d0       0x4c c:/program files (x86)/cypress/psoc creator/4.4/psoc creator/import/gnu/arm/5.4.1/bin/../lib/gcc/arm-none-eabi/5.4.1/../../../../arm-none-eabi/lib/armv7-m\libg_nano.a(lib_a-init.o)
                0x000050d0                __libc_init_array
 .text          0x0000511c        0x0 c:/program files (x86)/cypress/psoc creator/4.4/psoc creator/import/gnu/arm/5.4.1/bin/../lib/gcc/arm-none-eabi/5.4.1/../../../../arm-none-eabi/lib/armv7-m\libg_nano.a(lib_a-memcpy-stub.o)
 .text.memcpy   0x0000511c       0x16 c:/program files (x86)/cypress/psoc creator/4.4/psoc creator/import/gnu/arm/5.4.1/bin/../lib/gcc/arm-none-eabi/5.4.1/../../../../arm-none-eabi/lib/armv7-m\libg_nano.a(lib_a-memcpy-stub.o)
                0x0000511c                memcpy
 .text          0x00005132        0x0 c:/program files (x86)/cypress/psoc creator/4.4/psoc creator/import/gnu/arm/5.4.1/bin/../lib/gcc/arm-none-eabi/5.4.1/../../../../arm-none-eabi/lib/armv7-m\libg_nano.a(lib_a-memset.o)
 .text.memset   0x00005132       0x10 c:/program files (x86)/cypress/psoc creator/4.4/psoc creator/import/gnu/arm/5.4.1/bin/../lib/gcc/arm-none-eabi/5.4.1/../../../../arm-none-eabi/lib/armv7-m\libg_nano.a(lib_a-memset.o)
                0x00005132                memset
 .text          0x00005142        0x0 c:/program files (x86)/cypress/psoc creator/4.4/psoc creator/import/gnu/arm/5.4.1/bin/../lib/gcc/arm-none-eabi/5.4.1/armv7-m/crtend.o
 .text          0x00005142        0x0 c:/program files (x86)/cypress/psoc creator/4.4/psoc creator/import/gnu/arm/5.4.1/bin/../lib/gcc/arm-none-eabi/5.4.1/armv7-m/crtn.o
 *(.plt)
 *(.gnu.warning)
 *(.glue_7t)
 .glue_7t       0x00005142        0x0 linker stubs
 *(.glue_7)
 .glue_7        0x00005142        0x0 linker stubs
 *(.vfp11_veneer)
 .vfp11_veneer  0x00005142        0x0 linker stubs
 *(.bootloader)
 *(.ARM.extab* .gnu.linkonce.armextab.*)
 .ARM.extab     0x00005142        0x0 c:/program files (x86)/cypress/psoc creator/4.4/psoc creator/import/gnu/arm/5.4.1/bin/../lib/gcc/arm-none-eabi/5.4.1/../../../../arm-none-eabi/lib/armv7-m/crt0.o
 *(.gcc_except_table)

.v4_bx          0x00005144        0x0
 .v4_bx         0x00005144        0x0 linker stubs

.iplt           0x00005144        0x0
 .iplt          0x00005144        0x0 c:/program files (x86)/cypress/psoc creator/4.4/psoc creator/import/gnu/arm/5.4.1/bin/../lib/gcc/arm-none-eabi/5.4.1/armv7-m/crtbegin.o

.eh_frame_hdr
 *(.eh_frame_hdr)

.eh_frame       0x00005144        0x4
 *(.eh_frame)
 .eh_frame      0x00005144        0x0 c:/program files (x86)/cypress/psoc creator/4.4/psoc creator/import/gnu/arm/5.4.1/bin/../lib/gcc/arm-none-eabi/5.4.1/armv7-m/crtbegin.o
 .eh_frame      0x00005144        0x4 c:/program files (x86)/cypress/psoc creator/4.4/psoc creator/import/gnu/arm/5.4.1/bin/../lib/gcc/arm-none-eabi/5.4.1/armv7-m/crtend.o
                [!provide]                PROVIDE (__exidx_start, .)

.ARM.exidx      0x00005148        0x8
 *(.ARM.exidx* .gnu.linkonce.armexidx.*)
 .ARM.exidx     0x00005148        0x8 c:/program files (x86)/cypress/psoc creator/4.4/psoc creator/import/gnu/arm/5.4.1/bin/../lib/gcc/arm-none-eabi/5.4.1/../../../../arm-none-eabi/lib/armv7-m/crt0.o
                0x00005150                __exidx_end = .

.rodata         0x00005150      0x1e8
 *(.rodata .rodata.* .gnu.linkonce.r.*)
 .rodata        0x00005150       0x36 .\CortexM3\ARM_GCC_541\Debug\cyfitter_cfg.o
 *fill*         0x00005186        0x2 
 .rodata        0x00005188      0x160 .\CortexM3\ARM_GCC_541\Debug\HCM_UPBDrive.a(CAN.o)
 .rodata        0x000052e8        0xf .\CortexM3\ARM_GCC_541\Debug\HCM_UPBDrive.a(cyPm.o)
 .rodata.str1.1
                0x000052f7        0x2 c:/program files (x86)/cypress/psoc creator/4.4/psoc creator/import/gnu/arm/5.4.1/bin/../lib/gcc/arm-none-eabi/5.4.1/../../../../arm-none-eabi/lib/armv7-m\libg_nano.a(lib_a-impure.o)
 *fill*         0x000052f9        0x3 
 .rodata._global_impure_ptr
                0x000052fc        0x4 c:/program files (x86)/cypress/psoc creator/4.4/psoc creator/import/gnu/arm/5.4.1/bin/../lib/gcc/arm-none-eabi/5.4.1/../../../../arm-none-eabi/lib/armv7-m\libg_nano.a(lib_a-impure.o)
                0x000052fc                _global_impure_ptr
                0x00005300                . = ALIGN (0x4)
 *(.init)
 .init          0x00005300        0x4 c:/program files (x86)/cypress/psoc creator/4.4/psoc creator/import/gnu/arm/5.4.1/bin/../lib/gcc/arm-none-eabi/5.4.1/armv7-m/crti.o
                0x00005300                _init
 .init          0x00005304        0x8 c:/program files (x86)/cypress/psoc creator/4.4/psoc creator/import/gnu/arm/5.4.1/bin/../lib/gcc/arm-none-eabi/5.4.1/armv7-m/crtn.o
                0x0000530c                . = ALIGN (0x4)
                0x0000530c                __preinit_array_start = .
 *(.preinit_array)
                0x0000530c                __preinit_array_end = .
                0x0000530c                . = ALIGN (0x4)
                0x0000530c                __init_array_start = .
 *(SORT(.init_array.*))
 *(.init_array)
 .init_array    0x0000530c        0x4 c:/program files (x86)/cypress/psoc creator/4.4/psoc creator/import/gnu/arm/5.4.1/bin/../lib/gcc/arm-none-eabi/5.4.1/armv7-m/crtbegin.o
 .init_array    0x00005310        0x4 .\CortexM3\ARM_GCC_541\Debug\Cm3Start.o
                0x00005314                __init_array_end = .
                0x00005314                . = ALIGN (0x4)
 *(.fini)
 .fini          0x00005314        0x4 c:/program files (x86)/cypress/psoc creator/4.4/psoc creator/import/gnu/arm/5.4.1/bin/../lib/gcc/arm-none-eabi/5.4.1/armv7-m/crti.o
                0x00005314                _fini
 .fini          0x00005318        0x8 c:/program files (x86)/cypress/psoc creator/4.4/psoc creator/import/gnu/arm/5.4.1/bin/../lib/gcc/arm-none-eabi/5.4.1/armv7-m/crtn.o
                0x00005320                . = ALIGN (0x4)
                0x00005320                __fini_array_start = .
 *(.fini_array)
 .fini_array    0x00005320        0x4 c:/program files (x86)/cypress/psoc creator/4.4/psoc creator/import/gnu/arm/5.4.1/bin/../lib/gcc/arm-none-eabi/5.4.1/armv7-m/crtbegin.o
 *(SORT(.fini_array.*))
                0x00005324                __fini_array_end = .
                0x00005324                . = ALIGN (0x4)
 *crtbegin.o(.ctors)
 *(EXCLUDE_FILE(*crtend.o) .ctors)
 *(SORT(.ctors.*))
 *crtend.o(.ctors)
                0x00005324                . = ALIGN (0x4)
 *crtbegin.o(.dtors)
 *(EXCLUDE_FILE(*crtend.o) .dtors)
 *(SORT(.dtors.*))
 *crtend.o(.dtors)
                0x00005324                . = ALIGN (0x4)
                0x00005324                __cy_regions = .
                0x00005324        0x4 LONG 0x5338 __cy_region_init_ram
                0x00005328        0x4 LONG 0x1fff80c8 __cy_region_start_data
                0x0000532c        0x4 LONG 0x80 __cy_region_init_size_ram
                0x00005330        0x4 LONG 0xa0 __cy_region_zero_size_ram
                0x00005334                __cy_regions_end = .
                0x00005338                . = ALIGN (0x8)
 *fill*         0x00005334        0x4 
                0x00005338                _etext = .

.cy_checksum_exclude
                0x00005338        0x0
 *(.cy_checksum_exclude)

.ramvectors     0x1fff8000       0xc0
                0x1fff8000                __cy_region_start_ram = .
 *(.ramvectors)
 .ramvectors    0x1fff8000       0xc0 .\CortexM3\ARM_GCC_541\Debug\Cm3Start.o
                0x1fff8000                CyRamVectors

.noinit         0x1fff80c0        0x5
 *(.noinit)
 .noinit        0x1fff80c0        0x4 .\CortexM3\ARM_GCC_541\Debug\Cm3Start.o
 .noinit        0x1fff80c4        0x1 .\CortexM3\ARM_GCC_541\Debug\HCM_UPBDrive.a(CyLib.o)
                0x1fff80c4                CyResetStatus

.data           0x1fff80c8       0x80 load address 0x00005338
                0x1fff80c8                __cy_region_start_data = .
 *(.jcr)
 .jcr           0x1fff80c8        0x0 c:/program files (x86)/cypress/psoc creator/4.4/psoc creator/import/gnu/arm/5.4.1/bin/../lib/gcc/arm-none-eabi/5.4.1/armv7-m/crtbegin.o
 .jcr           0x1fff80c8        0x4 c:/program files (x86)/cypress/psoc creator/4.4/psoc creator/import/gnu/arm/5.4.1/bin/../lib/gcc/arm-none-eabi/5.4.1/armv7-m/crtend.o
 *(.got.plt)
 *(.got)
 *(.shdata)
 *(.data .data.* .gnu.linkonce.d.*)
 .data          0x1fff80cc        0x0 c:/program files (x86)/cypress/psoc creator/4.4/psoc creator/import/gnu/arm/5.4.1/bin/../lib/gcc/arm-none-eabi/5.4.1/armv7-m/crti.o
 .data          0x1fff80cc        0x4 c:/program files (x86)/cypress/psoc creator/4.4/psoc creator/import/gnu/arm/5.4.1/bin/../lib/gcc/arm-none-eabi/5.4.1/armv7-m/crtbegin.o
                0x1fff80cc                __dso_handle
 .data          0x1fff80d0        0x0 c:/program files (x86)/cypress/psoc creator/4.4/psoc creator/import/gnu/arm/5.4.1/bin/../lib/gcc/arm-none-eabi/5.4.1/../../../../arm-none-eabi/lib/armv7-m/crt0.o
 .data          0x1fff80d0        0x0 .\CortexM3\ARM_GCC_541\Debug\main.o
 .data          0x1fff80d0        0x0 .\CortexM3\ARM_GCC_541\Debug\can_comm.o
 .data          0x1fff80d0        0x0 .\CortexM3\ARM_GCC_541\Debug\hybrid_mode.o
 .data          0x1fff80d0        0x0 .\CortexM3\ARM_GCC_541\Debug\user_input.o
 .data          0x1fff80d0        0x0 .\CortexM3\ARM_GCC_541\Debug\cyfitter_cfg.o
 .data          0x1fff80d0        0x0 .\CortexM3\ARM_GCC_541\Debug\cymetadata.o
 .data          0x1fff80d0        0x4 .\CortexM3\ARM_GCC_541\Debug\Cm3Start.o
 .data          0x1fff80d4        0x0 .\CortexM3\ARM_GCC_541\Debug\HCM_UPBDrive.a(CAN.o)
 .data          0x1fff80d4        0x0 .\CortexM3\ARM_GCC_541\Debug\HCM_UPBDrive.a(CAN_INT.o)
 .data          0x1fff80d4        0x0 .\CortexM3\ARM_GCC_541\Debug\HCM_UPBDrive.a(CAN_TX_RX_func.o)
 .data          0x1fff80d4        0x0 .\CortexM3\ARM_GCC_541\Debug\HCM_UPBDrive.a(Boost_Button.o)
 .data          0x1fff80d4        0x0 .\CortexM3\ARM_GCC_541\Debug\HCM_UPBDrive.a(AIR_enable.o)
 .data          0x1fff80d4       0x10 .\CortexM3\ARM_GCC_541\Debug\HCM_UPBDrive.a(CyLib.o)
                0x1fff80d4                cydelay_freq_hz
                0x1fff80d8                cydelay_freq_khz
                0x1fff80dc                cydelay_freq_mhz
                0x1fff80e0                cydelay_32k_ms
 .data          0x1fff80e4        0x0 .\CortexM3\ARM_GCC_541\Debug\HCM_UPBDrive.a(cyPm.o)
 .data          0x1fff80e4        0x0 .\CortexM3\ARM_GCC_541\Debug\HCM_UPBDrive.a(Selector_In_1.o)
 .data          0x1fff80e4        0x0 .\CortexM3\ARM_GCC_541\Debug\HCM_UPBDrive.a(Selector_In_2.o)
 .data          0x1fff80e4        0x0 .\CortexM3\ARM_GCC_541\Debug\HCM_UPBDrive.a(Selector_In_5.o)
 .data          0x1fff80e4        0x0 .\CortexM3\ARM_GCC_541\Debug\HCM_UPBDrive.a(Selector_In_4.o)
 .data          0x1fff80e4        0x0 .\CortexM3\ARM_GCC_541\Debug\HCM_UPBDrive.a(Selector_In_3.o)
 .data          0x1fff80e4        0x0 .\CortexM3\ARM_GCC_541\Debug\HCM_UPBDrive.a(CyBootAsmGnu.o)
 .data          0x1fff80e4        0x0 .\CortexM3\ARM_GCC_541\Debug\HCM_UPBDrive.a(CyFlash.o)
 .data          0x1fff80e4        0x0 .\CortexM3\ARM_GCC_541\Debug\HCM_UPBDrive.a(CySpc.o)
 .data          0x1fff80e4        0x0 c:/program files (x86)/cypress/psoc creator/4.4/psoc creator/import/gnu/arm/5.4.1/bin/../lib/gcc/arm-none-eabi/5.4.1/../../../../arm-none-eabi/lib/armv7-m\libg_nano.a(lib_a-errno.o)
 .data          0x1fff80e4        0x0 c:/program files (x86)/cypress/psoc creator/4.4/psoc creator/import/gnu/arm/5.4.1/bin/../lib/gcc/arm-none-eabi/5.4.1/../../../../arm-none-eabi/lib/armv7-m\libg_nano.a(lib_a-exit.o)
 .data          0x1fff80e4        0x0 c:/program files (x86)/cypress/psoc creator/4.4/psoc creator/import/gnu/arm/5.4.1/bin/../lib/gcc/arm-none-eabi/5.4.1/../../../../arm-none-eabi/lib/armv7-m\libg_nano.a(lib_a-impure.o)
 .data.impure_data
                0x1fff80e4       0x60 c:/program files (x86)/cypress/psoc creator/4.4/psoc creator/import/gnu/arm/5.4.1/bin/../lib/gcc/arm-none-eabi/5.4.1/../../../../arm-none-eabi/lib/armv7-m\libg_nano.a(lib_a-impure.o)
 .data._impure_ptr
                0x1fff8144        0x4 c:/program files (x86)/cypress/psoc creator/4.4/psoc creator/import/gnu/arm/5.4.1/bin/../lib/gcc/arm-none-eabi/5.4.1/../../../../arm-none-eabi/lib/armv7-m\libg_nano.a(lib_a-impure.o)
                0x1fff8144                _impure_ptr
 .data          0x1fff8148        0x0 c:/program files (x86)/cypress/psoc creator/4.4/psoc creator/import/gnu/arm/5.4.1/bin/../lib/gcc/arm-none-eabi/5.4.1/../../../../arm-none-eabi/lib/armv7-m\libg_nano.a(lib_a-init.o)
 .data          0x1fff8148        0x0 c:/program files (x86)/cypress/psoc creator/4.4/psoc creator/import/gnu/arm/5.4.1/bin/../lib/gcc/arm-none-eabi/5.4.1/../../../../arm-none-eabi/lib/armv7-m\libg_nano.a(lib_a-memcpy-stub.o)
 .data          0x1fff8148        0x0 c:/program files (x86)/cypress/psoc creator/4.4/psoc creator/import/gnu/arm/5.4.1/bin/../lib/gcc/arm-none-eabi/5.4.1/../../../../arm-none-eabi/lib/armv7-m\libg_nano.a(lib_a-memset.o)
 .data          0x1fff8148        0x0 c:/program files (x86)/cypress/psoc creator/4.4/psoc creator/import/gnu/arm/5.4.1/bin/../lib/gcc/arm-none-eabi/5.4.1/armv7-m/crtend.o
 .data          0x1fff8148        0x0 c:/program files (x86)/cypress/psoc creator/4.4/psoc creator/import/gnu/arm/5.4.1/bin/../lib/gcc/arm-none-eabi/5.4.1/armv7-m/crtn.o
                0x1fff8148                . = ALIGN (0x8)
 *(.ram)
                0x1fff8148                _edata = .

.igot.plt       0x1fff8148        0x0 load address 0x000053b8
 .igot.plt      0x1fff8148        0x0 c:/program files (x86)/cypress/psoc creator/4.4/psoc creator/import/gnu/arm/5.4.1/bin/../lib/gcc/arm-none-eabi/5.4.1/armv7-m/crtbegin.o

.bss            0x1fff8148       0xa0 load address 0x000053b8
                0x1fff8148                PROVIDE (__bss_start__, .)
 *(.shbss)
 *(.bss .bss.* .gnu.linkonce.b.*)
 .bss           0x1fff8148        0x0 c:/program files (x86)/cypress/psoc creator/4.4/psoc creator/import/gnu/arm/5.4.1/bin/../lib/gcc/arm-none-eabi/5.4.1/armv7-m/crti.o
 .bss           0x1fff8148       0x1c c:/program files (x86)/cypress/psoc creator/4.4/psoc creator/import/gnu/arm/5.4.1/bin/../lib/gcc/arm-none-eabi/5.4.1/armv7-m/crtbegin.o
 .bss           0x1fff8164        0x0 c:/program files (x86)/cypress/psoc creator/4.4/psoc creator/import/gnu/arm/5.4.1/bin/../lib/gcc/arm-none-eabi/5.4.1/../../../../arm-none-eabi/lib/armv7-m/crt0.o
 .bss           0x1fff8164        0x0 .\CortexM3\ARM_GCC_541\Debug\main.o
 .bss           0x1fff8164        0xc .\CortexM3\ARM_GCC_541\Debug\can_comm.o
                0x1fff8164                CANisrFlag
                0x1fff8168                car_state
 .bss           0x1fff8170        0x2 .\CortexM3\ARM_GCC_541\Debug\hybrid_mode.o
                0x1fff8170                hybrid_state
 .bss           0x1fff8172        0x0 .\CortexM3\ARM_GCC_541\Debug\user_input.o
 .bss           0x1fff8172        0x0 .\CortexM3\ARM_GCC_541\Debug\cyfitter_cfg.o
 .bss           0x1fff8172        0x0 .\CortexM3\ARM_GCC_541\Debug\cymetadata.o
 .bss           0x1fff8172        0x0 .\CortexM3\ARM_GCC_541\Debug\Cm3Start.o
 .bss           0x1fff8172        0x1 .\CortexM3\ARM_GCC_541\Debug\HCM_UPBDrive.a(CAN.o)
                0x1fff8172                CAN_initVar
 .bss           0x1fff8173        0x0 .\CortexM3\ARM_GCC_541\Debug\HCM_UPBDrive.a(CAN_INT.o)
 .bss           0x1fff8173        0x0 .\CortexM3\ARM_GCC_541\Debug\HCM_UPBDrive.a(CAN_TX_RX_func.o)
 .bss           0x1fff8173        0x0 .\CortexM3\ARM_GCC_541\Debug\HCM_UPBDrive.a(Boost_Button.o)
 .bss           0x1fff8173        0x0 .\CortexM3\ARM_GCC_541\Debug\HCM_UPBDrive.a(AIR_enable.o)
 *fill*         0x1fff8173        0x1 
 .bss           0x1fff8174       0x19 .\CortexM3\ARM_GCC_541\Debug\HCM_UPBDrive.a(CyLib.o)
                0x1fff8188                CySysTickInitVar
 *fill*         0x1fff818d        0x3 
 .bss           0x1fff8190       0x43 .\CortexM3\ARM_GCC_541\Debug\HCM_UPBDrive.a(cyPm.o)
 .bss           0x1fff81d3        0x0 .\CortexM3\ARM_GCC_541\Debug\HCM_UPBDrive.a(Selector_In_1.o)
 .bss           0x1fff81d3        0x0 .\CortexM3\ARM_GCC_541\Debug\HCM_UPBDrive.a(Selector_In_2.o)
 .bss           0x1fff81d3        0x0 .\CortexM3\ARM_GCC_541\Debug\HCM_UPBDrive.a(Selector_In_5.o)
 .bss           0x1fff81d3        0x0 .\CortexM3\ARM_GCC_541\Debug\HCM_UPBDrive.a(Selector_In_4.o)
 .bss           0x1fff81d3        0x0 .\CortexM3\ARM_GCC_541\Debug\HCM_UPBDrive.a(Selector_In_3.o)
 .bss           0x1fff81d3        0x0 .\CortexM3\ARM_GCC_541\Debug\HCM_UPBDrive.a(CyBootAsmGnu.o)
 *fill*         0x1fff81d3        0x1 
 .bss           0x1fff81d4        0x4 .\CortexM3\ARM_GCC_541\Debug\HCM_UPBDrive.a(CyFlash.o)
 .bss           0x1fff81d8        0x8 .\CortexM3\ARM_GCC_541\Debug\HCM_UPBDrive.a(CySpc.o)
                0x1fff81d8                SpcLockState
 .bss           0x1fff81e0        0x0 c:/program files (x86)/cypress/psoc creator/4.4/psoc creator/import/gnu/arm/5.4.1/bin/../lib/gcc/arm-none-eabi/5.4.1/../../../../arm-none-eabi/lib/armv7-m\libg_nano.a(lib_a-errno.o)
 .bss           0x1fff81e0        0x0 c:/program files (x86)/cypress/psoc creator/4.4/psoc creator/import/gnu/arm/5.4.1/bin/../lib/gcc/arm-none-eabi/5.4.1/../../../../arm-none-eabi/lib/armv7-m\libg_nano.a(lib_a-exit.o)
 .bss           0x1fff81e0        0x0 c:/program files (x86)/cypress/psoc creator/4.4/psoc creator/import/gnu/arm/5.4.1/bin/../lib/gcc/arm-none-eabi/5.4.1/../../../../arm-none-eabi/lib/armv7-m\libg_nano.a(lib_a-impure.o)
 .bss           0x1fff81e0        0x0 c:/program files (x86)/cypress/psoc creator/4.4/psoc creator/import/gnu/arm/5.4.1/bin/../lib/gcc/arm-none-eabi/5.4.1/../../../../arm-none-eabi/lib/armv7-m\libg_nano.a(lib_a-init.o)
 .bss           0x1fff81e0        0x0 c:/program files (x86)/cypress/psoc creator/4.4/psoc creator/import/gnu/arm/5.4.1/bin/../lib/gcc/arm-none-eabi/5.4.1/../../../../arm-none-eabi/lib/armv7-m\libg_nano.a(lib_a-memcpy-stub.o)
 .bss           0x1fff81e0        0x0 c:/program files (x86)/cypress/psoc creator/4.4/psoc creator/import/gnu/arm/5.4.1/bin/../lib/gcc/arm-none-eabi/5.4.1/../../../../arm-none-eabi/lib/armv7-m\libg_nano.a(lib_a-memset.o)
 .bss           0x1fff81e0        0x0 c:/program files (x86)/cypress/psoc creator/4.4/psoc creator/import/gnu/arm/5.4.1/bin/../lib/gcc/arm-none-eabi/5.4.1/armv7-m/crtend.o
 .bss           0x1fff81e0        0x0 c:/program files (x86)/cypress/psoc creator/4.4/psoc creator/import/gnu/arm/5.4.1/bin/../lib/gcc/arm-none-eabi/5.4.1/armv7-m/crtn.o
 *(COMMON)
 COMMON         0x1fff81e0        0x2 .\CortexM3\ARM_GCC_541\Debug\HCM_UPBDrive.a(CyFlash.o)
                0x1fff81e0                dieTemperature
                0x1fff81e8                . = ALIGN (0x8)
 *fill*         0x1fff81e2        0x6 
 *(.ram.b)
                0x1fff81e8                _end = .
                0x1fff81e8                __end = .
                0x1fff81e8                PROVIDE (end, .)
                0x1fff81e8                PROVIDE (__bss_end__, .)
                0x00005338                __cy_region_init_ram = LOADADDR (.data)
                0x00000080                __cy_region_init_size_ram = (_edata - ADDR (.data))
                0x000000a0                __cy_region_zero_size_ram = (_end - _edata)

.heap           0x1fff81e8       0x80 load address 0x000053b8
                0x1fff81e8                . = _end
                0x1fff8268                . = (. + 0x80)
 *fill*         0x1fff81e8       0x80 
                0x1fff8268                __cy_heap_limit = .

.stack          0x20007800      0x800
                0x20007800                __cy_stack_limit = .
                0x20008000                . = (. + 0x800)
 *fill*         0x20007800      0x800 
                0x00000001                ASSERT ((__cy_stack_limit >= __cy_heap_limit), region RAM overflowed with stack)
                0x00000000                cy_checksum_exclude_size = (CY_APPL_LOADABLE == 0x1)?SIZEOF (.cy_checksum_exclude):0x0
                0x00000001                ASSERT ((cy_checksum_exclude_size <= CY_CHECKSUM_EXCLUDE_SIZE), CY_BOOT: Section .cy_checksum_exclude size exceedes specified limit.)

.cyloadermeta
 *(.cyloadermeta)

.cyloadablemeta
 *(.cyloadablemeta)

.cyconfigecc    0x80000000       0x58
 *(.cyconfigecc)
 .cyconfigecc   0x80000000       0x58 .\CortexM3\ARM_GCC_541\Debug\cymetadata.o
                0x80000000                cy_meta_configecc

.cycustnvl      0x90000000        0x4
 *(.cycustnvl)
 .cycustnvl     0x90000000        0x4 .\CortexM3\ARM_GCC_541\Debug\cymetadata.o
                0x90000000                cy_meta_custnvl

.cywolatch      0x90100000        0x4
 *(.cywolatch)
 .cywolatch     0x90100000        0x4 .\CortexM3\ARM_GCC_541\Debug\cymetadata.o
                0x90100000                cy_meta_wonvl

.cyeeprom       0x90200000        0x0
 *(.cyeeprom)
                0x00000001                ASSERT ((. <= ((0x90200000 + ee_offset) + ee_size)), .cyeeprom data will not fit in EEPROM)

.cyflashprotect
                0x90400000      0x100
 *(.cyflashprotect)
 .cyflashprotect
                0x90400000      0x100 .\CortexM3\ARM_GCC_541\Debug\cymetadata.o
                0x90400000                cy_meta_flashprotect

.cymeta         0x90500000        0xc
 *(.cymeta)
 .cymeta        0x90500000        0xc .\CortexM3\ARM_GCC_541\Debug\cymetadata.o
                0x90500000                cy_metadata

.rel.dyn        0x000053b8        0x0 load address 0x9050000c
 .rel.iplt      0x000053b8        0x0 c:/program files (x86)/cypress/psoc creator/4.4/psoc creator/import/gnu/arm/5.4.1/bin/../lib/gcc/arm-none-eabi/5.4.1/armv7-m/crtbegin.o

.stab
 *(.stab)

.stabstr
 *(.stabstr)

.debug
 *(.debug)

.line
 *(.line)

.debug_srcinfo
 *(.debug_srcinfo)

.debug_sfnames
 *(.debug_sfnames)

.debug_aranges  0x00000000      0x8a8
 *(.debug_aranges)
 .debug_aranges
                0x00000000       0x28 .\CortexM3\ARM_GCC_541\Debug\main.o
 .debug_aranges
                0x00000028       0x30 .\CortexM3\ARM_GCC_541\Debug\can_comm.o
 .debug_aranges
                0x00000058       0x68 .\CortexM3\ARM_GCC_541\Debug\hybrid_mode.o
 .debug_aranges
                0x000000c0       0x28 .\CortexM3\ARM_GCC_541\Debug\user_input.o
 .debug_aranges
                0x000000e8       0x60 .\CortexM3\ARM_GCC_541\Debug\cyfitter_cfg.o
 .debug_aranges
                0x00000148       0x18 .\CortexM3\ARM_GCC_541\Debug\cymetadata.o
 .debug_aranges
                0x00000160       0x48 .\CortexM3\ARM_GCC_541\Debug\Cm3Start.o
 .debug_aranges
                0x000001a8       0xc8 .\CortexM3\ARM_GCC_541\Debug\HCM_UPBDrive.a(CAN.o)
 .debug_aranges
                0x00000270       0x20 .\CortexM3\ARM_GCC_541\Debug\HCM_UPBDrive.a(CAN_INT.o)
 .debug_aranges
                0x00000290       0x40 .\CortexM3\ARM_GCC_541\Debug\HCM_UPBDrive.a(CAN_TX_RX_func.o)
 .debug_aranges
                0x000002d0       0x38 .\CortexM3\ARM_GCC_541\Debug\HCM_UPBDrive.a(Boost_Button.o)
 .debug_aranges
                0x00000308       0x38 .\CortexM3\ARM_GCC_541\Debug\HCM_UPBDrive.a(AIR_enable.o)
 .debug_aranges
                0x00000340      0x2a0 .\CortexM3\ARM_GCC_541\Debug\HCM_UPBDrive.a(CyLib.o)
 .debug_aranges
                0x000005e0       0x98 .\CortexM3\ARM_GCC_541\Debug\HCM_UPBDrive.a(cyPm.o)
 .debug_aranges
                0x00000678       0x38 .\CortexM3\ARM_GCC_541\Debug\HCM_UPBDrive.a(Selector_In_1.o)
 .debug_aranges
                0x000006b0       0x38 .\CortexM3\ARM_GCC_541\Debug\HCM_UPBDrive.a(Selector_In_2.o)
 .debug_aranges
                0x000006e8       0x38 .\CortexM3\ARM_GCC_541\Debug\HCM_UPBDrive.a(Selector_In_5.o)
 .debug_aranges
                0x00000720       0x38 .\CortexM3\ARM_GCC_541\Debug\HCM_UPBDrive.a(Selector_In_4.o)
 .debug_aranges
                0x00000758       0x38 .\CortexM3\ARM_GCC_541\Debug\HCM_UPBDrive.a(Selector_In_3.o)
 .debug_aranges
                0x00000790       0x20 .\CortexM3\ARM_GCC_541\Debug\HCM_UPBDrive.a(CyBootAsmGnu.o)
 .debug_aranges
                0x000007b0       0x80 .\CortexM3\ARM_GCC_541\Debug\HCM_UPBDrive.a(CyFlash.o)
 .debug_aranges
                0x00000830       0x78 .\CortexM3\ARM_GCC_541\Debug\HCM_UPBDrive.a(CySpc.o)

.debug_pubnames
 *(.debug_pubnames)

.debug_info     0x00000000     0x4014
 *(.debug_info .gnu.linkonce.wi.*)
 .debug_info    0x00000000      0x1a6 .\CortexM3\ARM_GCC_541\Debug\main.o
 .debug_info    0x000001a6      0x328 .\CortexM3\ARM_GCC_541\Debug\can_comm.o
 .debug_info    0x000004ce      0x2a7 .\CortexM3\ARM_GCC_541\Debug\hybrid_mode.o
 .debug_info    0x00000775      0x11c .\CortexM3\ARM_GCC_541\Debug\user_input.o
 .debug_info    0x00000891      0x39a .\CortexM3\ARM_GCC_541\Debug\cyfitter_cfg.o
 .debug_info    0x00000c2b      0x134 .\CortexM3\ARM_GCC_541\Debug\cymetadata.o
 .debug_info    0x00000d5f      0x32b .\CortexM3\ARM_GCC_541\Debug\Cm3Start.o
 .debug_info    0x0000108a      0x788 .\CortexM3\ARM_GCC_541\Debug\HCM_UPBDrive.a(CAN.o)
 .debug_info    0x00001812       0xa0 .\CortexM3\ARM_GCC_541\Debug\HCM_UPBDrive.a(CAN_INT.o)
 .debug_info    0x000018b2      0x36b .\CortexM3\ARM_GCC_541\Debug\HCM_UPBDrive.a(CAN_TX_RX_func.o)
 .debug_info    0x00001c1d      0x11e .\CortexM3\ARM_GCC_541\Debug\HCM_UPBDrive.a(Boost_Button.o)
 .debug_info    0x00001d3b      0x11e .\CortexM3\ARM_GCC_541\Debug\HCM_UPBDrive.a(AIR_enable.o)
 .debug_info    0x00001e59      0xe51 .\CortexM3\ARM_GCC_541\Debug\HCM_UPBDrive.a(CyLib.o)
 .debug_info    0x00002caa      0x57a .\CortexM3\ARM_GCC_541\Debug\HCM_UPBDrive.a(cyPm.o)
 .debug_info    0x00003224      0x11e .\CortexM3\ARM_GCC_541\Debug\HCM_UPBDrive.a(Selector_In_1.o)
 .debug_info    0x00003342      0x11e .\CortexM3\ARM_GCC_541\Debug\HCM_UPBDrive.a(Selector_In_2.o)
 .debug_info    0x00003460      0x11e .\CortexM3\ARM_GCC_541\Debug\HCM_UPBDrive.a(Selector_In_5.o)
 .debug_info    0x0000357e      0x11e .\CortexM3\ARM_GCC_541\Debug\HCM_UPBDrive.a(Selector_In_4.o)
 .debug_info    0x0000369c      0x11e .\CortexM3\ARM_GCC_541\Debug\HCM_UPBDrive.a(Selector_In_3.o)
 .debug_info    0x000037ba       0x8f .\CortexM3\ARM_GCC_541\Debug\HCM_UPBDrive.a(CyBootAsmGnu.o)
 .debug_info    0x00003849      0x371 .\CortexM3\ARM_GCC_541\Debug\HCM_UPBDrive.a(CyFlash.o)
 .debug_info    0x00003bba      0x45a .\CortexM3\ARM_GCC_541\Debug\HCM_UPBDrive.a(CySpc.o)

.debug_abbrev   0x00000000     0x1433
 *(.debug_abbrev)
 .debug_abbrev  0x00000000       0xd7 .\CortexM3\ARM_GCC_541\Debug\main.o
 .debug_abbrev  0x000000d7      0x112 .\CortexM3\ARM_GCC_541\Debug\can_comm.o
 .debug_abbrev  0x000001e9      0x10d .\CortexM3\ARM_GCC_541\Debug\hybrid_mode.o
 .debug_abbrev  0x000002f6       0x78 .\CortexM3\ARM_GCC_541\Debug\user_input.o
 .debug_abbrev  0x0000036e      0x19d .\CortexM3\ARM_GCC_541\Debug\cyfitter_cfg.o
 .debug_abbrev  0x0000050b       0x5d .\CortexM3\ARM_GCC_541\Debug\cymetadata.o
 .debug_abbrev  0x00000568      0x1d6 .\CortexM3\ARM_GCC_541\Debug\Cm3Start.o
 .debug_abbrev  0x0000073e      0x153 .\CortexM3\ARM_GCC_541\Debug\HCM_UPBDrive.a(CAN.o)
 .debug_abbrev  0x00000891       0x42 .\CortexM3\ARM_GCC_541\Debug\HCM_UPBDrive.a(CAN_INT.o)
 .debug_abbrev  0x000008d3      0x13c .\CortexM3\ARM_GCC_541\Debug\HCM_UPBDrive.a(CAN_TX_RX_func.o)
 .debug_abbrev  0x00000a0f       0x90 .\CortexM3\ARM_GCC_541\Debug\HCM_UPBDrive.a(Boost_Button.o)
 .debug_abbrev  0x00000a9f       0x90 .\CortexM3\ARM_GCC_541\Debug\HCM_UPBDrive.a(AIR_enable.o)
 .debug_abbrev  0x00000b2f      0x217 .\CortexM3\ARM_GCC_541\Debug\HCM_UPBDrive.a(CyLib.o)
 .debug_abbrev  0x00000d46      0x161 .\CortexM3\ARM_GCC_541\Debug\HCM_UPBDrive.a(cyPm.o)
 .debug_abbrev  0x00000ea7       0x90 .\CortexM3\ARM_GCC_541\Debug\HCM_UPBDrive.a(Selector_In_1.o)
 .debug_abbrev  0x00000f37       0x90 .\CortexM3\ARM_GCC_541\Debug\HCM_UPBDrive.a(Selector_In_2.o)
 .debug_abbrev  0x00000fc7       0x90 .\CortexM3\ARM_GCC_541\Debug\HCM_UPBDrive.a(Selector_In_5.o)
 .debug_abbrev  0x00001057       0x90 .\CortexM3\ARM_GCC_541\Debug\HCM_UPBDrive.a(Selector_In_4.o)
 .debug_abbrev  0x000010e7       0x90 .\CortexM3\ARM_GCC_541\Debug\HCM_UPBDrive.a(Selector_In_3.o)
 .debug_abbrev  0x00001177       0x14 .\CortexM3\ARM_GCC_541\Debug\HCM_UPBDrive.a(CyBootAsmGnu.o)
 .debug_abbrev  0x0000118b      0x13c .\CortexM3\ARM_GCC_541\Debug\HCM_UPBDrive.a(CyFlash.o)
 .debug_abbrev  0x000012c7      0x16c .\CortexM3\ARM_GCC_541\Debug\HCM_UPBDrive.a(CySpc.o)

.debug_line     0x00000000     0x2623
 *(.debug_line)
 .debug_line    0x00000000      0x19e .\CortexM3\ARM_GCC_541\Debug\main.o
 .debug_line    0x0000019e      0x1da .\CortexM3\ARM_GCC_541\Debug\can_comm.o
 .debug_line    0x00000378      0x294 .\CortexM3\ARM_GCC_541\Debug\hybrid_mode.o
 .debug_line    0x0000060c      0x182 .\CortexM3\ARM_GCC_541\Debug\user_input.o
 .debug_line    0x0000078e      0x1e9 .\CortexM3\ARM_GCC_541\Debug\cyfitter_cfg.o
 .debug_line    0x00000977      0x141 .\CortexM3\ARM_GCC_541\Debug\cymetadata.o
 .debug_line    0x00000ab8      0x1dc .\CortexM3\ARM_GCC_541\Debug\Cm3Start.o
 .debug_line    0x00000c94      0x344 .\CortexM3\ARM_GCC_541\Debug\HCM_UPBDrive.a(CAN.o)
 .debug_line    0x00000fd8       0x53 .\CortexM3\ARM_GCC_541\Debug\HCM_UPBDrive.a(CAN_INT.o)
 .debug_line    0x0000102b      0x123 .\CortexM3\ARM_GCC_541\Debug\HCM_UPBDrive.a(CAN_TX_RX_func.o)
 .debug_line    0x0000114e       0x9c .\CortexM3\ARM_GCC_541\Debug\HCM_UPBDrive.a(Boost_Button.o)
 .debug_line    0x000011ea       0x9a .\CortexM3\ARM_GCC_541\Debug\HCM_UPBDrive.a(AIR_enable.o)
 .debug_line    0x00001284      0x883 .\CortexM3\ARM_GCC_541\Debug\HCM_UPBDrive.a(CyLib.o)
 .debug_line    0x00001b07      0x38e .\CortexM3\ARM_GCC_541\Debug\HCM_UPBDrive.a(cyPm.o)
 .debug_line    0x00001e95       0x9d .\CortexM3\ARM_GCC_541\Debug\HCM_UPBDrive.a(Selector_In_1.o)
 .debug_line    0x00001f32       0x9d .\CortexM3\ARM_GCC_541\Debug\HCM_UPBDrive.a(Selector_In_2.o)
 .debug_line    0x00001fcf       0x9d .\CortexM3\ARM_GCC_541\Debug\HCM_UPBDrive.a(Selector_In_5.o)
 .debug_line    0x0000206c       0x9d .\CortexM3\ARM_GCC_541\Debug\HCM_UPBDrive.a(Selector_In_4.o)
 .debug_line    0x00002109       0x9d .\CortexM3\ARM_GCC_541\Debug\HCM_UPBDrive.a(Selector_In_3.o)
 .debug_line    0x000021a6       0x66 .\CortexM3\ARM_GCC_541\Debug\HCM_UPBDrive.a(CyBootAsmGnu.o)
 .debug_line    0x0000220c      0x205 .\CortexM3\ARM_GCC_541\Debug\HCM_UPBDrive.a(CyFlash.o)
 .debug_line    0x00002411      0x212 .\CortexM3\ARM_GCC_541\Debug\HCM_UPBDrive.a(CySpc.o)

.debug_frame    0x00000000     0x20dc
 *(.debug_frame)
 .debug_frame   0x00000000       0x4c .\CortexM3\ARM_GCC_541\Debug\main.o
 .debug_frame   0x0000004c       0x80 .\CortexM3\ARM_GCC_541\Debug\can_comm.o
 .debug_frame   0x000000cc      0x154 .\CortexM3\ARM_GCC_541\Debug\hybrid_mode.o
 .debug_frame   0x00000220       0x60 .\CortexM3\ARM_GCC_541\Debug\user_input.o
 .debug_frame   0x00000280      0x16c .\CortexM3\ARM_GCC_541\Debug\cyfitter_cfg.o
 .debug_frame   0x000003ec       0xd8 .\CortexM3\ARM_GCC_541\Debug\Cm3Start.o
 .debug_frame   0x000004c4      0x374 .\CortexM3\ARM_GCC_541\Debug\HCM_UPBDrive.a(CAN.o)
 .debug_frame   0x00000838       0x34 .\CortexM3\ARM_GCC_541\Debug\HCM_UPBDrive.a(CAN_INT.o)
 .debug_frame   0x0000086c       0xd4 .\CortexM3\ARM_GCC_541\Debug\HCM_UPBDrive.a(CAN_TX_RX_func.o)
 .debug_frame   0x00000940       0xa8 .\CortexM3\ARM_GCC_541\Debug\HCM_UPBDrive.a(Boost_Button.o)
 .debug_frame   0x000009e8       0xa8 .\CortexM3\ARM_GCC_541\Debug\HCM_UPBDrive.a(AIR_enable.o)
 .debug_frame   0x00000a90      0xc0c .\CortexM3\ARM_GCC_541\Debug\HCM_UPBDrive.a(CyLib.o)
 .debug_frame   0x0000169c      0x234 .\CortexM3\ARM_GCC_541\Debug\HCM_UPBDrive.a(cyPm.o)
 .debug_frame   0x000018d0       0xa8 .\CortexM3\ARM_GCC_541\Debug\HCM_UPBDrive.a(Selector_In_1.o)
 .debug_frame   0x00001978       0xa8 .\CortexM3\ARM_GCC_541\Debug\HCM_UPBDrive.a(Selector_In_2.o)
 .debug_frame   0x00001a20       0xa8 .\CortexM3\ARM_GCC_541\Debug\HCM_UPBDrive.a(Selector_In_5.o)
 .debug_frame   0x00001ac8       0xa8 .\CortexM3\ARM_GCC_541\Debug\HCM_UPBDrive.a(Selector_In_4.o)
 .debug_frame   0x00001b70       0xa8 .\CortexM3\ARM_GCC_541\Debug\HCM_UPBDrive.a(Selector_In_3.o)
 .debug_frame   0x00001c18      0x210 .\CortexM3\ARM_GCC_541\Debug\HCM_UPBDrive.a(CyFlash.o)
 .debug_frame   0x00001e28      0x1f8 .\CortexM3\ARM_GCC_541\Debug\HCM_UPBDrive.a(CySpc.o)
 .debug_frame   0x00002020       0x20 c:/program files (x86)/cypress/psoc creator/4.4/psoc creator/import/gnu/arm/5.4.1/bin/../lib/gcc/arm-none-eabi/5.4.1/../../../../arm-none-eabi/lib/armv7-m\libg_nano.a(lib_a-errno.o)
 .debug_frame   0x00002040       0x28 c:/program files (x86)/cypress/psoc creator/4.4/psoc creator/import/gnu/arm/5.4.1/bin/../lib/gcc/arm-none-eabi/5.4.1/../../../../arm-none-eabi/lib/armv7-m\libg_nano.a(lib_a-exit.o)
 .debug_frame   0x00002068       0x2c c:/program files (x86)/cypress/psoc creator/4.4/psoc creator/import/gnu/arm/5.4.1/bin/../lib/gcc/arm-none-eabi/5.4.1/../../../../arm-none-eabi/lib/armv7-m\libg_nano.a(lib_a-init.o)
 .debug_frame   0x00002094       0x28 c:/program files (x86)/cypress/psoc creator/4.4/psoc creator/import/gnu/arm/5.4.1/bin/../lib/gcc/arm-none-eabi/5.4.1/../../../../arm-none-eabi/lib/armv7-m\libg_nano.a(lib_a-memcpy-stub.o)
 .debug_frame   0x000020bc       0x20 c:/program files (x86)/cypress/psoc creator/4.4/psoc creator/import/gnu/arm/5.4.1/bin/../lib/gcc/arm-none-eabi/5.4.1/../../../../arm-none-eabi/lib/armv7-m\libg_nano.a(lib_a-memset.o)

.debug_str      0x00000000     0x1c39
 *(.debug_str)
 .debug_str     0x00000000      0x1d5 .\CortexM3\ARM_GCC_541\Debug\main.o
                                0x22e (size before relaxing)
 .debug_str     0x000001d5      0x102 .\CortexM3\ARM_GCC_541\Debug\can_comm.o
                                0x30f (size before relaxing)
 .debug_str     0x000002d7      0x145 .\CortexM3\ARM_GCC_541\Debug\hybrid_mode.o
                                0x36c (size before relaxing)
 .debug_str     0x0000041c       0x59 .\CortexM3\ARM_GCC_541\Debug\user_input.o
                                0x204 (size before relaxing)
 .debug_str     0x00000475      0x170 .\CortexM3\ARM_GCC_541\Debug\cyfitter_cfg.o
                                0x302 (size before relaxing)
 .debug_str     0x000005e5       0x75 .\CortexM3\ARM_GCC_541\Debug\cymetadata.o
                                0x1e3 (size before relaxing)
 .debug_str     0x0000065a      0x11e .\CortexM3\ARM_GCC_541\Debug\Cm3Start.o
                                0x2d6 (size before relaxing)
 .debug_str     0x00000778      0x273 .\CortexM3\ARM_GCC_541\Debug\HCM_UPBDrive.a(CAN.o)
                                0x493 (size before relaxing)
 .debug_str     0x000009eb       0x29 .\CortexM3\ARM_GCC_541\Debug\HCM_UPBDrive.a(CAN_INT.o)
                                0x1a3 (size before relaxing)
 .debug_str     0x00000a14       0xce .\CortexM3\ARM_GCC_541\Debug\HCM_UPBDrive.a(CAN_TX_RX_func.o)
                                0x2e0 (size before relaxing)
 .debug_str     0x00000ae2       0x89 .\CortexM3\ARM_GCC_541\Debug\HCM_UPBDrive.a(Boost_Button.o)
                                0x204 (size before relaxing)
 .debug_str     0x00000b6b       0x74 .\CortexM3\ARM_GCC_541\Debug\HCM_UPBDrive.a(AIR_enable.o)
                                0x1fa (size before relaxing)
 .debug_str     0x00000bdf      0x7f6 .\CortexM3\ARM_GCC_541\Debug\HCM_UPBDrive.a(CyLib.o)
                                0x9e9 (size before relaxing)
 .debug_str     0x000013d5      0x371 .\CortexM3\ARM_GCC_541\Debug\HCM_UPBDrive.a(cyPm.o)
                                0x542 (size before relaxing)
 .debug_str     0x00001746       0x83 .\CortexM3\ARM_GCC_541\Debug\HCM_UPBDrive.a(Selector_In_1.o)
                                0x209 (size before relaxing)
 .debug_str     0x000017c9       0x83 .\CortexM3\ARM_GCC_541\Debug\HCM_UPBDrive.a(Selector_In_2.o)
                                0x209 (size before relaxing)
 .debug_str     0x0000184c       0x83 .\CortexM3\ARM_GCC_541\Debug\HCM_UPBDrive.a(Selector_In_5.o)
                                0x209 (size before relaxing)
 .debug_str     0x000018cf       0x83 .\CortexM3\ARM_GCC_541\Debug\HCM_UPBDrive.a(Selector_In_4.o)
                                0x209 (size before relaxing)
 .debug_str     0x00001952       0x83 .\CortexM3\ARM_GCC_541\Debug\HCM_UPBDrive.a(Selector_In_3.o)
                                0x209 (size before relaxing)
 .debug_str     0x000019d5      0x145 .\CortexM3\ARM_GCC_541\Debug\HCM_UPBDrive.a(CyFlash.o)
                                0x2f5 (size before relaxing)
 .debug_str     0x00001b1a      0x11f .\CortexM3\ARM_GCC_541\Debug\HCM_UPBDrive.a(CySpc.o)
                                0x2f2 (size before relaxing)

.debug_loc
 *(.debug_loc)

.debug_macinfo
 *(.debug_macinfo)

.debug_ranges   0x00000000      0x730
 *(.debug_ranges)
 .debug_ranges  0x00000000       0x18 .\CortexM3\ARM_GCC_541\Debug\main.o
 .debug_ranges  0x00000018       0x20 .\CortexM3\ARM_GCC_541\Debug\can_comm.o
 .debug_ranges  0x00000038       0x58 .\CortexM3\ARM_GCC_541\Debug\hybrid_mode.o
 .debug_ranges  0x00000090       0x18 .\CortexM3\ARM_GCC_541\Debug\user_input.o
 .debug_ranges  0x000000a8       0x50 .\CortexM3\ARM_GCC_541\Debug\cyfitter_cfg.o
 .debug_ranges  0x000000f8       0x38 .\CortexM3\ARM_GCC_541\Debug\Cm3Start.o
 .debug_ranges  0x00000130       0xb8 .\CortexM3\ARM_GCC_541\Debug\HCM_UPBDrive.a(CAN.o)
 .debug_ranges  0x000001e8       0x10 .\CortexM3\ARM_GCC_541\Debug\HCM_UPBDrive.a(CAN_INT.o)
 .debug_ranges  0x000001f8       0x30 .\CortexM3\ARM_GCC_541\Debug\HCM_UPBDrive.a(CAN_TX_RX_func.o)
 .debug_ranges  0x00000228       0x28 .\CortexM3\ARM_GCC_541\Debug\HCM_UPBDrive.a(Boost_Button.o)
 .debug_ranges  0x00000250       0x28 .\CortexM3\ARM_GCC_541\Debug\HCM_UPBDrive.a(AIR_enable.o)
 .debug_ranges  0x00000278      0x290 .\CortexM3\ARM_GCC_541\Debug\HCM_UPBDrive.a(CyLib.o)
 .debug_ranges  0x00000508       0x88 .\CortexM3\ARM_GCC_541\Debug\HCM_UPBDrive.a(cyPm.o)
 .debug_ranges  0x00000590       0x28 .\CortexM3\ARM_GCC_541\Debug\HCM_UPBDrive.a(Selector_In_1.o)
 .debug_ranges  0x000005b8       0x28 .\CortexM3\ARM_GCC_541\Debug\HCM_UPBDrive.a(Selector_In_2.o)
 .debug_ranges  0x000005e0       0x28 .\CortexM3\ARM_GCC_541\Debug\HCM_UPBDrive.a(Selector_In_5.o)
 .debug_ranges  0x00000608       0x28 .\CortexM3\ARM_GCC_541\Debug\HCM_UPBDrive.a(Selector_In_4.o)
 .debug_ranges  0x00000630       0x28 .\CortexM3\ARM_GCC_541\Debug\HCM_UPBDrive.a(Selector_In_3.o)
 .debug_ranges  0x00000658       0x70 .\CortexM3\ARM_GCC_541\Debug\HCM_UPBDrive.a(CyFlash.o)
 .debug_ranges  0x000006c8       0x68 .\CortexM3\ARM_GCC_541\Debug\HCM_UPBDrive.a(CySpc.o)

.comment        0x00000000       0x6e
 .comment       0x00000000       0x6e .\CortexM3\ARM_GCC_541\Debug\main.o
                                 0x6f (size before relaxing)
 .comment       0x0000006e       0x6f .\CortexM3\ARM_GCC_541\Debug\can_comm.o
 .comment       0x0000006e       0x6f .\CortexM3\ARM_GCC_541\Debug\hybrid_mode.o
 .comment       0x0000006e       0x6f .\CortexM3\ARM_GCC_541\Debug\user_input.o
 .comment       0x0000006e       0x6f .\CortexM3\ARM_GCC_541\Debug\cyfitter_cfg.o
 .comment       0x0000006e       0x6f .\CortexM3\ARM_GCC_541\Debug\cymetadata.o
 .comment       0x0000006e       0x6f .\CortexM3\ARM_GCC_541\Debug\Cm3Start.o
 .comment       0x0000006e       0x6f .\CortexM3\ARM_GCC_541\Debug\HCM_UPBDrive.a(CAN.o)
 .comment       0x0000006e       0x6f .\CortexM3\ARM_GCC_541\Debug\HCM_UPBDrive.a(CAN_INT.o)
 .comment       0x0000006e       0x6f .\CortexM3\ARM_GCC_541\Debug\HCM_UPBDrive.a(CAN_TX_RX_func.o)
 .comment       0x0000006e       0x6f .\CortexM3\ARM_GCC_541\Debug\HCM_UPBDrive.a(Boost_Button.o)
 .comment       0x0000006e       0x6f .\CortexM3\ARM_GCC_541\Debug\HCM_UPBDrive.a(AIR_enable.o)
 .comment       0x0000006e       0x6f .\CortexM3\ARM_GCC_541\Debug\HCM_UPBDrive.a(CyLib.o)
 .comment       0x0000006e       0x6f .\CortexM3\ARM_GCC_541\Debug\HCM_UPBDrive.a(cyPm.o)
 .comment       0x0000006e       0x6f .\CortexM3\ARM_GCC_541\Debug\HCM_UPBDrive.a(Selector_In_1.o)
 .comment       0x0000006e       0x6f .\CortexM3\ARM_GCC_541\Debug\HCM_UPBDrive.a(Selector_In_2.o)
 .comment       0x0000006e       0x6f .\CortexM3\ARM_GCC_541\Debug\HCM_UPBDrive.a(Selector_In_5.o)
 .comment       0x0000006e       0x6f .\CortexM3\ARM_GCC_541\Debug\HCM_UPBDrive.a(Selector_In_4.o)
 .comment       0x0000006e       0x6f .\CortexM3\ARM_GCC_541\Debug\HCM_UPBDrive.a(Selector_In_3.o)
 .comment       0x0000006e       0x6f .\CortexM3\ARM_GCC_541\Debug\HCM_UPBDrive.a(CyFlash.o)
 .comment       0x0000006e       0x6f .\CortexM3\ARM_GCC_541\Debug\HCM_UPBDrive.a(CySpc.o)

.debug_weaknames
 *(.debug_weaknames)

.debug_funcnames
 *(.debug_funcnames)

.debug_typenames
 *(.debug_typenames)

.debug_varnames
 *(.debug_varnames)

.note.gnu.arm.ident
 *(.note.gnu.arm.ident)

.ARM.attributes
                0x00000000       0x29
 *(.ARM.attributes)
 .ARM.attributes
                0x00000000       0x1d c:/program files (x86)/cypress/psoc creator/4.4/psoc creator/import/gnu/arm/5.4.1/bin/../lib/gcc/arm-none-eabi/5.4.1/armv7-m/crti.o
 .ARM.attributes
                0x0000001d       0x2d c:/program files (x86)/cypress/psoc creator/4.4/psoc creator/import/gnu/arm/5.4.1/bin/../lib/gcc/arm-none-eabi/5.4.1/armv7-m/crtbegin.o
 .ARM.attributes
                0x0000004a       0x1b c:/program files (x86)/cypress/psoc creator/4.4/psoc creator/import/gnu/arm/5.4.1/bin/../lib/gcc/arm-none-eabi/5.4.1/../../../../arm-none-eabi/lib/armv7-m/crt0.o
 .ARM.attributes
                0x00000065       0x33 .\CortexM3\ARM_GCC_541\Debug\main.o
 .ARM.attributes
                0x00000098       0x33 .\CortexM3\ARM_GCC_541\Debug\can_comm.o
 .ARM.attributes
                0x000000cb       0x33 .\CortexM3\ARM_GCC_541\Debug\hybrid_mode.o
 .ARM.attributes
                0x000000fe       0x33 .\CortexM3\ARM_GCC_541\Debug\user_input.o
 .ARM.attributes
                0x00000131       0x33 .\CortexM3\ARM_GCC_541\Debug\cyfitter_cfg.o
 .ARM.attributes
                0x00000164       0x33 .\CortexM3\ARM_GCC_541\Debug\cymetadata.o
 .ARM.attributes
                0x00000197       0x33 .\CortexM3\ARM_GCC_541\Debug\Cm3Start.o
 .ARM.attributes
                0x000001ca       0x33 .\CortexM3\ARM_GCC_541\Debug\HCM_UPBDrive.a(CAN.o)
 .ARM.attributes
                0x000001fd       0x33 .\CortexM3\ARM_GCC_541\Debug\HCM_UPBDrive.a(CAN_INT.o)
 .ARM.attributes
                0x00000230       0x33 .\CortexM3\ARM_GCC_541\Debug\HCM_UPBDrive.a(CAN_TX_RX_func.o)
 .ARM.attributes
                0x00000263       0x33 .\CortexM3\ARM_GCC_541\Debug\HCM_UPBDrive.a(Boost_Button.o)
 .ARM.attributes
                0x00000296       0x33 .\CortexM3\ARM_GCC_541\Debug\HCM_UPBDrive.a(AIR_enable.o)
 .ARM.attributes
                0x000002c9       0x33 .\CortexM3\ARM_GCC_541\Debug\HCM_UPBDrive.a(CyLib.o)
 .ARM.attributes
                0x000002fc       0x33 .\CortexM3\ARM_GCC_541\Debug\HCM_UPBDrive.a(cyPm.o)
 .ARM.attributes
                0x0000032f       0x33 .\CortexM3\ARM_GCC_541\Debug\HCM_UPBDrive.a(Selector_In_1.o)
 .ARM.attributes
                0x00000362       0x33 .\CortexM3\ARM_GCC_541\Debug\HCM_UPBDrive.a(Selector_In_2.o)
 .ARM.attributes
                0x00000395       0x33 .\CortexM3\ARM_GCC_541\Debug\HCM_UPBDrive.a(Selector_In_5.o)
 .ARM.attributes
                0x000003c8       0x33 .\CortexM3\ARM_GCC_541\Debug\HCM_UPBDrive.a(Selector_In_4.o)
 .ARM.attributes
                0x000003fb       0x33 .\CortexM3\ARM_GCC_541\Debug\HCM_UPBDrive.a(Selector_In_3.o)
 .ARM.attributes
                0x0000042e       0x21 .\CortexM3\ARM_GCC_541\Debug\HCM_UPBDrive.a(CyBootAsmGnu.o)
 .ARM.attributes
                0x0000044f       0x33 .\CortexM3\ARM_GCC_541\Debug\HCM_UPBDrive.a(CyFlash.o)
 .ARM.attributes
                0x00000482       0x33 .\CortexM3\ARM_GCC_541\Debug\HCM_UPBDrive.a(CySpc.o)
 .ARM.attributes
                0x000004b5       0x2d c:/program files (x86)/cypress/psoc creator/4.4/psoc creator/import/gnu/arm/5.4.1/bin/../lib/gcc/arm-none-eabi/5.4.1/../../../../arm-none-eabi/lib/armv7-m\libg_nano.a(lib_a-errno.o)
 .ARM.attributes
                0x000004e2       0x2d c:/program files (x86)/cypress/psoc creator/4.4/psoc creator/import/gnu/arm/5.4.1/bin/../lib/gcc/arm-none-eabi/5.4.1/../../../../arm-none-eabi/lib/armv7-m\libg_nano.a(lib_a-exit.o)
 .ARM.attributes
                0x0000050f       0x2d c:/program files (x86)/cypress/psoc creator/4.4/psoc creator/import/gnu/arm/5.4.1/bin/../lib/gcc/arm-none-eabi/5.4.1/../../../../arm-none-eabi/lib/armv7-m\libg_nano.a(lib_a-impure.o)
 .ARM.attributes
                0x0000053c       0x2d c:/program files (x86)/cypress/psoc creator/4.4/psoc creator/import/gnu/arm/5.4.1/bin/../lib/gcc/arm-none-eabi/5.4.1/../../../../arm-none-eabi/lib/armv7-m\libg_nano.a(lib_a-init.o)
 .ARM.attributes
                0x00000569       0x2d c:/program files (x86)/cypress/psoc creator/4.4/psoc creator/import/gnu/arm/5.4.1/bin/../lib/gcc/arm-none-eabi/5.4.1/../../../../arm-none-eabi/lib/armv7-m\libg_nano.a(lib_a-memcpy-stub.o)
 .ARM.attributes
                0x00000596       0x2d c:/program files (x86)/cypress/psoc creator/4.4/psoc creator/import/gnu/arm/5.4.1/bin/../lib/gcc/arm-none-eabi/5.4.1/../../../../arm-none-eabi/lib/armv7-m\libg_nano.a(lib_a-memset.o)
 .ARM.attributes
                0x000005c3       0x2d c:/program files (x86)/cypress/psoc creator/4.4/psoc creator/import/gnu/arm/5.4.1/bin/../lib/gcc/arm-none-eabi/5.4.1/armv7-m/crtend.o
 .ARM.attributes
                0x000005f0       0x1d c:/program files (x86)/cypress/psoc creator/4.4/psoc creator/import/gnu/arm/5.4.1/bin/../lib/gcc/arm-none-eabi/5.4.1/armv7-m/crtn.o

/DISCARD/
 *(.note.GNU-stack)
OUTPUT(C:\Users\badea\Documents\PSoC Creator\can_bun\HCM_UPBDrive.cydsn\CortexM3\ARM_GCC_541\Debug\HCM_UPBDrive.elf elf32-littlearm)
