Archive member included to satisfy reference by file (symbol)

.\CortexM3\ARM_GCC_541\Debug\HCM_UPBDrive.a(CAN.o)
                              .\CortexM3\ARM_GCC_541\Debug\main.o (CAN_Start)
.\CortexM3\ARM_GCC_541\Debug\HCM_UPBDrive.a(CAN_INT.o)
                              .\CortexM3\ARM_GCC_541\Debug\HCM_UPBDrive.a(CAN.o) (CAN_ISR)
.\CortexM3\ARM_GCC_541\Debug\HCM_UPBDrive.a(CAN_TX_RX_func.o)
                              .\CortexM3\ARM_GCC_541\Debug\can_comm.o (CAN_SendMsgESC_control)
.\CortexM3\ARM_GCC_541\Debug\HCM_UPBDrive.a(Boost_Button.o)
                              .\CortexM3\ARM_GCC_541\Debug\user_input.o (Boost_Button_Read)
.\CortexM3\ARM_GCC_541\Debug\HCM_UPBDrive.a(AIR_enable.o)
                              .\CortexM3\ARM_GCC_541\Debug\main.o (AIR_enable_Write)
.\CortexM3\ARM_GCC_541\Debug\HCM_UPBDrive.a(CyLib.o)
                              .\CortexM3\ARM_GCC_541\Debug\Cm3Start.o (CyResetStatus)
.\CortexM3\ARM_GCC_541\Debug\HCM_UPBDrive.a(cyPm.o)
                              .\CortexM3\ARM_GCC_541\Debug\HCM_UPBDrive.a(CyLib.o) (CyPmReadStatus)
.\CortexM3\ARM_GCC_541\Debug\HCM_UPBDrive.a(Selector_In_1.o)
                              .\CortexM3\ARM_GCC_541\Debug\user_input.o (Selector_In_1_Read)
.\CortexM3\ARM_GCC_541\Debug\HCM_UPBDrive.a(Selector_In_2.o)
                              .\CortexM3\ARM_GCC_541\Debug\user_input.o (Selector_In_2_Read)
.\CortexM3\ARM_GCC_541\Debug\HCM_UPBDrive.a(Selector_In_5.o)
                              .\CortexM3\ARM_GCC_541\Debug\user_input.o (Selector_In_5_Read)
.\CortexM3\ARM_GCC_541\Debug\HCM_UPBDrive.a(Selector_In_4.o)
                              .\CortexM3\ARM_GCC_541\Debug\user_input.o (Selector_In_4_Read)
.\CortexM3\ARM_GCC_541\Debug\HCM_UPBDrive.a(Selector_In_3.o)
                              .\CortexM3\ARM_GCC_541\Debug\user_input.o (Selector_In_3_Read)
.\CortexM3\ARM_GCC_541\Debug\HCM_UPBDrive.a(CyBootAsmGnu.o)
                              .\CortexM3\ARM_GCC_541\Debug\cyfitter_cfg.o (CyDelayCycles)
.\CortexM3\ARM_GCC_541\Debug\HCM_UPBDrive.a(CyFlash.o)
                              .\CortexM3\ARM_GCC_541\Debug\HCM_UPBDrive.a(cyPm.o) (CyFlash_SetWaitCycles)
.\CortexM3\ARM_GCC_541\Debug\HCM_UPBDrive.a(CySpc.o)
                              .\CortexM3\ARM_GCC_541\Debug\HCM_UPBDrive.a(CyFlash.o) (CySpcStart)
c:/program files (x86)/cypress/psoc creator/4.4/psoc creator/import/gnu/arm/5.4.1/bin/../lib/gcc/arm-none-eabi/5.4.1/../../../../arm-none-eabi/lib/armv7-m\libg_nano.a(lib_a-errno.o)
                              .\CortexM3\ARM_GCC_541\Debug\Cm3Start.o (__errno)
c:/program files (x86)/cypress/psoc creator/4.4/psoc creator/import/gnu/arm/5.4.1/bin/../lib/gcc/arm-none-eabi/5.4.1/../../../../arm-none-eabi/lib/armv7-m\libg_nano.a(lib_a-exit.o)
                              c:/program files (x86)/cypress/psoc creator/4.4/psoc creator/import/gnu/arm/5.4.1/bin/../lib/gcc/arm-none-eabi/5.4.1/../../../../arm-none-eabi/lib/armv7-m/crt0.o (exit)
c:/program files (x86)/cypress/psoc creator/4.4/psoc creator/import/gnu/arm/5.4.1/bin/../lib/gcc/arm-none-eabi/5.4.1/../../../../arm-none-eabi/lib/armv7-m\libg_nano.a(lib_a-impure.o)
                              c:/program files (x86)/cypress/psoc creator/4.4/psoc creator/import/gnu/arm/5.4.1/bin/../lib/gcc/arm-none-eabi/5.4.1/../../../../arm-none-eabi/lib/armv7-m\libg_nano.a(lib_a-exit.o) (_global_impure_ptr)
c:/program files (x86)/cypress/psoc creator/4.4/psoc creator/import/gnu/arm/5.4.1/bin/../lib/gcc/arm-none-eabi/5.4.1/../../../../arm-none-eabi/lib/armv7-m\libg_nano.a(lib_a-init.o)
                              c:/program files (x86)/cypress/psoc creator/4.4/psoc creator/import/gnu/arm/5.4.1/bin/../lib/gcc/arm-none-eabi/5.4.1/../../../../arm-none-eabi/lib/armv7-m/crt0.o (__libc_init_array)
c:/program files (x86)/cypress/psoc creator/4.4/psoc creator/import/gnu/arm/5.4.1/bin/../lib/gcc/arm-none-eabi/5.4.1/../../../../arm-none-eabi/lib/armv7-m\libg_nano.a(lib_a-memcpy-stub.o)
                              .\CortexM3\ARM_GCC_541\Debug\cyfitter_cfg.o (memcpy)
c:/program files (x86)/cypress/psoc creator/4.4/psoc creator/import/gnu/arm/5.4.1/bin/../lib/gcc/arm-none-eabi/5.4.1/../../../../arm-none-eabi/lib/armv7-m\libg_nano.a(lib_a-memset.o)
                              c:/program files (x86)/cypress/psoc creator/4.4/psoc creator/import/gnu/arm/5.4.1/bin/../lib/gcc/arm-none-eabi/5.4.1/../../../../arm-none-eabi/lib/armv7-m/crt0.o (memset)

Allocating common symbols
Common symbol       size              file

dieTemperature      0x2               .\CortexM3\ARM_GCC_541\Debug\HCM_UPBDrive.a(CyFlash.o)

Memory Configuration

Name             Origin             Length             Attributes
rom              0x00000000         0x00040000         xr
ram              0x1fff8000         0x00010000         xrw
*default*        0x00000000         0xffffffff

Linker script and memory map

LOAD c:/program files (x86)/cypress/psoc creator/4.4/psoc creator/import/gnu/arm/5.4.1/bin/../lib/gcc/arm-none-eabi/5.4.1/armv7-m/crti.o
LOAD c:/program files (x86)/cypress/psoc creator/4.4/psoc creator/import/gnu/arm/5.4.1/bin/../lib/gcc/arm-none-eabi/5.4.1/armv7-m/crtbegin.o
LOAD c:/program files (x86)/cypress/psoc creator/4.4/psoc creator/import/gnu/arm/5.4.1/bin/../lib/gcc/arm-none-eabi/5.4.1/../../../../arm-none-eabi/lib/armv7-m/crt0.o
START GROUP
LOAD .\CortexM3\ARM_GCC_541\Debug\main.o
LOAD .\CortexM3\ARM_GCC_541\Debug\can_comm.o
LOAD .\CortexM3\ARM_GCC_541\Debug\hybrid_mode.o
LOAD .\CortexM3\ARM_GCC_541\Debug\user_input.o
LOAD .\CortexM3\ARM_GCC_541\Debug\cyfitter_cfg.o
LOAD .\CortexM3\ARM_GCC_541\Debug\cymetadata.o
LOAD .\CortexM3\ARM_GCC_541\Debug\Cm3Start.o
LOAD .\CortexM3\ARM_GCC_541\Debug\HCM_UPBDrive.a
LOAD C:\Program Files (x86)\Cypress\PSoC Creator\4.4\PSoC Creator\psoc\content\cycomponentlibrary\CyComponentLibrary.cylib\CortexM3\ARM_GCC_541\Debug\CyComponentLibrary.a
END GROUP
START GROUP
LOAD c:/program files (x86)/cypress/psoc creator/4.4/psoc creator/import/gnu/arm/5.4.1/bin/../lib/gcc/arm-none-eabi/5.4.1/armv7-m\libgcc.a
LOAD c:/program files (x86)/cypress/psoc creator/4.4/psoc creator/import/gnu/arm/5.4.1/bin/../lib/gcc/arm-none-eabi/5.4.1/../../../../arm-none-eabi/lib/armv7-m\libg_nano.a
LOAD c:/program files (x86)/cypress/psoc creator/4.4/psoc creator/import/gnu/arm/5.4.1/bin/../lib/gcc/arm-none-eabi/5.4.1/../../../../arm-none-eabi/lib/armv7-m\libc_nano.a
END GROUP
START GROUP
LOAD c:/program files (x86)/cypress/psoc creator/4.4/psoc creator/import/gnu/arm/5.4.1/bin/../lib/gcc/arm-none-eabi/5.4.1/armv7-m\libgcc.a
LOAD c:/program files (x86)/cypress/psoc creator/4.4/psoc creator/import/gnu/arm/5.4.1/bin/../lib/gcc/arm-none-eabi/5.4.1/../../../../arm-none-eabi/lib/armv7-m\libc_nano.a
END GROUP
LOAD c:/program files (x86)/cypress/psoc creator/4.4/psoc creator/import/gnu/arm/5.4.1/bin/../lib/gcc/arm-none-eabi/5.4.1/armv7-m/crtend.o
LOAD c:/program files (x86)/cypress/psoc creator/4.4/psoc creator/import/gnu/arm/5.4.1/bin/../lib/gcc/arm-none-eabi/5.4.1/armv7-m/crtn.o
START GROUP
LOAD c:/program files (x86)/cypress/psoc creator/4.4/psoc creator/import/gnu/arm/5.4.1/bin/../lib/gcc/arm-none-eabi/5.4.1/armv7-m\libgcc.a
LOAD c:/program files (x86)/cypress/psoc creator/4.4/psoc creator/import/gnu/arm/5.4.1/bin/../lib/gcc/arm-none-eabi/5.4.1/../../../../arm-none-eabi/lib/armv7-m\libc.a
LOAD c:/program files (x86)/cypress/psoc creator/4.4/psoc creator/import/gnu/arm/5.4.1/bin/../lib/gcc/arm-none-eabi/5.4.1/../../../../arm-none-eabi/lib/armv7-m\libnosys.a
END GROUP
                0x00000000                CY_APPL_ORIGIN = 0x0
                0x00000100                CY_FLASH_ROW_SIZE = 0x100
                0x00000020                CY_ECC_ROW_SIZE = 0x20
                0x00000000                CY_EE_IN_BTLDR = 0x0
                0x00000000                CY_APPL_LOADABLE = 0x0
                0x00000800                CY_EE_SIZE = 0x800
                0x00000001                CY_APPL_NUM = 0x1
                0x00000001                CY_APPL_MAX = 0x1
                0x00000040                CY_METADATA_SIZE = 0x40
                0x00000000                CY_APPL_LOADABLE = 0x0
                0x00000000                CY_CHECKSUM_EXCLUDE_SIZE = ALIGN (0x0, CY_FLASH_ROW_SIZE)
                [!provide]                PROVIDE (__cy_heap_start, _end)
                0x00000001                PROVIDE (__cy_region_num, ((__cy_regions_end - __cy_regions) / 0x10))
                0x20008000                PROVIDE (__cy_stack, (ORIGIN (ram) + LENGTH (ram)))
                [!provide]                PROVIDE (__cy_heap_end, (__cy_stack - 0x800))

.cybootloader   0x00000000        0x0
 *(.cybootloader)
                0x00000000                appl1_start = CY_APPL_ORIGIN?CY_APPL_ORIGIN:ALIGN (CY_FLASH_ROW_SIZE)
                0x0001ff00                appl2_start = (appl1_start + ALIGN ((((LENGTH (rom) - appl1_start) - (0x2 * CY_FLASH_ROW_SIZE)) / 0x2), CY_FLASH_ROW_SIZE))
                0x00000000                appl_start = (CY_APPL_NUM == 0x1)?appl1_start:appl2_start
                0x00000000                ecc_offset = ((appl_start / CY_FLASH_ROW_SIZE) * CY_ECC_ROW_SIZE)
                0x00000000                ee_offset = (CY_APPL_LOADABLE && ! (CY_EE_IN_BTLDR))?((CY_EE_SIZE / CY_APPL_MAX) * (CY_APPL_NUM - 0x1)):0x0
                0x00000800                ee_size = (CY_APPL_LOADABLE && ! (CY_EE_IN_BTLDR))?(CY_EE_SIZE / CY_APPL_MAX):CY_EE_SIZE
                [!provide]                PROVIDE (CY_ECC_OFFSET, ecc_offset)

.text           0x00000000     0x514a
 CREATE_OBJECT_SYMBOLS
                0x00000000                PROVIDE (__cy_interrupt_vector, RomVectors)
 *(.romvectors)
 .romvectors    0x00000000       0x10 .\CortexM3\ARM_GCC_541\Debug\Cm3Start.o
                0x00000000                RomVectors
                0x00000001                ASSERT ((. != __cy_interrupt_vector), No interrupt vector)
                0x00000001                ASSERT (CY_APPL_ORIGIN?(SIZEOF (.cybootloader) <= CY_APPL_ORIGIN):0x1, Wrong image location)
                0x00000010                PROVIDE (__cy_reset, Reset)
 *(.text.Reset)
 .text.Reset    0x00000010       0x18 .\CortexM3\ARM_GCC_541\Debug\Cm3Start.o
                0x00000010                Reset
                0x00000001                ASSERT ((. != __cy_reset), No reset code)
 *(.dma_init)
                0x00000001                ASSERT ((((appl_start + .) <= 0x10000) || 0x1), DMA Init must be within the first 64k of flash)
 *(.text .text.* .gnu.linkonce.t.*)
 .text          0x00000028        0x0 c:/program files (x86)/cypress/psoc creator/4.4/psoc creator/import/gnu/arm/5.4.1/bin/../lib/gcc/arm-none-eabi/5.4.1/armv7-m/crti.o
 .text          0x00000028       0x5c c:/program files (x86)/cypress/psoc creator/4.4/psoc creator/import/gnu/arm/5.4.1/bin/../lib/gcc/arm-none-eabi/5.4.1/armv7-m/crtbegin.o
 .text          0x00000084       0x74 c:/program files (x86)/cypress/psoc creator/4.4/psoc creator/import/gnu/arm/5.4.1/bin/../lib/gcc/arm-none-eabi/5.4.1/../../../../arm-none-eabi/lib/armv7-m/crt0.o
                0x00000084                _start
                0x00000084                _mainCRTStartup
 .text          0x000000f8        0x0 .\CortexM3\ARM_GCC_541\Debug\main.o
 .text.init     0x000000f8       0x1c .\CortexM3\ARM_GCC_541\Debug\main.o
                0x000000f8                init
 .text.main     0x00000114       0x6c .\CortexM3\ARM_GCC_541\Debug\main.o
                0x00000114                main
 .text          0x00000180        0x0 .\CortexM3\ARM_GCC_541\Debug\can_comm.o
 .text.CAN_Transmit_To_ESC
                0x00000180       0x58 .\CortexM3\ARM_GCC_541\Debug\can_comm.o
                0x00000180                CAN_Transmit_To_ESC
 .text.CAN_Read_From_ECU
                0x000001d8       0xd0 .\CortexM3\ARM_GCC_541\Debug\can_comm.o
                0x000001d8                CAN_Read_From_ECU
 .text.ISR_CAN  0x000002a8       0x34 .\CortexM3\ARM_GCC_541\Debug\can_comm.o
                0x000002a8                ISR_CAN
 .text          0x000002dc        0x0 .\CortexM3\ARM_GCC_541\Debug\hybrid_mode.o
 .text.TPS_to_Duty_Cycle_Percentage
                0x000002dc       0x3c .\CortexM3\ARM_GCC_541\Debug\hybrid_mode.o
                0x000002dc                TPS_to_Duty_Cycle_Percentage
 .text.Map_Duty_Cycle
                0x00000318       0x2c .\CortexM3\ARM_GCC_541\Debug\hybrid_mode.o
                0x00000318                Map_Duty_Cycle
 .text.Emergency_Stop
                0x00000344       0x1c .\CortexM3\ARM_GCC_541\Debug\hybrid_mode.o
                0x00000344                Emergency_Stop
 .text.Set_Strategy
                0x00000360       0xd4 .\CortexM3\ARM_GCC_541\Debug\hybrid_mode.o
                0x00000360                Set_Strategy
 .text.Set_Strategy_Freewheel
                0x00000434       0x1c .\CortexM3\ARM_GCC_541\Debug\hybrid_mode.o
                0x00000434                Set_Strategy_Freewheel
 .text.Set_Strategy_Manual
                0x00000450        0xc .\CortexM3\ARM_GCC_541\Debug\hybrid_mode.o
                0x00000450                Set_Strategy_Manual
 .text.Set_Strategy_Launch_Assist
                0x0000045c       0x58 .\CortexM3\ARM_GCC_541\Debug\hybrid_mode.o
                0x0000045c                Set_Strategy_Launch_Assist
 .text.Set_Strategy_Auto_No_Regen
                0x000004b4       0x3c .\CortexM3\ARM_GCC_541\Debug\hybrid_mode.o
                0x000004b4                Set_Strategy_Auto_No_Regen
 .text.Set_Strategy_Auto_Brake_Regen
                0x000004f0       0x44 .\CortexM3\ARM_GCC_541\Debug\hybrid_mode.o
                0x000004f0                Set_Strategy_Auto_Brake_Regen
 .text.Set_Strategy_Auto_Always_Regen
                0x00000534       0x64 .\CortexM3\ARM_GCC_541\Debug\hybrid_mode.o
                0x00000534                Set_Strategy_Auto_Always_Regen
 .text          0x00000598        0x0 .\CortexM3\ARM_GCC_541\Debug\user_input.o
 .text.Read_Rotary_Switch
                0x00000598       0x64 .\CortexM3\ARM_GCC_541\Debug\user_input.o
                0x00000598                Read_Rotary_Switch
 .text.Read_Boost_Button
                0x000005fc       0x24 .\CortexM3\ARM_GCC_541\Debug\user_input.o
                0x000005fc                Read_Boost_Button
 .text          0x00000620        0x0 .\CortexM3\ARM_GCC_541\Debug\cyfitter_cfg.o
 .text.CYMEMZERO
                0x00000620       0x1c .\CortexM3\ARM_GCC_541\Debug\cyfitter_cfg.o
 .text.CYCONFIGCPY
                0x0000063c       0x20 .\CortexM3\ARM_GCC_541\Debug\cyfitter_cfg.o
 .text.CYCONFIGCPYCODE
                0x0000065c       0x20 .\CortexM3\ARM_GCC_541\Debug\cyfitter_cfg.o
 .text.CyClockStartupError
                0x0000067c        0xc .\CortexM3\ARM_GCC_541\Debug\cyfitter_cfg.o
 .text.cfg_write_bytes32
                0x00000688       0x74 .\CortexM3\ARM_GCC_541\Debug\cyfitter_cfg.o
 .text.ClockSetup
                0x000006fc       0xd8 .\CortexM3\ARM_GCC_541\Debug\cyfitter_cfg.o
 .text.AnalogSetDefault
                0x000007d4       0x44 .\CortexM3\ARM_GCC_541\Debug\cyfitter_cfg.o
 .text.SetAnalogRoutingPumps
                0x00000818       0x28 .\CortexM3\ARM_GCC_541\Debug\cyfitter_cfg.o
                0x00000818                SetAnalogRoutingPumps
 .text.cyfitter_cfg
                0x00000840      0x110 .\CortexM3\ARM_GCC_541\Debug\cyfitter_cfg.o
                0x00000840                cyfitter_cfg
 .text          0x00000950        0x0 .\CortexM3\ARM_GCC_541\Debug\cymetadata.o
 .text          0x00000950        0x0 .\CortexM3\ARM_GCC_541\Debug\Cm3Start.o
 .text.IntDefaultHandler
                0x00000950       0x14 .\CortexM3\ARM_GCC_541\Debug\Cm3Start.o
                0x00000950                IntDefaultHandler
 .text._exit    0x00000964       0x14 .\CortexM3\ARM_GCC_541\Debug\Cm3Start.o
                0x00000964                _exit
 .text._sbrk    0x00000978       0x50 .\CortexM3\ARM_GCC_541\Debug\Cm3Start.o
                0x00000978                _sbrk
 .text.Start_c  0x000009c8       0x98 .\CortexM3\ARM_GCC_541\Debug\Cm3Start.o
                0x000009c8                Start_c
 .text.initialize_psoc
                0x00000a60       0x90 .\CortexM3\ARM_GCC_541\Debug\Cm3Start.o
                0x00000a60                initialize_psoc
 .text          0x00000af0        0x0 .\CortexM3\ARM_GCC_541\Debug\HCM_UPBDrive.a(CAN.o)
 .text.CAN_RxTxBuffersConfig
                0x00000af0       0x80 .\CortexM3\ARM_GCC_541\Debug\HCM_UPBDrive.a(CAN.o)
                0x00000af0                CAN_RxTxBuffersConfig
 .text.CAN_Init
                0x00000b70      0x128 .\CortexM3\ARM_GCC_541\Debug\HCM_UPBDrive.a(CAN.o)
                0x00000b70                CAN_Init
 .text.CAN_Enable
                0x00000c98       0xa4 .\CortexM3\ARM_GCC_541\Debug\HCM_UPBDrive.a(CAN.o)
                0x00000c98                CAN_Enable
 .text.CAN_Start
                0x00000d3c       0x3c .\CortexM3\ARM_GCC_541\Debug\HCM_UPBDrive.a(CAN.o)
                0x00000d3c                CAN_Start
 .text.CAN_Stop
                0x00000d78       0x94 .\CortexM3\ARM_GCC_541\Debug\HCM_UPBDrive.a(CAN.o)
                0x00000d78                CAN_Stop
 .text.CAN_GlobalIntEnable
                0x00000e0c       0x3c .\CortexM3\ARM_GCC_541\Debug\HCM_UPBDrive.a(CAN.o)
                0x00000e0c                CAN_GlobalIntEnable
 .text.CAN_GlobalIntDisable
                0x00000e48       0x3c .\CortexM3\ARM_GCC_541\Debug\HCM_UPBDrive.a(CAN.o)
                0x00000e48                CAN_GlobalIntDisable
 .text.CAN_SetPreScaler
                0x00000e84       0x40 .\CortexM3\ARM_GCC_541\Debug\HCM_UPBDrive.a(CAN.o)
                0x00000e84                CAN_SetPreScaler
 .text.CAN_SetArbiter
                0x00000ec4       0x6c .\CortexM3\ARM_GCC_541\Debug\HCM_UPBDrive.a(CAN.o)
                0x00000ec4                CAN_SetArbiter
 .text.CAN_SetTsegSample
                0x00000f30       0xd4 .\CortexM3\ARM_GCC_541\Debug\HCM_UPBDrive.a(CAN.o)
                0x00000f30                CAN_SetTsegSample
 .text.CAN_SetRestartType
                0x00001004       0x6c .\CortexM3\ARM_GCC_541\Debug\HCM_UPBDrive.a(CAN.o)
                0x00001004                CAN_SetRestartType
 .text.CAN_SetEdgeMode
                0x00001070       0x6c .\CortexM3\ARM_GCC_541\Debug\HCM_UPBDrive.a(CAN.o)
                0x00001070                CAN_SetEdgeMode
 .text.CAN_SetOpMode
                0x000010dc       0xc8 .\CortexM3\ARM_GCC_541\Debug\HCM_UPBDrive.a(CAN.o)
                0x000010dc                CAN_SetOpMode
 .text.CAN_RXRegisterInit
                0x000011a4       0xa0 .\CortexM3\ARM_GCC_541\Debug\HCM_UPBDrive.a(CAN.o)
                0x000011a4                CAN_RXRegisterInit
 .text.CAN_SetIrqMask
                0x00001244       0x34 .\CortexM3\ARM_GCC_541\Debug\HCM_UPBDrive.a(CAN.o)
                0x00001244                CAN_SetIrqMask
 .text.CAN_GetTXErrorFlag
                0x00001278       0x24 .\CortexM3\ARM_GCC_541\Debug\HCM_UPBDrive.a(CAN.o)
                0x00001278                CAN_GetTXErrorFlag
 .text.CAN_GetRXErrorFlag
                0x0000129c       0x24 .\CortexM3\ARM_GCC_541\Debug\HCM_UPBDrive.a(CAN.o)
                0x0000129c                CAN_GetRXErrorFlag
 .text.CAN_GetTXErrorCount
                0x000012c0       0x18 .\CortexM3\ARM_GCC_541\Debug\HCM_UPBDrive.a(CAN.o)
                0x000012c0                CAN_GetTXErrorCount
 .text.CAN_GetRXErrorCount
                0x000012d8       0x18 .\CortexM3\ARM_GCC_541\Debug\HCM_UPBDrive.a(CAN.o)
                0x000012d8                CAN_GetRXErrorCount
 .text.CAN_GetErrorState
                0x000012f0       0x1c .\CortexM3\ARM_GCC_541\Debug\HCM_UPBDrive.a(CAN.o)
                0x000012f0                CAN_GetErrorState
 .text.CAN_RxBufConfig
                0x0000130c       0xec .\CortexM3\ARM_GCC_541\Debug\HCM_UPBDrive.a(CAN.o)
                0x0000130c                CAN_RxBufConfig
 .text.CAN_TxBufConfig
                0x000013f8       0x88 .\CortexM3\ARM_GCC_541\Debug\HCM_UPBDrive.a(CAN.o)
                0x000013f8                CAN_TxBufConfig
 .text          0x00001480        0x0 .\CortexM3\ARM_GCC_541\Debug\HCM_UPBDrive.a(CAN_INT.o)
 .text.CAN_ISR  0x00001480        0xc .\CortexM3\ARM_GCC_541\Debug\HCM_UPBDrive.a(CAN_INT.o)
                0x00001480                CAN_ISR
 .text          0x0000148c        0x0 .\CortexM3\ARM_GCC_541\Debug\HCM_UPBDrive.a(CAN_TX_RX_func.o)
 .text.CAN_SendMsg
                0x0000148c      0x180 .\CortexM3\ARM_GCC_541\Debug\HCM_UPBDrive.a(CAN_TX_RX_func.o)
                0x0000148c                CAN_SendMsg
 .text.CAN_TxCancel
                0x0000160c       0x44 .\CortexM3\ARM_GCC_541\Debug\HCM_UPBDrive.a(CAN_TX_RX_func.o)
                0x0000160c                CAN_TxCancel
 .text.CAN_SendMsgESC_control
                0x00001650       0x3c .\CortexM3\ARM_GCC_541\Debug\HCM_UPBDrive.a(CAN_TX_RX_func.o)
                0x00001650                CAN_SendMsgESC_control
 .text.CAN_ReceiveMsg
                0x0000168c       0x48 .\CortexM3\ARM_GCC_541\Debug\HCM_UPBDrive.a(CAN_TX_RX_func.o)
                0x0000168c                CAN_ReceiveMsg
 .text.CAN_ReceiveMsgECU_receive
                0x000016d4       0x20 .\CortexM3\ARM_GCC_541\Debug\HCM_UPBDrive.a(CAN_TX_RX_func.o)
                0x000016d4                CAN_ReceiveMsgECU_receive
 .text          0x000016f4        0x0 .\CortexM3\ARM_GCC_541\Debug\HCM_UPBDrive.a(Boost_Button.o)
 .text.Boost_Button_Write
                0x000016f4       0x38 .\CortexM3\ARM_GCC_541\Debug\HCM_UPBDrive.a(Boost_Button.o)
                0x000016f4                Boost_Button_Write
 .text.Boost_Button_SetDriveMode
                0x0000172c       0x3c .\CortexM3\ARM_GCC_541\Debug\HCM_UPBDrive.a(Boost_Button.o)
                0x0000172c                Boost_Button_SetDriveMode
 .text.Boost_Button_Read
                0x00001768       0x1c .\CortexM3\ARM_GCC_541\Debug\HCM_UPBDrive.a(Boost_Button.o)
                0x00001768                Boost_Button_Read
 .text.Boost_Button_ReadDataReg
                0x00001784       0x1c .\CortexM3\ARM_GCC_541\Debug\HCM_UPBDrive.a(Boost_Button.o)
                0x00001784                Boost_Button_ReadDataReg
 .text          0x000017a0        0x0 .\CortexM3\ARM_GCC_541\Debug\HCM_UPBDrive.a(AIR_enable.o)
 .text.AIR_enable_Write
                0x000017a0       0x34 .\CortexM3\ARM_GCC_541\Debug\HCM_UPBDrive.a(AIR_enable.o)
                0x000017a0                AIR_enable_Write
 .text.AIR_enable_SetDriveMode
                0x000017d4       0x3c .\CortexM3\ARM_GCC_541\Debug\HCM_UPBDrive.a(AIR_enable.o)
                0x000017d4                AIR_enable_SetDriveMode
 .text.AIR_enable_Read
                0x00001810       0x20 .\CortexM3\ARM_GCC_541\Debug\HCM_UPBDrive.a(AIR_enable.o)
                0x00001810                AIR_enable_Read
 .text.AIR_enable_ReadDataReg
                0x00001830       0x20 .\CortexM3\ARM_GCC_541\Debug\HCM_UPBDrive.a(AIR_enable.o)
                0x00001830                AIR_enable_ReadDataReg
 .text          0x00001850        0x0 .\CortexM3\ARM_GCC_541\Debug\HCM_UPBDrive.a(CyLib.o)
 .text.CyPLL_OUT_Start
                0x00001850       0xb0 .\CortexM3\ARM_GCC_541\Debug\HCM_UPBDrive.a(CyLib.o)
                0x00001850                CyPLL_OUT_Start
 .text.CyPLL_OUT_Stop
                0x00001900       0x20 .\CortexM3\ARM_GCC_541\Debug\HCM_UPBDrive.a(CyLib.o)
                0x00001900                CyPLL_OUT_Stop
 .text.CyPLL_OUT_SetPQ
                0x00001920       0x94 .\CortexM3\ARM_GCC_541\Debug\HCM_UPBDrive.a(CyLib.o)
                0x00001920                CyPLL_OUT_SetPQ
 .text.CyPLL_OUT_SetSource
                0x000019b4       0x58 .\CortexM3\ARM_GCC_541\Debug\HCM_UPBDrive.a(CyLib.o)
                0x000019b4                CyPLL_OUT_SetSource
 .text.CyIMO_Start
                0x00001a0c       0x94 .\CortexM3\ARM_GCC_541\Debug\HCM_UPBDrive.a(CyLib.o)
                0x00001a0c                CyIMO_Start
 .text.CyIMO_Stop
                0x00001aa0       0x34 .\CortexM3\ARM_GCC_541\Debug\HCM_UPBDrive.a(CyLib.o)
                0x00001aa0                CyIMO_Stop
 .text.CyUSB_PowerOnCheck
                0x00001ad4       0x60 .\CortexM3\ARM_GCC_541\Debug\HCM_UPBDrive.a(CyLib.o)
 .text.CyIMO_SetTrimValue
                0x00001b34      0x108 .\CortexM3\ARM_GCC_541\Debug\HCM_UPBDrive.a(CyLib.o)
 .text.CyIMO_SetFreq
                0x00001c3c      0x1b0 .\CortexM3\ARM_GCC_541\Debug\HCM_UPBDrive.a(CyLib.o)
                0x00001c3c                CyIMO_SetFreq
 .text.CyIMO_SetSource
                0x00001dec       0x8c .\CortexM3\ARM_GCC_541\Debug\HCM_UPBDrive.a(CyLib.o)
                0x00001dec                CyIMO_SetSource
 .text.CyIMO_EnableDoubler
                0x00001e78       0x20 .\CortexM3\ARM_GCC_541\Debug\HCM_UPBDrive.a(CyLib.o)
                0x00001e78                CyIMO_EnableDoubler
 .text.CyIMO_DisableDoubler
                0x00001e98       0x20 .\CortexM3\ARM_GCC_541\Debug\HCM_UPBDrive.a(CyLib.o)
                0x00001e98                CyIMO_DisableDoubler
 .text.CyMasterClk_SetSource
                0x00001eb8       0x34 .\CortexM3\ARM_GCC_541\Debug\HCM_UPBDrive.a(CyLib.o)
                0x00001eb8                CyMasterClk_SetSource
 .text.CyMasterClk_SetDivider
                0x00001eec       0x20 .\CortexM3\ARM_GCC_541\Debug\HCM_UPBDrive.a(CyLib.o)
                0x00001eec                CyMasterClk_SetDivider
 .text.CyBusClk_Internal_SetDivider
                0x00001f0c       0x78 .\CortexM3\ARM_GCC_541\Debug\HCM_UPBDrive.a(CyLib.o)
 .text.CyBusClk_SetDivider
                0x00001f84       0xb4 .\CortexM3\ARM_GCC_541\Debug\HCM_UPBDrive.a(CyLib.o)
                0x00001f84                CyBusClk_SetDivider
 .text.CyUsbClk_SetSource
                0x00002038       0x34 .\CortexM3\ARM_GCC_541\Debug\HCM_UPBDrive.a(CyLib.o)
                0x00002038                CyUsbClk_SetSource
 .text.CyILO_Start1K
                0x0000206c       0x20 .\CortexM3\ARM_GCC_541\Debug\HCM_UPBDrive.a(CyLib.o)
                0x0000206c                CyILO_Start1K
 .text.CyILO_Stop1K
                0x0000208c       0x20 .\CortexM3\ARM_GCC_541\Debug\HCM_UPBDrive.a(CyLib.o)
                0x0000208c                CyILO_Stop1K
 .text.CyILO_Start100K
                0x000020ac       0x20 .\CortexM3\ARM_GCC_541\Debug\HCM_UPBDrive.a(CyLib.o)
                0x000020ac                CyILO_Start100K
 .text.CyILO_Stop100K
                0x000020cc       0x20 .\CortexM3\ARM_GCC_541\Debug\HCM_UPBDrive.a(CyLib.o)
                0x000020cc                CyILO_Stop100K
 .text.CyILO_Enable33K
                0x000020ec       0x20 .\CortexM3\ARM_GCC_541\Debug\HCM_UPBDrive.a(CyLib.o)
                0x000020ec                CyILO_Enable33K
 .text.CyILO_Disable33K
                0x0000210c       0x20 .\CortexM3\ARM_GCC_541\Debug\HCM_UPBDrive.a(CyLib.o)
                0x0000210c                CyILO_Disable33K
 .text.CyILO_SetSource
                0x0000212c       0x38 .\CortexM3\ARM_GCC_541\Debug\HCM_UPBDrive.a(CyLib.o)
                0x0000212c                CyILO_SetSource
 .text.CyILO_SetPowerMode
                0x00002164       0x4c .\CortexM3\ARM_GCC_541\Debug\HCM_UPBDrive.a(CyLib.o)
                0x00002164                CyILO_SetPowerMode
 .text.CyXTAL_32KHZ_Start
                0x000021b0       0x88 .\CortexM3\ARM_GCC_541\Debug\HCM_UPBDrive.a(CyLib.o)
                0x000021b0                CyXTAL_32KHZ_Start
 .text.CyXTAL_32KHZ_Stop
                0x00002238       0x50 .\CortexM3\ARM_GCC_541\Debug\HCM_UPBDrive.a(CyLib.o)
                0x00002238                CyXTAL_32KHZ_Stop
 .text.CyXTAL_32KHZ_ReadStatus
                0x00002288       0x1c .\CortexM3\ARM_GCC_541\Debug\HCM_UPBDrive.a(CyLib.o)
                0x00002288                CyXTAL_32KHZ_ReadStatus
 .text.CyXTAL_32KHZ_SetPowerMode
                0x000022a4       0xb4 .\CortexM3\ARM_GCC_541\Debug\HCM_UPBDrive.a(CyLib.o)
                0x000022a4                CyXTAL_32KHZ_SetPowerMode
 .text.CyXTAL_Start
                0x00002358       0xd0 .\CortexM3\ARM_GCC_541\Debug\HCM_UPBDrive.a(CyLib.o)
                0x00002358                CyXTAL_Start
 .text.CyXTAL_Stop
                0x00002428       0x20 .\CortexM3\ARM_GCC_541\Debug\HCM_UPBDrive.a(CyLib.o)
                0x00002428                CyXTAL_Stop
 .text.CyXTAL_EnableErrStatus
                0x00002448       0x20 .\CortexM3\ARM_GCC_541\Debug\HCM_UPBDrive.a(CyLib.o)
                0x00002448                CyXTAL_EnableErrStatus
 .text.CyXTAL_DisableErrStatus
                0x00002468       0x20 .\CortexM3\ARM_GCC_541\Debug\HCM_UPBDrive.a(CyLib.o)
                0x00002468                CyXTAL_DisableErrStatus
 .text.CyXTAL_ReadStatus
                0x00002488       0x24 .\CortexM3\ARM_GCC_541\Debug\HCM_UPBDrive.a(CyLib.o)
                0x00002488                CyXTAL_ReadStatus
 .text.CyXTAL_EnableFaultRecovery
                0x000024ac       0x20 .\CortexM3\ARM_GCC_541\Debug\HCM_UPBDrive.a(CyLib.o)
                0x000024ac                CyXTAL_EnableFaultRecovery
 .text.CyXTAL_DisableFaultRecovery
                0x000024cc       0x20 .\CortexM3\ARM_GCC_541\Debug\HCM_UPBDrive.a(CyLib.o)
                0x000024cc                CyXTAL_DisableFaultRecovery
 .text.CyXTAL_SetStartup
                0x000024ec       0x34 .\CortexM3\ARM_GCC_541\Debug\HCM_UPBDrive.a(CyLib.o)
                0x000024ec                CyXTAL_SetStartup
 .text.CyXTAL_SetFbVoltage
                0x00002520       0x34 .\CortexM3\ARM_GCC_541\Debug\HCM_UPBDrive.a(CyLib.o)
                0x00002520                CyXTAL_SetFbVoltage
 .text.CyXTAL_SetWdVoltage
                0x00002554       0x38 .\CortexM3\ARM_GCC_541\Debug\HCM_UPBDrive.a(CyLib.o)
                0x00002554                CyXTAL_SetWdVoltage
 .text.CyHalt   0x0000258c       0x18 .\CortexM3\ARM_GCC_541\Debug\HCM_UPBDrive.a(CyLib.o)
                0x0000258c                CyHalt
 .text.CySoftwareReset
                0x000025a4       0x20 .\CortexM3\ARM_GCC_541\Debug\HCM_UPBDrive.a(CyLib.o)
                0x000025a4                CySoftwareReset
 .text.CyDelay  0x000025c4       0x44 .\CortexM3\ARM_GCC_541\Debug\HCM_UPBDrive.a(CyLib.o)
                0x000025c4                CyDelay
 .text.CyDelayUs
                0x00002608       0x28 .\CortexM3\ARM_GCC_541\Debug\HCM_UPBDrive.a(CyLib.o)
                0x00002608                CyDelayUs
 .text.CyDelayFreq
                0x00002630       0x7c .\CortexM3\ARM_GCC_541\Debug\HCM_UPBDrive.a(CyLib.o)
                0x00002630                CyDelayFreq
 .text.CyWdtStart
                0x000026ac       0x8c .\CortexM3\ARM_GCC_541\Debug\HCM_UPBDrive.a(CyLib.o)
                0x000026ac                CyWdtStart
 .text.CyWdtClear
                0x00002738       0x18 .\CortexM3\ARM_GCC_541\Debug\HCM_UPBDrive.a(CyLib.o)
                0x00002738                CyWdtClear
 .text.CyVdLvDigitEnable
                0x00002750       0xcc .\CortexM3\ARM_GCC_541\Debug\HCM_UPBDrive.a(CyLib.o)
                0x00002750                CyVdLvDigitEnable
 .text.CyVdLvAnalogEnable
                0x0000281c       0xcc .\CortexM3\ARM_GCC_541\Debug\HCM_UPBDrive.a(CyLib.o)
                0x0000281c                CyVdLvAnalogEnable
 .text.CyVdLvDigitDisable
                0x000028e8       0x48 .\CortexM3\ARM_GCC_541\Debug\HCM_UPBDrive.a(CyLib.o)
                0x000028e8                CyVdLvDigitDisable
 .text.CyVdLvAnalogDisable
                0x00002930       0x44 .\CortexM3\ARM_GCC_541\Debug\HCM_UPBDrive.a(CyLib.o)
                0x00002930                CyVdLvAnalogDisable
 .text.CyVdHvAnalogEnable
                0x00002974       0x7c .\CortexM3\ARM_GCC_541\Debug\HCM_UPBDrive.a(CyLib.o)
                0x00002974                CyVdHvAnalogEnable
 .text.CyVdHvAnalogDisable
                0x000029f0       0x30 .\CortexM3\ARM_GCC_541\Debug\HCM_UPBDrive.a(CyLib.o)
                0x000029f0                CyVdHvAnalogDisable
 .text.CyVdStickyStatus
                0x00002a20       0x5c .\CortexM3\ARM_GCC_541\Debug\HCM_UPBDrive.a(CyLib.o)
                0x00002a20                CyVdStickyStatus
 .text.CyVdRealTimeStatus
                0x00002a7c       0x30 .\CortexM3\ARM_GCC_541\Debug\HCM_UPBDrive.a(CyLib.o)
                0x00002a7c                CyVdRealTimeStatus
 .text.CyDisableInts
                0x00002aac       0x34 .\CortexM3\ARM_GCC_541\Debug\HCM_UPBDrive.a(CyLib.o)
                0x00002aac                CyDisableInts
 .text.CyEnableInts
                0x00002ae0       0x2c .\CortexM3\ARM_GCC_541\Debug\HCM_UPBDrive.a(CyLib.o)
                0x00002ae0                CyEnableInts
 .text.CyFlushCache
                0x00002b0c       0x5c .\CortexM3\ARM_GCC_541\Debug\HCM_UPBDrive.a(CyLib.o)
                0x00002b0c                CyFlushCache
 .text.CyIntSetSysVector
                0x00002b68       0x4c .\CortexM3\ARM_GCC_541\Debug\HCM_UPBDrive.a(CyLib.o)
                0x00002b68                CyIntSetSysVector
 .text.CyIntGetSysVector
                0x00002bb4       0x38 .\CortexM3\ARM_GCC_541\Debug\HCM_UPBDrive.a(CyLib.o)
                0x00002bb4                CyIntGetSysVector
 .text.CyIntSetVector
                0x00002bec       0x50 .\CortexM3\ARM_GCC_541\Debug\HCM_UPBDrive.a(CyLib.o)
                0x00002bec                CyIntSetVector
 .text.CyIntGetVector
                0x00002c3c       0x38 .\CortexM3\ARM_GCC_541\Debug\HCM_UPBDrive.a(CyLib.o)
                0x00002c3c                CyIntGetVector
 .text.CyIntSetPriority
                0x00002c74       0x48 .\CortexM3\ARM_GCC_541\Debug\HCM_UPBDrive.a(CyLib.o)
                0x00002c74                CyIntSetPriority
 .text.CyIntGetPriority
                0x00002cbc       0x38 .\CortexM3\ARM_GCC_541\Debug\HCM_UPBDrive.a(CyLib.o)
                0x00002cbc                CyIntGetPriority
 .text.CyIntGetState
                0x00002cf4       0x44 .\CortexM3\ARM_GCC_541\Debug\HCM_UPBDrive.a(CyLib.o)
                0x00002cf4                CyIntGetState
 .text.CySysTickStart
                0x00002d38       0x24 .\CortexM3\ARM_GCC_541\Debug\HCM_UPBDrive.a(CyLib.o)
                0x00002d38                CySysTickStart
 .text.CySysTickInit
                0x00002d5c       0x6c .\CortexM3\ARM_GCC_541\Debug\HCM_UPBDrive.a(CyLib.o)
                0x00002d5c                CySysTickInit
 .text.CySysTickEnable
                0x00002dc8       0x1c .\CortexM3\ARM_GCC_541\Debug\HCM_UPBDrive.a(CyLib.o)
                0x00002dc8                CySysTickEnable
 .text.CySysTickStop
                0x00002de4       0x1c .\CortexM3\ARM_GCC_541\Debug\HCM_UPBDrive.a(CyLib.o)
                0x00002de4                CySysTickStop
 .text.CySysTickEnableInterrupt
                0x00002e00       0x1c .\CortexM3\ARM_GCC_541\Debug\HCM_UPBDrive.a(CyLib.o)
                0x00002e00                CySysTickEnableInterrupt
 .text.CySysTickDisableInterrupt
                0x00002e1c       0x1c .\CortexM3\ARM_GCC_541\Debug\HCM_UPBDrive.a(CyLib.o)
                0x00002e1c                CySysTickDisableInterrupt
 .text.CySysTickSetReload
                0x00002e38       0x20 .\CortexM3\ARM_GCC_541\Debug\HCM_UPBDrive.a(CyLib.o)
                0x00002e38                CySysTickSetReload
 .text.CySysTickGetReload
                0x00002e58       0x18 .\CortexM3\ARM_GCC_541\Debug\HCM_UPBDrive.a(CyLib.o)
                0x00002e58                CySysTickGetReload
 .text.CySysTickGetValue
                0x00002e70       0x18 .\CortexM3\ARM_GCC_541\Debug\HCM_UPBDrive.a(CyLib.o)
                0x00002e70                CySysTickGetValue
 .text.CySysTickSetClockSource
                0x00002e88       0x38 .\CortexM3\ARM_GCC_541\Debug\HCM_UPBDrive.a(CyLib.o)
                0x00002e88                CySysTickSetClockSource
 .text.CySysTickGetClockSource
                0x00002ec0       0x1c .\CortexM3\ARM_GCC_541\Debug\HCM_UPBDrive.a(CyLib.o)
                0x00002ec0                CySysTickGetClockSource
 .text.CySysTickGetCountFlag
                0x00002edc       0x1c .\CortexM3\ARM_GCC_541\Debug\HCM_UPBDrive.a(CyLib.o)
                0x00002edc                CySysTickGetCountFlag
 .text.CySysTickClear
                0x00002ef8       0x18 .\CortexM3\ARM_GCC_541\Debug\HCM_UPBDrive.a(CyLib.o)
                0x00002ef8                CySysTickClear
 .text.CySysTickSetCallback
                0x00002f10       0x30 .\CortexM3\ARM_GCC_541\Debug\HCM_UPBDrive.a(CyLib.o)
                0x00002f10                CySysTickSetCallback
 .text.CySysTickGetCallback
                0x00002f40       0x20 .\CortexM3\ARM_GCC_541\Debug\HCM_UPBDrive.a(CyLib.o)
                0x00002f40                CySysTickGetCallback
 .text.CySysTickServiceCallbacks
                0x00002f60       0x44 .\CortexM3\ARM_GCC_541\Debug\HCM_UPBDrive.a(CyLib.o)
 .text.CyGetUniqueId
                0x00002fa4       0xc4 .\CortexM3\ARM_GCC_541\Debug\HCM_UPBDrive.a(CyLib.o)
                0x00002fa4                CyGetUniqueId
 .text          0x00003068        0x0 .\CortexM3\ARM_GCC_541\Debug\HCM_UPBDrive.a(cyPm.o)
 .text.CyPmSaveClocks
                0x00003068      0x288 .\CortexM3\ARM_GCC_541\Debug\HCM_UPBDrive.a(cyPm.o)
                0x00003068                CyPmSaveClocks
 .text.CyPmRestoreClocks
                0x000032f0      0x2f0 .\CortexM3\ARM_GCC_541\Debug\HCM_UPBDrive.a(cyPm.o)
                0x000032f0                CyPmRestoreClocks
 .text.CyPmAltAct
                0x000035e0       0xbc .\CortexM3\ARM_GCC_541\Debug\HCM_UPBDrive.a(cyPm.o)
                0x000035e0                CyPmAltAct
 .text.CyPmSleep
                0x0000369c      0x170 .\CortexM3\ARM_GCC_541\Debug\HCM_UPBDrive.a(cyPm.o)
                0x0000369c                CyPmSleep
 .text.CyPmHibernate
                0x0000380c       0x10 .\CortexM3\ARM_GCC_541\Debug\HCM_UPBDrive.a(cyPm.o)
                0x0000380c                CyPmHibernate
 .text.CyPmHibernateEx
                0x0000381c      0x158 .\CortexM3\ARM_GCC_541\Debug\HCM_UPBDrive.a(cyPm.o)
                0x0000381c                CyPmHibernateEx
 .text.CyPmReadStatus
                0x00003974       0x5c .\CortexM3\ARM_GCC_541\Debug\HCM_UPBDrive.a(cyPm.o)
                0x00003974                CyPmReadStatus
 .text.CyPmHibSaveSet
                0x000039d0       0xe8 .\CortexM3\ARM_GCC_541\Debug\HCM_UPBDrive.a(cyPm.o)
 .text.CyPmHibRestore
                0x00003ab8       0x78 .\CortexM3\ARM_GCC_541\Debug\HCM_UPBDrive.a(cyPm.o)
 .text.CyPmCtwSetInterval
                0x00003b30       0x94 .\CortexM3\ARM_GCC_541\Debug\HCM_UPBDrive.a(cyPm.o)
                0x00003b30                CyPmCtwSetInterval
 .text.CyPmOppsSet
                0x00003bc4       0x44 .\CortexM3\ARM_GCC_541\Debug\HCM_UPBDrive.a(cyPm.o)
                0x00003bc4                CyPmOppsSet
 .text.CyPmFtwSetInterval
                0x00003c08       0x94 .\CortexM3\ARM_GCC_541\Debug\HCM_UPBDrive.a(cyPm.o)
                0x00003c08                CyPmFtwSetInterval
 .text.CyPmHibSlpSaveSet
                0x00003c9c      0x280 .\CortexM3\ARM_GCC_541\Debug\HCM_UPBDrive.a(cyPm.o)
 .text.CyPmHibSlpRestore
                0x00003f1c      0x18c .\CortexM3\ARM_GCC_541\Debug\HCM_UPBDrive.a(cyPm.o)
 .text.CyPmHviLviSaveDisable
                0x000040a8       0xd8 .\CortexM3\ARM_GCC_541\Debug\HCM_UPBDrive.a(cyPm.o)
 .text.CyPmHviLviRestore
                0x00004180       0x58 .\CortexM3\ARM_GCC_541\Debug\HCM_UPBDrive.a(cyPm.o)
 .text          0x000041d8        0x0 .\CortexM3\ARM_GCC_541\Debug\HCM_UPBDrive.a(Selector_In_1.o)
 .text.Selector_In_1_Write
                0x000041d8       0x3c .\CortexM3\ARM_GCC_541\Debug\HCM_UPBDrive.a(Selector_In_1.o)
                0x000041d8                Selector_In_1_Write
 .text.Selector_In_1_SetDriveMode
                0x00004214       0x3c .\CortexM3\ARM_GCC_541\Debug\HCM_UPBDrive.a(Selector_In_1.o)
                0x00004214                Selector_In_1_SetDriveMode
 .text.Selector_In_1_Read
                0x00004250       0x20 .\CortexM3\ARM_GCC_541\Debug\HCM_UPBDrive.a(Selector_In_1.o)
                0x00004250                Selector_In_1_Read
 .text.Selector_In_1_ReadDataReg
                0x00004270       0x20 .\CortexM3\ARM_GCC_541\Debug\HCM_UPBDrive.a(Selector_In_1.o)
                0x00004270                Selector_In_1_ReadDataReg
 .text          0x00004290        0x0 .\CortexM3\ARM_GCC_541\Debug\HCM_UPBDrive.a(Selector_In_2.o)
 .text.Selector_In_2_Write
                0x00004290       0x3c .\CortexM3\ARM_GCC_541\Debug\HCM_UPBDrive.a(Selector_In_2.o)
                0x00004290                Selector_In_2_Write
 .text.Selector_In_2_SetDriveMode
                0x000042cc       0x3c .\CortexM3\ARM_GCC_541\Debug\HCM_UPBDrive.a(Selector_In_2.o)
                0x000042cc                Selector_In_2_SetDriveMode
 .text.Selector_In_2_Read
                0x00004308       0x20 .\CortexM3\ARM_GCC_541\Debug\HCM_UPBDrive.a(Selector_In_2.o)
                0x00004308                Selector_In_2_Read
 .text.Selector_In_2_ReadDataReg
                0x00004328       0x20 .\CortexM3\ARM_GCC_541\Debug\HCM_UPBDrive.a(Selector_In_2.o)
                0x00004328                Selector_In_2_ReadDataReg
 .text          0x00004348        0x0 .\CortexM3\ARM_GCC_541\Debug\HCM_UPBDrive.a(Selector_In_5.o)
 .text.Selector_In_5_Write
                0x00004348       0x3c .\CortexM3\ARM_GCC_541\Debug\HCM_UPBDrive.a(Selector_In_5.o)
                0x00004348                Selector_In_5_Write
 .text.Selector_In_5_SetDriveMode
                0x00004384       0x3c .\CortexM3\ARM_GCC_541\Debug\HCM_UPBDrive.a(Selector_In_5.o)
                0x00004384                Selector_In_5_SetDriveMode
 .text.Selector_In_5_Read
                0x000043c0       0x20 .\CortexM3\ARM_GCC_541\Debug\HCM_UPBDrive.a(Selector_In_5.o)
                0x000043c0                Selector_In_5_Read
 .text.Selector_In_5_ReadDataReg
                0x000043e0       0x20 .\CortexM3\ARM_GCC_541\Debug\HCM_UPBDrive.a(Selector_In_5.o)
                0x000043e0                Selector_In_5_ReadDataReg
 .text          0x00004400        0x0 .\CortexM3\ARM_GCC_541\Debug\HCM_UPBDrive.a(Selector_In_4.o)
 .text.Selector_In_4_Write
                0x00004400       0x3c .\CortexM3\ARM_GCC_541\Debug\HCM_UPBDrive.a(Selector_In_4.o)
                0x00004400                Selector_In_4_Write
 .text.Selector_In_4_SetDriveMode
                0x0000443c       0x3c .\CortexM3\ARM_GCC_541\Debug\HCM_UPBDrive.a(Selector_In_4.o)
                0x0000443c                Selector_In_4_SetDriveMode
 .text.Selector_In_4_Read
                0x00004478       0x20 .\CortexM3\ARM_GCC_541\Debug\HCM_UPBDrive.a(Selector_In_4.o)
                0x00004478                Selector_In_4_Read
 .text.Selector_In_4_ReadDataReg
                0x00004498       0x20 .\CortexM3\ARM_GCC_541\Debug\HCM_UPBDrive.a(Selector_In_4.o)
                0x00004498                Selector_In_4_ReadDataReg
 .text          0x000044b8        0x0 .\CortexM3\ARM_GCC_541\Debug\HCM_UPBDrive.a(Selector_In_3.o)
 .text.Selector_In_3_Write
                0x000044b8       0x3c .\CortexM3\ARM_GCC_541\Debug\HCM_UPBDrive.a(Selector_In_3.o)
                0x000044b8                Selector_In_3_Write
 .text.Selector_In_3_SetDriveMode
                0x000044f4       0x3c .\CortexM3\ARM_GCC_541\Debug\HCM_UPBDrive.a(Selector_In_3.o)
                0x000044f4                Selector_In_3_SetDriveMode
 .text.Selector_In_3_Read
                0x00004530       0x20 .\CortexM3\ARM_GCC_541\Debug\HCM_UPBDrive.a(Selector_In_3.o)
                0x00004530                Selector_In_3_Read
 .text.Selector_In_3_ReadDataReg
                0x00004550       0x20 .\CortexM3\ARM_GCC_541\Debug\HCM_UPBDrive.a(Selector_In_3.o)
                0x00004550                Selector_In_3_ReadDataReg
 .text          0x00004570       0x20 .\CortexM3\ARM_GCC_541\Debug\HCM_UPBDrive.a(CyBootAsmGnu.o)
                0x00004570                CyDelayCycles
                0x00004580                CyEnterCriticalSection
                0x00004588                CyExitCriticalSection
 .text          0x00004590        0x0 .\CortexM3\ARM_GCC_541\Debug\HCM_UPBDrive.a(CyFlash.o)
 .text.CyFlash_Start
                0x00004590       0x8c .\CortexM3\ARM_GCC_541\Debug\HCM_UPBDrive.a(CyFlash.o)
                0x00004590                CyFlash_Start
 .text.CyFlash_Stop
                0x0000461c       0x48 .\CortexM3\ARM_GCC_541\Debug\HCM_UPBDrive.a(CyFlash.o)
                0x0000461c                CyFlash_Stop
 .text.CySetTempInt
                0x00004664       0x7c .\CortexM3\ARM_GCC_541\Debug\HCM_UPBDrive.a(CyFlash.o)
 .text.CyFlashGetSpcAlgorithm
                0x000046e0       0x70 .\CortexM3\ARM_GCC_541\Debug\HCM_UPBDrive.a(CyFlash.o)
 .text.CySetTemp
                0x00004750       0x24 .\CortexM3\ARM_GCC_541\Debug\HCM_UPBDrive.a(CyFlash.o)
                0x00004750                CySetTemp
 .text.CySetFlashEEBuffer
                0x00004774       0x54 .\CortexM3\ARM_GCC_541\Debug\HCM_UPBDrive.a(CyFlash.o)
                0x00004774                CySetFlashEEBuffer
 .text.CyWriteRowData
                0x000047c8       0x38 .\CortexM3\ARM_GCC_541\Debug\HCM_UPBDrive.a(CyFlash.o)
                0x000047c8                CyWriteRowData
 .text.CyWriteRowFull
                0x00004800      0x154 .\CortexM3\ARM_GCC_541\Debug\HCM_UPBDrive.a(CyFlash.o)
                0x00004800                CyWriteRowFull
 .text.CyFlash_SetWaitCycles
                0x00004954       0xbc .\CortexM3\ARM_GCC_541\Debug\HCM_UPBDrive.a(CyFlash.o)
                0x00004954                CyFlash_SetWaitCycles
 .text.CyEEPROM_Start
                0x00004a10       0x8c .\CortexM3\ARM_GCC_541\Debug\HCM_UPBDrive.a(CyFlash.o)
                0x00004a10                CyEEPROM_Start
 .text.CyEEPROM_Stop
                0x00004a9c       0x48 .\CortexM3\ARM_GCC_541\Debug\HCM_UPBDrive.a(CyFlash.o)
                0x00004a9c                CyEEPROM_Stop
 .text.CyEEPROM_ReadReserve
                0x00004ae4       0x30 .\CortexM3\ARM_GCC_541\Debug\HCM_UPBDrive.a(CyFlash.o)
                0x00004ae4                CyEEPROM_ReadReserve
 .text.CyEEPROM_ReadRelease
                0x00004b14       0x20 .\CortexM3\ARM_GCC_541\Debug\HCM_UPBDrive.a(CyFlash.o)
                0x00004b14                CyEEPROM_ReadRelease
 .text          0x00004b34        0x0 .\CortexM3\ARM_GCC_541\Debug\HCM_UPBDrive.a(CySpc.o)
 .text.CySpcStart
                0x00004b34       0x48 .\CortexM3\ARM_GCC_541\Debug\HCM_UPBDrive.a(CySpc.o)
                0x00004b34                CySpcStart
 .text.CySpcStop
                0x00004b7c       0x48 .\CortexM3\ARM_GCC_541\Debug\HCM_UPBDrive.a(CySpc.o)
                0x00004b7c                CySpcStop
 .text.CySpcReadData
                0x00004bc4       0x54 .\CortexM3\ARM_GCC_541\Debug\HCM_UPBDrive.a(CySpc.o)
                0x00004bc4                CySpcReadData
 .text.CySpcLoadMultiByte
                0x00004c18       0xd0 .\CortexM3\ARM_GCC_541\Debug\HCM_UPBDrive.a(CySpc.o)
                0x00004c18                CySpcLoadMultiByte
 .text.CySpcLoadRow
                0x00004ce8       0x88 .\CortexM3\ARM_GCC_541\Debug\HCM_UPBDrive.a(CySpc.o)
                0x00004ce8                CySpcLoadRow
 .text.CySpcLoadRowFull
                0x00004d70       0xcc .\CortexM3\ARM_GCC_541\Debug\HCM_UPBDrive.a(CySpc.o)
                0x00004d70                CySpcLoadRowFull
 .text.CySpcWriteRow
                0x00004e3c       0x98 .\CortexM3\ARM_GCC_541\Debug\HCM_UPBDrive.a(CySpc.o)
                0x00004e3c                CySpcWriteRow
 .text.CySpcEraseSector
                0x00004ed4       0x70 .\CortexM3\ARM_GCC_541\Debug\HCM_UPBDrive.a(CySpc.o)
                0x00004ed4                CySpcEraseSector
 .text.CySpcGetTemp
                0x00004f44       0x64 .\CortexM3\ARM_GCC_541\Debug\HCM_UPBDrive.a(CySpc.o)
                0x00004f44                CySpcGetTemp
 .text.CySpcLock
                0x00004fa8       0x68 .\CortexM3\ARM_GCC_541\Debug\HCM_UPBDrive.a(CySpc.o)
                0x00004fa8                CySpcLock
 .text.CySpcUnlock
                0x00005010       0x50 .\CortexM3\ARM_GCC_541\Debug\HCM_UPBDrive.a(CySpc.o)
                0x00005010                CySpcUnlock
 .text.CySpcGetAlgorithm
                0x00005060       0x44 .\CortexM3\ARM_GCC_541\Debug\HCM_UPBDrive.a(CySpc.o)
                0x00005060                CySpcGetAlgorithm
 .text          0x000050a4        0x0 c:/program files (x86)/cypress/psoc creator/4.4/psoc creator/import/gnu/arm/5.4.1/bin/../lib/gcc/arm-none-eabi/5.4.1/../../../../arm-none-eabi/lib/armv7-m\libg_nano.a(lib_a-errno.o)
 .text.__errno  0x000050a4        0xc c:/program files (x86)/cypress/psoc creator/4.4/psoc creator/import/gnu/arm/5.4.1/bin/../lib/gcc/arm-none-eabi/5.4.1/../../../../arm-none-eabi/lib/armv7-m\libg_nano.a(lib_a-errno.o)
                0x000050a4                __errno
 .text          0x000050b0        0x0 c:/program files (x86)/cypress/psoc creator/4.4/psoc creator/import/gnu/arm/5.4.1/bin/../lib/gcc/arm-none-eabi/5.4.1/../../../../arm-none-eabi/lib/armv7-m\libg_nano.a(lib_a-exit.o)
 .text.exit     0x000050b0       0x28 c:/program files (x86)/cypress/psoc creator/4.4/psoc creator/import/gnu/arm/5.4.1/bin/../lib/gcc/arm-none-eabi/5.4.1/../../../../arm-none-eabi/lib/armv7-m\libg_nano.a(lib_a-exit.o)
                0x000050b0                exit
 .text          0x000050d8        0x0 c:/program files (x86)/cypress/psoc creator/4.4/psoc creator/import/gnu/arm/5.4.1/bin/../lib/gcc/arm-none-eabi/5.4.1/../../../../arm-none-eabi/lib/armv7-m\libg_nano.a(lib_a-impure.o)
 .text          0x000050d8        0x0 c:/program files (x86)/cypress/psoc creator/4.4/psoc creator/import/gnu/arm/5.4.1/bin/../lib/gcc/arm-none-eabi/5.4.1/../../../../arm-none-eabi/lib/armv7-m\libg_nano.a(lib_a-init.o)
 .text.__libc_init_array
                0x000050d8       0x4c c:/program files (x86)/cypress/psoc creator/4.4/psoc creator/import/gnu/arm/5.4.1/bin/../lib/gcc/arm-none-eabi/5.4.1/../../../../arm-none-eabi/lib/armv7-m\libg_nano.a(lib_a-init.o)
                0x000050d8                __libc_init_array
 .text          0x00005124        0x0 c:/program files (x86)/cypress/psoc creator/4.4/psoc creator/import/gnu/arm/5.4.1/bin/../lib/gcc/arm-none-eabi/5.4.1/../../../../arm-none-eabi/lib/armv7-m\libg_nano.a(lib_a-memcpy-stub.o)
 .text.memcpy   0x00005124       0x16 c:/program files (x86)/cypress/psoc creator/4.4/psoc creator/import/gnu/arm/5.4.1/bin/../lib/gcc/arm-none-eabi/5.4.1/../../../../arm-none-eabi/lib/armv7-m\libg_nano.a(lib_a-memcpy-stub.o)
                0x00005124                memcpy
 .text          0x0000513a        0x0 c:/program files (x86)/cypress/psoc creator/4.4/psoc creator/import/gnu/arm/5.4.1/bin/../lib/gcc/arm-none-eabi/5.4.1/../../../../arm-none-eabi/lib/armv7-m\libg_nano.a(lib_a-memset.o)
 .text.memset   0x0000513a       0x10 c:/program files (x86)/cypress/psoc creator/4.4/psoc creator/import/gnu/arm/5.4.1/bin/../lib/gcc/arm-none-eabi/5.4.1/../../../../arm-none-eabi/lib/armv7-m\libg_nano.a(lib_a-memset.o)
                0x0000513a                memset
 .text          0x0000514a        0x0 c:/program files (x86)/cypress/psoc creator/4.4/psoc creator/import/gnu/arm/5.4.1/bin/../lib/gcc/arm-none-eabi/5.4.1/armv7-m/crtend.o
 .text          0x0000514a        0x0 c:/program files (x86)/cypress/psoc creator/4.4/psoc creator/import/gnu/arm/5.4.1/bin/../lib/gcc/arm-none-eabi/5.4.1/armv7-m/crtn.o
 *(.plt)
 *(.gnu.warning)
 *(.glue_7t)
 .glue_7t       0x0000514a        0x0 linker stubs
 *(.glue_7)
 .glue_7        0x0000514a        0x0 linker stubs
 *(.vfp11_veneer)
 .vfp11_veneer  0x0000514a        0x0 linker stubs
 *(.bootloader)
 *(.ARM.extab* .gnu.linkonce.armextab.*)
 .ARM.extab     0x0000514a        0x0 c:/program files (x86)/cypress/psoc creator/4.4/psoc creator/import/gnu/arm/5.4.1/bin/../lib/gcc/arm-none-eabi/5.4.1/../../../../arm-none-eabi/lib/armv7-m/crt0.o
 *(.gcc_except_table)

.v4_bx          0x0000514c        0x0
 .v4_bx         0x0000514c        0x0 linker stubs

.iplt           0x0000514c        0x0
 .iplt          0x0000514c        0x0 c:/program files (x86)/cypress/psoc creator/4.4/psoc creator/import/gnu/arm/5.4.1/bin/../lib/gcc/arm-none-eabi/5.4.1/armv7-m/crtbegin.o

.eh_frame_hdr
 *(.eh_frame_hdr)

.eh_frame       0x0000514c        0x4
 *(.eh_frame)
 .eh_frame      0x0000514c        0x0 c:/program files (x86)/cypress/psoc creator/4.4/psoc creator/import/gnu/arm/5.4.1/bin/../lib/gcc/arm-none-eabi/5.4.1/armv7-m/crtbegin.o
 .eh_frame      0x0000514c        0x4 c:/program files (x86)/cypress/psoc creator/4.4/psoc creator/import/gnu/arm/5.4.1/bin/../lib/gcc/arm-none-eabi/5.4.1/armv7-m/crtend.o
                [!provide]                PROVIDE (__exidx_start, .)

.ARM.exidx      0x00005150        0x8
 *(.ARM.exidx* .gnu.linkonce.armexidx.*)
 .ARM.exidx     0x00005150        0x8 c:/program files (x86)/cypress/psoc creator/4.4/psoc creator/import/gnu/arm/5.4.1/bin/../lib/gcc/arm-none-eabi/5.4.1/../../../../arm-none-eabi/lib/armv7-m/crt0.o
                0x00005158                __exidx_end = .

.rodata         0x00005158      0x1e8
 *(.rodata .rodata.* .gnu.linkonce.r.*)
 .rodata        0x00005158       0x36 .\CortexM3\ARM_GCC_541\Debug\cyfitter_cfg.o
 *fill*         0x0000518e        0x2 
 .rodata        0x00005190      0x160 .\CortexM3\ARM_GCC_541\Debug\HCM_UPBDrive.a(CAN.o)
 .rodata        0x000052f0        0xf .\CortexM3\ARM_GCC_541\Debug\HCM_UPBDrive.a(cyPm.o)
 .rodata.str1.1
                0x000052ff        0x2 c:/program files (x86)/cypress/psoc creator/4.4/psoc creator/import/gnu/arm/5.4.1/bin/../lib/gcc/arm-none-eabi/5.4.1/../../../../arm-none-eabi/lib/armv7-m\libg_nano.a(lib_a-impure.o)
 *fill*         0x00005301        0x3 
 .rodata._global_impure_ptr
                0x00005304        0x4 c:/program files (x86)/cypress/psoc creator/4.4/psoc creator/import/gnu/arm/5.4.1/bin/../lib/gcc/arm-none-eabi/5.4.1/../../../../arm-none-eabi/lib/armv7-m\libg_nano.a(lib_a-impure.o)
                0x00005304                _global_impure_ptr
                0x00005308                . = ALIGN (0x4)
 *(.init)
 .init          0x00005308        0x4 c:/program files (x86)/cypress/psoc creator/4.4/psoc creator/import/gnu/arm/5.4.1/bin/../lib/gcc/arm-none-eabi/5.4.1/armv7-m/crti.o
                0x00005308                _init
 .init          0x0000530c        0x8 c:/program files (x86)/cypress/psoc creator/4.4/psoc creator/import/gnu/arm/5.4.1/bin/../lib/gcc/arm-none-eabi/5.4.1/armv7-m/crtn.o
                0x00005314                . = ALIGN (0x4)
                0x00005314                __preinit_array_start = .
 *(.preinit_array)
                0x00005314                __preinit_array_end = .
                0x00005314                . = ALIGN (0x4)
                0x00005314                __init_array_start = .
 *(SORT(.init_array.*))
 *(.init_array)
 .init_array    0x00005314        0x4 c:/program files (x86)/cypress/psoc creator/4.4/psoc creator/import/gnu/arm/5.4.1/bin/../lib/gcc/arm-none-eabi/5.4.1/armv7-m/crtbegin.o
 .init_array    0x00005318        0x4 .\CortexM3\ARM_GCC_541\Debug\Cm3Start.o
                0x0000531c                __init_array_end = .
                0x0000531c                . = ALIGN (0x4)
 *(.fini)
 .fini          0x0000531c        0x4 c:/program files (x86)/cypress/psoc creator/4.4/psoc creator/import/gnu/arm/5.4.1/bin/../lib/gcc/arm-none-eabi/5.4.1/armv7-m/crti.o
                0x0000531c                _fini
 .fini          0x00005320        0x8 c:/program files (x86)/cypress/psoc creator/4.4/psoc creator/import/gnu/arm/5.4.1/bin/../lib/gcc/arm-none-eabi/5.4.1/armv7-m/crtn.o
                0x00005328                . = ALIGN (0x4)
                0x00005328                __fini_array_start = .
 *(.fini_array)
 .fini_array    0x00005328        0x4 c:/program files (x86)/cypress/psoc creator/4.4/psoc creator/import/gnu/arm/5.4.1/bin/../lib/gcc/arm-none-eabi/5.4.1/armv7-m/crtbegin.o
 *(SORT(.fini_array.*))
                0x0000532c                __fini_array_end = .
                0x0000532c                . = ALIGN (0x4)
 *crtbegin.o(.ctors)
 *(EXCLUDE_FILE(*crtend.o) .ctors)
 *(SORT(.ctors.*))
 *crtend.o(.ctors)
                0x0000532c                . = ALIGN (0x4)
 *crtbegin.o(.dtors)
 *(EXCLUDE_FILE(*crtend.o) .dtors)
 *(SORT(.dtors.*))
 *crtend.o(.dtors)
                0x0000532c                . = ALIGN (0x4)
                0x0000532c                __cy_regions = .
                0x0000532c        0x4 LONG 0x5340 __cy_region_init_ram
                0x00005330        0x4 LONG 0x1fff80c8 __cy_region_start_data
                0x00005334        0x4 LONG 0x80 __cy_region_init_size_ram
                0x00005338        0x4 LONG 0xa0 __cy_region_zero_size_ram
                0x0000533c                __cy_regions_end = .
                0x00005340                . = ALIGN (0x8)
 *fill*         0x0000533c        0x4 
                0x00005340                _etext = .

.cy_checksum_exclude
                0x00005340        0x0
 *(.cy_checksum_exclude)

.ramvectors     0x1fff8000       0xc0
                0x1fff8000                __cy_region_start_ram = .
 *(.ramvectors)
 .ramvectors    0x1fff8000       0xc0 .\CortexM3\ARM_GCC_541\Debug\Cm3Start.o
                0x1fff8000                CyRamVectors

.noinit         0x1fff80c0        0x5
 *(.noinit)
 .noinit        0x1fff80c0        0x4 .\CortexM3\ARM_GCC_541\Debug\Cm3Start.o
 .noinit        0x1fff80c4        0x1 .\CortexM3\ARM_GCC_541\Debug\HCM_UPBDrive.a(CyLib.o)
                0x1fff80c4                CyResetStatus

.data           0x1fff80c8       0x80 load address 0x00005340
                0x1fff80c8                __cy_region_start_data = .
 *(.jcr)
 .jcr           0x1fff80c8        0x0 c:/program files (x86)/cypress/psoc creator/4.4/psoc creator/import/gnu/arm/5.4.1/bin/../lib/gcc/arm-none-eabi/5.4.1/armv7-m/crtbegin.o
 .jcr           0x1fff80c8        0x4 c:/program files (x86)/cypress/psoc creator/4.4/psoc creator/import/gnu/arm/5.4.1/bin/../lib/gcc/arm-none-eabi/5.4.1/armv7-m/crtend.o
 *(.got.plt)
 *(.got)
 *(.shdata)
 *(.data .data.* .gnu.linkonce.d.*)
 .data          0x1fff80cc        0x0 c:/program files (x86)/cypress/psoc creator/4.4/psoc creator/import/gnu/arm/5.4.1/bin/../lib/gcc/arm-none-eabi/5.4.1/armv7-m/crti.o
 .data          0x1fff80cc        0x4 c:/program files (x86)/cypress/psoc creator/4.4/psoc creator/import/gnu/arm/5.4.1/bin/../lib/gcc/arm-none-eabi/5.4.1/armv7-m/crtbegin.o
                0x1fff80cc                __dso_handle
 .data          0x1fff80d0        0x0 c:/program files (x86)/cypress/psoc creator/4.4/psoc creator/import/gnu/arm/5.4.1/bin/../lib/gcc/arm-none-eabi/5.4.1/../../../../arm-none-eabi/lib/armv7-m/crt0.o
 .data          0x1fff80d0        0x0 .\CortexM3\ARM_GCC_541\Debug\main.o
 .data          0x1fff80d0        0x0 .\CortexM3\ARM_GCC_541\Debug\can_comm.o
 .data          0x1fff80d0        0x0 .\CortexM3\ARM_GCC_541\Debug\hybrid_mode.o
 .data          0x1fff80d0        0x0 .\CortexM3\ARM_GCC_541\Debug\user_input.o
 .data          0x1fff80d0        0x0 .\CortexM3\ARM_GCC_541\Debug\cyfitter_cfg.o
 .data          0x1fff80d0        0x0 .\CortexM3\ARM_GCC_541\Debug\cymetadata.o
 .data          0x1fff80d0        0x4 .\CortexM3\ARM_GCC_541\Debug\Cm3Start.o
 .data          0x1fff80d4        0x0 .\CortexM3\ARM_GCC_541\Debug\HCM_UPBDrive.a(CAN.o)
 .data          0x1fff80d4        0x0 .\CortexM3\ARM_GCC_541\Debug\HCM_UPBDrive.a(CAN_INT.o)
 .data          0x1fff80d4        0x0 .\CortexM3\ARM_GCC_541\Debug\HCM_UPBDrive.a(CAN_TX_RX_func.o)
 .data          0x1fff80d4        0x0 .\CortexM3\ARM_GCC_541\Debug\HCM_UPBDrive.a(Boost_Button.o)
 .data          0x1fff80d4        0x0 .\CortexM3\ARM_GCC_541\Debug\HCM_UPBDrive.a(AIR_enable.o)
 .data          0x1fff80d4       0x10 .\CortexM3\ARM_GCC_541\Debug\HCM_UPBDrive.a(CyLib.o)
                0x1fff80d4                cydelay_freq_hz
                0x1fff80d8                cydelay_freq_khz
                0x1fff80dc                cydelay_freq_mhz
                0x1fff80e0                cydelay_32k_ms
 .data          0x1fff80e4        0x0 .\CortexM3\ARM_GCC_541\Debug\HCM_UPBDrive.a(cyPm.o)
 .data          0x1fff80e4        0x0 .\CortexM3\ARM_GCC_541\Debug\HCM_UPBDrive.a(Selector_In_1.o)
 .data          0x1fff80e4        0x0 .\CortexM3\ARM_GCC_541\Debug\HCM_UPBDrive.a(Selector_In_2.o)
 .data          0x1fff80e4        0x0 .\CortexM3\ARM_GCC_541\Debug\HCM_UPBDrive.a(Selector_In_5.o)
 .data          0x1fff80e4        0x0 .\CortexM3\ARM_GCC_541\Debug\HCM_UPBDrive.a(Selector_In_4.o)
 .data          0x1fff80e4        0x0 .\CortexM3\ARM_GCC_541\Debug\HCM_UPBDrive.a(Selector_In_3.o)
 .data          0x1fff80e4        0x0 .\CortexM3\ARM_GCC_541\Debug\HCM_UPBDrive.a(CyBootAsmGnu.o)
 .data          0x1fff80e4        0x0 .\CortexM3\ARM_GCC_541\Debug\HCM_UPBDrive.a(CyFlash.o)
 .data          0x1fff80e4        0x0 .\CortexM3\ARM_GCC_541\Debug\HCM_UPBDrive.a(CySpc.o)
 .data          0x1fff80e4        0x0 c:/program files (x86)/cypress/psoc creator/4.4/psoc creator/import/gnu/arm/5.4.1/bin/../lib/gcc/arm-none-eabi/5.4.1/../../../../arm-none-eabi/lib/armv7-m\libg_nano.a(lib_a-errno.o)
 .data          0x1fff80e4        0x0 c:/program files (x86)/cypress/psoc creator/4.4/psoc creator/import/gnu/arm/5.4.1/bin/../lib/gcc/arm-none-eabi/5.4.1/../../../../arm-none-eabi/lib/armv7-m\libg_nano.a(lib_a-exit.o)
 .data          0x1fff80e4        0x0 c:/program files (x86)/cypress/psoc creator/4.4/psoc creator/import/gnu/arm/5.4.1/bin/../lib/gcc/arm-none-eabi/5.4.1/../../../../arm-none-eabi/lib/armv7-m\libg_nano.a(lib_a-impure.o)
 .data.impure_data
                0x1fff80e4       0x60 c:/program files (x86)/cypress/psoc creator/4.4/psoc creator/import/gnu/arm/5.4.1/bin/../lib/gcc/arm-none-eabi/5.4.1/../../../../arm-none-eabi/lib/armv7-m\libg_nano.a(lib_a-impure.o)
 .data._impure_ptr
                0x1fff8144        0x4 c:/program files (x86)/cypress/psoc creator/4.4/psoc creator/import/gnu/arm/5.4.1/bin/../lib/gcc/arm-none-eabi/5.4.1/../../../../arm-none-eabi/lib/armv7-m\libg_nano.a(lib_a-impure.o)
                0x1fff8144                _impure_ptr
 .data          0x1fff8148        0x0 c:/program files (x86)/cypress/psoc creator/4.4/psoc creator/import/gnu/arm/5.4.1/bin/../lib/gcc/arm-none-eabi/5.4.1/../../../../arm-none-eabi/lib/armv7-m\libg_nano.a(lib_a-init.o)
 .data          0x1fff8148        0x0 c:/program files (x86)/cypress/psoc creator/4.4/psoc creator/import/gnu/arm/5.4.1/bin/../lib/gcc/arm-none-eabi/5.4.1/../../../../arm-none-eabi/lib/armv7-m\libg_nano.a(lib_a-memcpy-stub.o)
 .data          0x1fff8148        0x0 c:/program files (x86)/cypress/psoc creator/4.4/psoc creator/import/gnu/arm/5.4.1/bin/../lib/gcc/arm-none-eabi/5.4.1/../../../../arm-none-eabi/lib/armv7-m\libg_nano.a(lib_a-memset.o)
 .data          0x1fff8148        0x0 c:/program files (x86)/cypress/psoc creator/4.4/psoc creator/import/gnu/arm/5.4.1/bin/../lib/gcc/arm-none-eabi/5.4.1/armv7-m/crtend.o
 .data          0x1fff8148        0x0 c:/program files (x86)/cypress/psoc creator/4.4/psoc creator/import/gnu/arm/5.4.1/bin/../lib/gcc/arm-none-eabi/5.4.1/armv7-m/crtn.o
                0x1fff8148                . = ALIGN (0x8)
 *(.ram)
                0x1fff8148                _edata = .

.igot.plt       0x1fff8148        0x0 load address 0x000053c0
 .igot.plt      0x1fff8148        0x0 c:/program files (x86)/cypress/psoc creator/4.4/psoc creator/import/gnu/arm/5.4.1/bin/../lib/gcc/arm-none-eabi/5.4.1/armv7-m/crtbegin.o

.bss            0x1fff8148       0xa0 load address 0x000053c0
                0x1fff8148                PROVIDE (__bss_start__, .)
 *(.shbss)
 *(.bss .bss.* .gnu.linkonce.b.*)
 .bss           0x1fff8148        0x0 c:/program files (x86)/cypress/psoc creator/4.4/psoc creator/import/gnu/arm/5.4.1/bin/../lib/gcc/arm-none-eabi/5.4.1/armv7-m/crti.o
 .bss           0x1fff8148       0x1c c:/program files (x86)/cypress/psoc creator/4.4/psoc creator/import/gnu/arm/5.4.1/bin/../lib/gcc/arm-none-eabi/5.4.1/armv7-m/crtbegin.o
 .bss           0x1fff8164        0x0 c:/program files (x86)/cypress/psoc creator/4.4/psoc creator/import/gnu/arm/5.4.1/bin/../lib/gcc/arm-none-eabi/5.4.1/../../../../arm-none-eabi/lib/armv7-m/crt0.o
 .bss           0x1fff8164        0x0 .\CortexM3\ARM_GCC_541\Debug\main.o
 .bss           0x1fff8164        0xc .\CortexM3\ARM_GCC_541\Debug\can_comm.o
                0x1fff8164                CANisrFlag
                0x1fff8168                car_state
 .bss           0x1fff8170        0x2 .\CortexM3\ARM_GCC_541\Debug\hybrid_mode.o
                0x1fff8170                hybrid_state
 .bss           0x1fff8172        0x0 .\CortexM3\ARM_GCC_541\Debug\user_input.o
 .bss           0x1fff8172        0x0 .\CortexM3\ARM_GCC_541\Debug\cyfitter_cfg.o
 .bss           0x1fff8172        0x0 .\CortexM3\ARM_GCC_541\Debug\cymetadata.o
 .bss           0x1fff8172        0x0 .\CortexM3\ARM_GCC_541\Debug\Cm3Start.o
 .bss           0x1fff8172        0x1 .\CortexM3\ARM_GCC_541\Debug\HCM_UPBDrive.a(CAN.o)
                0x1fff8172                CAN_initVar
 .bss           0x1fff8173        0x0 .\CortexM3\ARM_GCC_541\Debug\HCM_UPBDrive.a(CAN_INT.o)
 .bss           0x1fff8173        0x0 .\CortexM3\ARM_GCC_541\Debug\HCM_UPBDrive.a(CAN_TX_RX_func.o)
 .bss           0x1fff8173        0x0 .\CortexM3\ARM_GCC_541\Debug\HCM_UPBDrive.a(Boost_Button.o)
 .bss           0x1fff8173        0x0 .\CortexM3\ARM_GCC_541\Debug\HCM_UPBDrive.a(AIR_enable.o)
 *fill*         0x1fff8173        0x1 
 .bss           0x1fff8174       0x19 .\CortexM3\ARM_GCC_541\Debug\HCM_UPBDrive.a(CyLib.o)
                0x1fff8188                CySysTickInitVar
 *fill*         0x1fff818d        0x3 
 .bss           0x1fff8190       0x43 .\CortexM3\ARM_GCC_541\Debug\HCM_UPBDrive.a(cyPm.o)
 .bss           0x1fff81d3        0x0 .\CortexM3\ARM_GCC_541\Debug\HCM_UPBDrive.a(Selector_In_1.o)
 .bss           0x1fff81d3        0x0 .\CortexM3\ARM_GCC_541\Debug\HCM_UPBDrive.a(Selector_In_2.o)
 .bss           0x1fff81d3        0x0 .\CortexM3\ARM_GCC_541\Debug\HCM_UPBDrive.a(Selector_In_5.o)
 .bss           0x1fff81d3        0x0 .\CortexM3\ARM_GCC_541\Debug\HCM_UPBDrive.a(Selector_In_4.o)
 .bss           0x1fff81d3        0x0 .\CortexM3\ARM_GCC_541\Debug\HCM_UPBDrive.a(Selector_In_3.o)
 .bss           0x1fff81d3        0x0 .\CortexM3\ARM_GCC_541\Debug\HCM_UPBDrive.a(CyBootAsmGnu.o)
 *fill*         0x1fff81d3        0x1 
 .bss           0x1fff81d4        0x4 .\CortexM3\ARM_GCC_541\Debug\HCM_UPBDrive.a(CyFlash.o)
 .bss           0x1fff81d8        0x8 .\CortexM3\ARM_GCC_541\Debug\HCM_UPBDrive.a(CySpc.o)
                0x1fff81d8                SpcLockState
 .bss           0x1fff81e0        0x0 c:/program files (x86)/cypress/psoc creator/4.4/psoc creator/import/gnu/arm/5.4.1/bin/../lib/gcc/arm-none-eabi/5.4.1/../../../../arm-none-eabi/lib/armv7-m\libg_nano.a(lib_a-errno.o)
 .bss           0x1fff81e0        0x0 c:/program files (x86)/cypress/psoc creator/4.4/psoc creator/import/gnu/arm/5.4.1/bin/../lib/gcc/arm-none-eabi/5.4.1/../../../../arm-none-eabi/lib/armv7-m\libg_nano.a(lib_a-exit.o)
 .bss           0x1fff81e0        0x0 c:/program files (x86)/cypress/psoc creator/4.4/psoc creator/import/gnu/arm/5.4.1/bin/../lib/gcc/arm-none-eabi/5.4.1/../../../../arm-none-eabi/lib/armv7-m\libg_nano.a(lib_a-impure.o)
 .bss           0x1fff81e0        0x0 c:/program files (x86)/cypress/psoc creator/4.4/psoc creator/import/gnu/arm/5.4.1/bin/../lib/gcc/arm-none-eabi/5.4.1/../../../../arm-none-eabi/lib/armv7-m\libg_nano.a(lib_a-init.o)
 .bss           0x1fff81e0        0x0 c:/program files (x86)/cypress/psoc creator/4.4/psoc creator/import/gnu/arm/5.4.1/bin/../lib/gcc/arm-none-eabi/5.4.1/../../../../arm-none-eabi/lib/armv7-m\libg_nano.a(lib_a-memcpy-stub.o)
 .bss           0x1fff81e0        0x0 c:/program files (x86)/cypress/psoc creator/4.4/psoc creator/import/gnu/arm/5.4.1/bin/../lib/gcc/arm-none-eabi/5.4.1/../../../../arm-none-eabi/lib/armv7-m\libg_nano.a(lib_a-memset.o)
 .bss           0x1fff81e0        0x0 c:/program files (x86)/cypress/psoc creator/4.4/psoc creator/import/gnu/arm/5.4.1/bin/../lib/gcc/arm-none-eabi/5.4.1/armv7-m/crtend.o
 .bss           0x1fff81e0        0x0 c:/program files (x86)/cypress/psoc creator/4.4/psoc creator/import/gnu/arm/5.4.1/bin/../lib/gcc/arm-none-eabi/5.4.1/armv7-m/crtn.o
 *(COMMON)
 COMMON         0x1fff81e0        0x2 .\CortexM3\ARM_GCC_541\Debug\HCM_UPBDrive.a(CyFlash.o)
                0x1fff81e0                dieTemperature
                0x1fff81e8                . = ALIGN (0x8)
 *fill*         0x1fff81e2        0x6 
 *(.ram.b)
                0x1fff81e8                _end = .
                0x1fff81e8                __end = .
                0x1fff81e8                PROVIDE (end, .)
                0x1fff81e8                PROVIDE (__bss_end__, .)
                0x00005340                __cy_region_init_ram = LOADADDR (.data)
                0x00000080                __cy_region_init_size_ram = (_edata - ADDR (.data))
                0x000000a0                __cy_region_zero_size_ram = (_end - _edata)

.heap           0x1fff81e8       0x80 load address 0x000053c0
                0x1fff81e8                . = _end
                0x1fff8268                . = (. + 0x80)
 *fill*         0x1fff81e8       0x80 
                0x1fff8268                __cy_heap_limit = .

.stack          0x20007800      0x800
                0x20007800                __cy_stack_limit = .
                0x20008000                . = (. + 0x800)
 *fill*         0x20007800      0x800 
                0x00000001                ASSERT ((__cy_stack_limit >= __cy_heap_limit), region RAM overflowed with stack)
                0x00000000                cy_checksum_exclude_size = (CY_APPL_LOADABLE == 0x1)?SIZEOF (.cy_checksum_exclude):0x0
                0x00000001                ASSERT ((cy_checksum_exclude_size <= CY_CHECKSUM_EXCLUDE_SIZE), CY_BOOT: Section .cy_checksum_exclude size exceedes specified limit.)

.cyloadermeta
 *(.cyloadermeta)

.cyloadablemeta
 *(.cyloadablemeta)

.cyconfigecc    0x80000000       0x58
 *(.cyconfigecc)
 .cyconfigecc   0x80000000       0x58 .\CortexM3\ARM_GCC_541\Debug\cymetadata.o
                0x80000000                cy_meta_configecc

.cycustnvl      0x90000000        0x4
 *(.cycustnvl)
 .cycustnvl     0x90000000        0x4 .\CortexM3\ARM_GCC_541\Debug\cymetadata.o
                0x90000000                cy_meta_custnvl

.cywolatch      0x90100000        0x4
 *(.cywolatch)
 .cywolatch     0x90100000        0x4 .\CortexM3\ARM_GCC_541\Debug\cymetadata.o
                0x90100000                cy_meta_wonvl

.cyeeprom       0x90200000        0x0
 *(.cyeeprom)
                0x00000001                ASSERT ((. <= ((0x90200000 + ee_offset) + ee_size)), .cyeeprom data will not fit in EEPROM)

.cyflashprotect
                0x90400000      0x100
 *(.cyflashprotect)
 .cyflashprotect
                0x90400000      0x100 .\CortexM3\ARM_GCC_541\Debug\cymetadata.o
                0x90400000                cy_meta_flashprotect

.cymeta         0x90500000        0xc
 *(.cymeta)
 .cymeta        0x90500000        0xc .\CortexM3\ARM_GCC_541\Debug\cymetadata.o
                0x90500000                cy_metadata

.rel.dyn        0x000053c0        0x0 load address 0x9050000c
 .rel.iplt      0x000053c0        0x0 c:/program files (x86)/cypress/psoc creator/4.4/psoc creator/import/gnu/arm/5.4.1/bin/../lib/gcc/arm-none-eabi/5.4.1/armv7-m/crtbegin.o

.stab
 *(.stab)

.stabstr
 *(.stabstr)

.debug
 *(.debug)

.line
 *(.line)

.debug_srcinfo
 *(.debug_srcinfo)

.debug_sfnames
 *(.debug_sfnames)

.debug_aranges  0x00000000      0x8a8
 *(.debug_aranges)
 .debug_aranges
                0x00000000       0x28 .\CortexM3\ARM_GCC_541\Debug\main.o
 .debug_aranges
                0x00000028       0x30 .\CortexM3\ARM_GCC_541\Debug\can_comm.o
 .debug_aranges
                0x00000058       0x68 .\CortexM3\ARM_GCC_541\Debug\hybrid_mode.o
 .debug_aranges
                0x000000c0       0x28 .\CortexM3\ARM_GCC_541\Debug\user_input.o
 .debug_aranges
                0x000000e8       0x60 .\CortexM3\ARM_GCC_541\Debug\cyfitter_cfg.o
 .debug_aranges
                0x00000148       0x18 .\CortexM3\ARM_GCC_541\Debug\cymetadata.o
 .debug_aranges
                0x00000160       0x48 .\CortexM3\ARM_GCC_541\Debug\Cm3Start.o
 .debug_aranges
                0x000001a8       0xc8 .\CortexM3\ARM_GCC_541\Debug\HCM_UPBDrive.a(CAN.o)
 .debug_aranges
                0x00000270       0x20 .\CortexM3\ARM_GCC_541\Debug\HCM_UPBDrive.a(CAN_INT.o)
 .debug_aranges
                0x00000290       0x40 .\CortexM3\ARM_GCC_541\Debug\HCM_UPBDrive.a(CAN_TX_RX_func.o)
 .debug_aranges
                0x000002d0       0x38 .\CortexM3\ARM_GCC_541\Debug\HCM_UPBDrive.a(Boost_Button.o)
 .debug_aranges
                0x00000308       0x38 .\CortexM3\ARM_GCC_541\Debug\HCM_UPBDrive.a(AIR_enable.o)
 .debug_aranges
                0x00000340      0x2a0 .\CortexM3\ARM_GCC_541\Debug\HCM_UPBDrive.a(CyLib.o)
 .debug_aranges
                0x000005e0       0x98 .\CortexM3\ARM_GCC_541\Debug\HCM_UPBDrive.a(cyPm.o)
 .debug_aranges
                0x00000678       0x38 .\CortexM3\ARM_GCC_541\Debug\HCM_UPBDrive.a(Selector_In_1.o)
 .debug_aranges
                0x000006b0       0x38 .\CortexM3\ARM_GCC_541\Debug\HCM_UPBDrive.a(Selector_In_2.o)
 .debug_aranges
                0x000006e8       0x38 .\CortexM3\ARM_GCC_541\Debug\HCM_UPBDrive.a(Selector_In_5.o)
 .debug_aranges
                0x00000720       0x38 .\CortexM3\ARM_GCC_541\Debug\HCM_UPBDrive.a(Selector_In_4.o)
 .debug_aranges
                0x00000758       0x38 .\CortexM3\ARM_GCC_541\Debug\HCM_UPBDrive.a(Selector_In_3.o)
 .debug_aranges
                0x00000790       0x20 .\CortexM3\ARM_GCC_541\Debug\HCM_UPBDrive.a(CyBootAsmGnu.o)
 .debug_aranges
                0x000007b0       0x80 .\CortexM3\ARM_GCC_541\Debug\HCM_UPBDrive.a(CyFlash.o)
 .debug_aranges
                0x00000830       0x78 .\CortexM3\ARM_GCC_541\Debug\HCM_UPBDrive.a(CySpc.o)

.debug_pubnames
 *(.debug_pubnames)

.debug_info     0x00000000     0x4014
 *(.debug_info .gnu.linkonce.wi.*)
 .debug_info    0x00000000      0x1a6 .\CortexM3\ARM_GCC_541\Debug\main.o
 .debug_info    0x000001a6      0x328 .\CortexM3\ARM_GCC_541\Debug\can_comm.o
 .debug_info    0x000004ce      0x2a7 .\CortexM3\ARM_GCC_541\Debug\hybrid_mode.o
 .debug_info    0x00000775      0x11c .\CortexM3\ARM_GCC_541\Debug\user_input.o
 .debug_info    0x00000891      0x39a .\CortexM3\ARM_GCC_541\Debug\cyfitter_cfg.o
 .debug_info    0x00000c2b      0x134 .\CortexM3\ARM_GCC_541\Debug\cymetadata.o
 .debug_info    0x00000d5f      0x32b .\CortexM3\ARM_GCC_541\Debug\Cm3Start.o
 .debug_info    0x0000108a      0x788 .\CortexM3\ARM_GCC_541\Debug\HCM_UPBDrive.a(CAN.o)
 .debug_info    0x00001812       0xa0 .\CortexM3\ARM_GCC_541\Debug\HCM_UPBDrive.a(CAN_INT.o)
 .debug_info    0x000018b2      0x36b .\CortexM3\ARM_GCC_541\Debug\HCM_UPBDrive.a(CAN_TX_RX_func.o)
 .debug_info    0x00001c1d      0x11e .\CortexM3\ARM_GCC_541\Debug\HCM_UPBDrive.a(Boost_Button.o)
 .debug_info    0x00001d3b      0x11e .\CortexM3\ARM_GCC_541\Debug\HCM_UPBDrive.a(AIR_enable.o)
 .debug_info    0x00001e59      0xe51 .\CortexM3\ARM_GCC_541\Debug\HCM_UPBDrive.a(CyLib.o)
 .debug_info    0x00002caa      0x57a .\CortexM3\ARM_GCC_541\Debug\HCM_UPBDrive.a(cyPm.o)
 .debug_info    0x00003224      0x11e .\CortexM3\ARM_GCC_541\Debug\HCM_UPBDrive.a(Selector_In_1.o)
 .debug_info    0x00003342      0x11e .\CortexM3\ARM_GCC_541\Debug\HCM_UPBDrive.a(Selector_In_2.o)
 .debug_info    0x00003460      0x11e .\CortexM3\ARM_GCC_541\Debug\HCM_UPBDrive.a(Selector_In_5.o)
 .debug_info    0x0000357e      0x11e .\CortexM3\ARM_GCC_541\Debug\HCM_UPBDrive.a(Selector_In_4.o)
 .debug_info    0x0000369c      0x11e .\CortexM3\ARM_GCC_541\Debug\HCM_UPBDrive.a(Selector_In_3.o)
 .debug_info    0x000037ba       0x8f .\CortexM3\ARM_GCC_541\Debug\HCM_UPBDrive.a(CyBootAsmGnu.o)
 .debug_info    0x00003849      0x371 .\CortexM3\ARM_GCC_541\Debug\HCM_UPBDrive.a(CyFlash.o)
 .debug_info    0x00003bba      0x45a .\CortexM3\ARM_GCC_541\Debug\HCM_UPBDrive.a(CySpc.o)

.debug_abbrev   0x00000000     0x1433
 *(.debug_abbrev)
 .debug_abbrev  0x00000000       0xd7 .\CortexM3\ARM_GCC_541\Debug\main.o
 .debug_abbrev  0x000000d7      0x112 .\CortexM3\ARM_GCC_541\Debug\can_comm.o
 .debug_abbrev  0x000001e9      0x10d .\CortexM3\ARM_GCC_541\Debug\hybrid_mode.o
 .debug_abbrev  0x000002f6       0x78 .\CortexM3\ARM_GCC_541\Debug\user_input.o
 .debug_abbrev  0x0000036e      0x19d .\CortexM3\ARM_GCC_541\Debug\cyfitter_cfg.o
 .debug_abbrev  0x0000050b       0x5d .\CortexM3\ARM_GCC_541\Debug\cymetadata.o
 .debug_abbrev  0x00000568      0x1d6 .\CortexM3\ARM_GCC_541\Debug\Cm3Start.o
 .debug_abbrev  0x0000073e      0x153 .\CortexM3\ARM_GCC_541\Debug\HCM_UPBDrive.a(CAN.o)
 .debug_abbrev  0x00000891       0x42 .\CortexM3\ARM_GCC_541\Debug\HCM_UPBDrive.a(CAN_INT.o)
 .debug_abbrev  0x000008d3      0x13c .\CortexM3\ARM_GCC_541\Debug\HCM_UPBDrive.a(CAN_TX_RX_func.o)
 .debug_abbrev  0x00000a0f       0x90 .\CortexM3\ARM_GCC_541\Debug\HCM_UPBDrive.a(Boost_Button.o)
 .debug_abbrev  0x00000a9f       0x90 .\CortexM3\ARM_GCC_541\Debug\HCM_UPBDrive.a(AIR_enable.o)
 .debug_abbrev  0x00000b2f      0x217 .\CortexM3\ARM_GCC_541\Debug\HCM_UPBDrive.a(CyLib.o)
 .debug_abbrev  0x00000d46      0x161 .\CortexM3\ARM_GCC_541\Debug\HCM_UPBDrive.a(cyPm.o)
 .debug_abbrev  0x00000ea7       0x90 .\CortexM3\ARM_GCC_541\Debug\HCM_UPBDrive.a(Selector_In_1.o)
 .debug_abbrev  0x00000f37       0x90 .\CortexM3\ARM_GCC_541\Debug\HCM_UPBDrive.a(Selector_In_2.o)
 .debug_abbrev  0x00000fc7       0x90 .\CortexM3\ARM_GCC_541\Debug\HCM_UPBDrive.a(Selector_In_5.o)
 .debug_abbrev  0x00001057       0x90 .\CortexM3\ARM_GCC_541\Debug\HCM_UPBDrive.a(Selector_In_4.o)
 .debug_abbrev  0x000010e7       0x90 .\CortexM3\ARM_GCC_541\Debug\HCM_UPBDrive.a(Selector_In_3.o)
 .debug_abbrev  0x00001177       0x14 .\CortexM3\ARM_GCC_541\Debug\HCM_UPBDrive.a(CyBootAsmGnu.o)
 .debug_abbrev  0x0000118b      0x13c .\CortexM3\ARM_GCC_541\Debug\HCM_UPBDrive.a(CyFlash.o)
 .debug_abbrev  0x000012c7      0x16c .\CortexM3\ARM_GCC_541\Debug\HCM_UPBDrive.a(CySpc.o)

.debug_line     0x00000000     0x2627
 *(.debug_line)
 .debug_line    0x00000000      0x19e .\CortexM3\ARM_GCC_541\Debug\main.o
 .debug_line    0x0000019e      0x1da .\CortexM3\ARM_GCC_541\Debug\can_comm.o
 .debug_line    0x00000378      0x298 .\CortexM3\ARM_GCC_541\Debug\hybrid_mode.o
 .debug_line    0x00000610      0x182 .\CortexM3\ARM_GCC_541\Debug\user_input.o
 .debug_line    0x00000792      0x1e9 .\CortexM3\ARM_GCC_541\Debug\cyfitter_cfg.o
 .debug_line    0x0000097b      0x141 .\CortexM3\ARM_GCC_541\Debug\cymetadata.o
 .debug_line    0x00000abc      0x1dc .\CortexM3\ARM_GCC_541\Debug\Cm3Start.o
 .debug_line    0x00000c98      0x344 .\CortexM3\ARM_GCC_541\Debug\HCM_UPBDrive.a(CAN.o)
 .debug_line    0x00000fdc       0x53 .\CortexM3\ARM_GCC_541\Debug\HCM_UPBDrive.a(CAN_INT.o)
 .debug_line    0x0000102f      0x123 .\CortexM3\ARM_GCC_541\Debug\HCM_UPBDrive.a(CAN_TX_RX_func.o)
 .debug_line    0x00001152       0x9c .\CortexM3\ARM_GCC_541\Debug\HCM_UPBDrive.a(Boost_Button.o)
 .debug_line    0x000011ee       0x9a .\CortexM3\ARM_GCC_541\Debug\HCM_UPBDrive.a(AIR_enable.o)
 .debug_line    0x00001288      0x883 .\CortexM3\ARM_GCC_541\Debug\HCM_UPBDrive.a(CyLib.o)
 .debug_line    0x00001b0b      0x38e .\CortexM3\ARM_GCC_541\Debug\HCM_UPBDrive.a(cyPm.o)
 .debug_line    0x00001e99       0x9d .\CortexM3\ARM_GCC_541\Debug\HCM_UPBDrive.a(Selector_In_1.o)
 .debug_line    0x00001f36       0x9d .\CortexM3\ARM_GCC_541\Debug\HCM_UPBDrive.a(Selector_In_2.o)
 .debug_line    0x00001fd3       0x9d .\CortexM3\ARM_GCC_541\Debug\HCM_UPBDrive.a(Selector_In_5.o)
 .debug_line    0x00002070       0x9d .\CortexM3\ARM_GCC_541\Debug\HCM_UPBDrive.a(Selector_In_4.o)
 .debug_line    0x0000210d       0x9d .\CortexM3\ARM_GCC_541\Debug\HCM_UPBDrive.a(Selector_In_3.o)
 .debug_line    0x000021aa       0x66 .\CortexM3\ARM_GCC_541\Debug\HCM_UPBDrive.a(CyBootAsmGnu.o)
 .debug_line    0x00002210      0x205 .\CortexM3\ARM_GCC_541\Debug\HCM_UPBDrive.a(CyFlash.o)
 .debug_line    0x00002415      0x212 .\CortexM3\ARM_GCC_541\Debug\HCM_UPBDrive.a(CySpc.o)

.debug_frame    0x00000000     0x20dc
 *(.debug_frame)
 .debug_frame   0x00000000       0x4c .\CortexM3\ARM_GCC_541\Debug\main.o
 .debug_frame   0x0000004c       0x80 .\CortexM3\ARM_GCC_541\Debug\can_comm.o
 .debug_frame   0x000000cc      0x154 .\CortexM3\ARM_GCC_541\Debug\hybrid_mode.o
 .debug_frame   0x00000220       0x60 .\CortexM3\ARM_GCC_541\Debug\user_input.o
 .debug_frame   0x00000280      0x16c .\CortexM3\ARM_GCC_541\Debug\cyfitter_cfg.o
 .debug_frame   0x000003ec       0xd8 .\CortexM3\ARM_GCC_541\Debug\Cm3Start.o
 .debug_frame   0x000004c4      0x374 .\CortexM3\ARM_GCC_541\Debug\HCM_UPBDrive.a(CAN.o)
 .debug_frame   0x00000838       0x34 .\CortexM3\ARM_GCC_541\Debug\HCM_UPBDrive.a(CAN_INT.o)
 .debug_frame   0x0000086c       0xd4 .\CortexM3\ARM_GCC_541\Debug\HCM_UPBDrive.a(CAN_TX_RX_func.o)
 .debug_frame   0x00000940       0xa8 .\CortexM3\ARM_GCC_541\Debug\HCM_UPBDrive.a(Boost_Button.o)
 .debug_frame   0x000009e8       0xa8 .\CortexM3\ARM_GCC_541\Debug\HCM_UPBDrive.a(AIR_enable.o)
 .debug_frame   0x00000a90      0xc0c .\CortexM3\ARM_GCC_541\Debug\HCM_UPBDrive.a(CyLib.o)
 .debug_frame   0x0000169c      0x234 .\CortexM3\ARM_GCC_541\Debug\HCM_UPBDrive.a(cyPm.o)
 .debug_frame   0x000018d0       0xa8 .\CortexM3\ARM_GCC_541\Debug\HCM_UPBDrive.a(Selector_In_1.o)
 .debug_frame   0x00001978       0xa8 .\CortexM3\ARM_GCC_541\Debug\HCM_UPBDrive.a(Selector_In_2.o)
 .debug_frame   0x00001a20       0xa8 .\CortexM3\ARM_GCC_541\Debug\HCM_UPBDrive.a(Selector_In_5.o)
 .debug_frame   0x00001ac8       0xa8 .\CortexM3\ARM_GCC_541\Debug\HCM_UPBDrive.a(Selector_In_4.o)
 .debug_frame   0x00001b70       0xa8 .\CortexM3\ARM_GCC_541\Debug\HCM_UPBDrive.a(Selector_In_3.o)
 .debug_frame   0x00001c18      0x210 .\CortexM3\ARM_GCC_541\Debug\HCM_UPBDrive.a(CyFlash.o)
 .debug_frame   0x00001e28      0x1f8 .\CortexM3\ARM_GCC_541\Debug\HCM_UPBDrive.a(CySpc.o)
 .debug_frame   0x00002020       0x20 c:/program files (x86)/cypress/psoc creator/4.4/psoc creator/import/gnu/arm/5.4.1/bin/../lib/gcc/arm-none-eabi/5.4.1/../../../../arm-none-eabi/lib/armv7-m\libg_nano.a(lib_a-errno.o)
 .debug_frame   0x00002040       0x28 c:/program files (x86)/cypress/psoc creator/4.4/psoc creator/import/gnu/arm/5.4.1/bin/../lib/gcc/arm-none-eabi/5.4.1/../../../../arm-none-eabi/lib/armv7-m\libg_nano.a(lib_a-exit.o)
 .debug_frame   0x00002068       0x2c c:/program files (x86)/cypress/psoc creator/4.4/psoc creator/import/gnu/arm/5.4.1/bin/../lib/gcc/arm-none-eabi/5.4.1/../../../../arm-none-eabi/lib/armv7-m\libg_nano.a(lib_a-init.o)
 .debug_frame   0x00002094       0x28 c:/program files (x86)/cypress/psoc creator/4.4/psoc creator/import/gnu/arm/5.4.1/bin/../lib/gcc/arm-none-eabi/5.4.1/../../../../arm-none-eabi/lib/armv7-m\libg_nano.a(lib_a-memcpy-stub.o)
 .debug_frame   0x000020bc       0x20 c:/program files (x86)/cypress/psoc creator/4.4/psoc creator/import/gnu/arm/5.4.1/bin/../lib/gcc/arm-none-eabi/5.4.1/../../../../arm-none-eabi/lib/armv7-m\libg_nano.a(lib_a-memset.o)

.debug_str      0x00000000     0x1c39
 *(.debug_str)
 .debug_str     0x00000000      0x1d5 .\CortexM3\ARM_GCC_541\Debug\main.o
                                0x22e (size before relaxing)
 .debug_str     0x000001d5      0x102 .\CortexM3\ARM_GCC_541\Debug\can_comm.o
                                0x30f (size before relaxing)
 .debug_str     0x000002d7      0x145 .\CortexM3\ARM_GCC_541\Debug\hybrid_mode.o
                                0x36c (size before relaxing)
 .debug_str     0x0000041c       0x59 .\CortexM3\ARM_GCC_541\Debug\user_input.o
                                0x204 (size before relaxing)
 .debug_str     0x00000475      0x170 .\CortexM3\ARM_GCC_541\Debug\cyfitter_cfg.o
                                0x302 (size before relaxing)
 .debug_str     0x000005e5       0x75 .\CortexM3\ARM_GCC_541\Debug\cymetadata.o
                                0x1e3 (size before relaxing)
 .debug_str     0x0000065a      0x11e .\CortexM3\ARM_GCC_541\Debug\Cm3Start.o
                                0x2d6 (size before relaxing)
 .debug_str     0x00000778      0x273 .\CortexM3\ARM_GCC_541\Debug\HCM_UPBDrive.a(CAN.o)
                                0x493 (size before relaxing)
 .debug_str     0x000009eb       0x29 .\CortexM3\ARM_GCC_541\Debug\HCM_UPBDrive.a(CAN_INT.o)
                                0x1a3 (size before relaxing)
 .debug_str     0x00000a14       0xce .\CortexM3\ARM_GCC_541\Debug\HCM_UPBDrive.a(CAN_TX_RX_func.o)
                                0x2e0 (size before relaxing)
 .debug_str     0x00000ae2       0x89 .\CortexM3\ARM_GCC_541\Debug\HCM_UPBDrive.a(Boost_Button.o)
                                0x204 (size before relaxing)
 .debug_str     0x00000b6b       0x74 .\CortexM3\ARM_GCC_541\Debug\HCM_UPBDrive.a(AIR_enable.o)
                                0x1fa (size before relaxing)
 .debug_str     0x00000bdf      0x7f6 .\CortexM3\ARM_GCC_541\Debug\HCM_UPBDrive.a(CyLib.o)
                                0x9e9 (size before relaxing)
 .debug_str     0x000013d5      0x371 .\CortexM3\ARM_GCC_541\Debug\HCM_UPBDrive.a(cyPm.o)
                                0x542 (size before relaxing)
 .debug_str     0x00001746       0x83 .\CortexM3\ARM_GCC_541\Debug\HCM_UPBDrive.a(Selector_In_1.o)
                                0x209 (size before relaxing)
 .debug_str     0x000017c9       0x83 .\CortexM3\ARM_GCC_541\Debug\HCM_UPBDrive.a(Selector_In_2.o)
                                0x209 (size before relaxing)
 .debug_str     0x0000184c       0x83 .\CortexM3\ARM_GCC_541\Debug\HCM_UPBDrive.a(Selector_In_5.o)
                                0x209 (size before relaxing)
 .debug_str     0x000018cf       0x83 .\CortexM3\ARM_GCC_541\Debug\HCM_UPBDrive.a(Selector_In_4.o)
                                0x209 (size before relaxing)
 .debug_str     0x00001952       0x83 .\CortexM3\ARM_GCC_541\Debug\HCM_UPBDrive.a(Selector_In_3.o)
                                0x209 (size before relaxing)
 .debug_str     0x000019d5      0x145 .\CortexM3\ARM_GCC_541\Debug\HCM_UPBDrive.a(CyFlash.o)
                                0x2f5 (size before relaxing)
 .debug_str     0x00001b1a      0x11f .\CortexM3\ARM_GCC_541\Debug\HCM_UPBDrive.a(CySpc.o)
                                0x2f2 (size before relaxing)

.debug_loc
 *(.debug_loc)

.debug_macinfo
 *(.debug_macinfo)

.debug_ranges   0x00000000      0x730
 *(.debug_ranges)
 .debug_ranges  0x00000000       0x18 .\CortexM3\ARM_GCC_541\Debug\main.o
 .debug_ranges  0x00000018       0x20 .\CortexM3\ARM_GCC_541\Debug\can_comm.o
 .debug_ranges  0x00000038       0x58 .\CortexM3\ARM_GCC_541\Debug\hybrid_mode.o
 .debug_ranges  0x00000090       0x18 .\CortexM3\ARM_GCC_541\Debug\user_input.o
 .debug_ranges  0x000000a8       0x50 .\CortexM3\ARM_GCC_541\Debug\cyfitter_cfg.o
 .debug_ranges  0x000000f8       0x38 .\CortexM3\ARM_GCC_541\Debug\Cm3Start.o
 .debug_ranges  0x00000130       0xb8 .\CortexM3\ARM_GCC_541\Debug\HCM_UPBDrive.a(CAN.o)
 .debug_ranges  0x000001e8       0x10 .\CortexM3\ARM_GCC_541\Debug\HCM_UPBDrive.a(CAN_INT.o)
 .debug_ranges  0x000001f8       0x30 .\CortexM3\ARM_GCC_541\Debug\HCM_UPBDrive.a(CAN_TX_RX_func.o)
 .debug_ranges  0x00000228       0x28 .\CortexM3\ARM_GCC_541\Debug\HCM_UPBDrive.a(Boost_Button.o)
 .debug_ranges  0x00000250       0x28 .\CortexM3\ARM_GCC_541\Debug\HCM_UPBDrive.a(AIR_enable.o)
 .debug_ranges  0x00000278      0x290 .\CortexM3\ARM_GCC_541\Debug\HCM_UPBDrive.a(CyLib.o)
 .debug_ranges  0x00000508       0x88 .\CortexM3\ARM_GCC_541\Debug\HCM_UPBDrive.a(cyPm.o)
 .debug_ranges  0x00000590       0x28 .\CortexM3\ARM_GCC_541\Debug\HCM_UPBDrive.a(Selector_In_1.o)
 .debug_ranges  0x000005b8       0x28 .\CortexM3\ARM_GCC_541\Debug\HCM_UPBDrive.a(Selector_In_2.o)
 .debug_ranges  0x000005e0       0x28 .\CortexM3\ARM_GCC_541\Debug\HCM_UPBDrive.a(Selector_In_5.o)
 .debug_ranges  0x00000608       0x28 .\CortexM3\ARM_GCC_541\Debug\HCM_UPBDrive.a(Selector_In_4.o)
 .debug_ranges  0x00000630       0x28 .\CortexM3\ARM_GCC_541\Debug\HCM_UPBDrive.a(Selector_In_3.o)
 .debug_ranges  0x00000658       0x70 .\CortexM3\ARM_GCC_541\Debug\HCM_UPBDrive.a(CyFlash.o)
 .debug_ranges  0x000006c8       0x68 .\CortexM3\ARM_GCC_541\Debug\HCM_UPBDrive.a(CySpc.o)

.comment        0x00000000       0x6e
 .comment       0x00000000       0x6e .\CortexM3\ARM_GCC_541\Debug\main.o
                                 0x6f (size before relaxing)
 .comment       0x0000006e       0x6f .\CortexM3\ARM_GCC_541\Debug\can_comm.o
 .comment       0x0000006e       0x6f .\CortexM3\ARM_GCC_541\Debug\hybrid_mode.o
 .comment       0x0000006e       0x6f .\CortexM3\ARM_GCC_541\Debug\user_input.o
 .comment       0x0000006e       0x6f .\CortexM3\ARM_GCC_541\Debug\cyfitter_cfg.o
 .comment       0x0000006e       0x6f .\CortexM3\ARM_GCC_541\Debug\cymetadata.o
 .comment       0x0000006e       0x6f .\CortexM3\ARM_GCC_541\Debug\Cm3Start.o
 .comment       0x0000006e       0x6f .\CortexM3\ARM_GCC_541\Debug\HCM_UPBDrive.a(CAN.o)
 .comment       0x0000006e       0x6f .\CortexM3\ARM_GCC_541\Debug\HCM_UPBDrive.a(CAN_INT.o)
 .comment       0x0000006e       0x6f .\CortexM3\ARM_GCC_541\Debug\HCM_UPBDrive.a(CAN_TX_RX_func.o)
 .comment       0x0000006e       0x6f .\CortexM3\ARM_GCC_541\Debug\HCM_UPBDrive.a(Boost_Button.o)
 .comment       0x0000006e       0x6f .\CortexM3\ARM_GCC_541\Debug\HCM_UPBDrive.a(AIR_enable.o)
 .comment       0x0000006e       0x6f .\CortexM3\ARM_GCC_541\Debug\HCM_UPBDrive.a(CyLib.o)
 .comment       0x0000006e       0x6f .\CortexM3\ARM_GCC_541\Debug\HCM_UPBDrive.a(cyPm.o)
 .comment       0x0000006e       0x6f .\CortexM3\ARM_GCC_541\Debug\HCM_UPBDrive.a(Selector_In_1.o)
 .comment       0x0000006e       0x6f .\CortexM3\ARM_GCC_541\Debug\HCM_UPBDrive.a(Selector_In_2.o)
 .comment       0x0000006e       0x6f .\CortexM3\ARM_GCC_541\Debug\HCM_UPBDrive.a(Selector_In_5.o)
 .comment       0x0000006e       0x6f .\CortexM3\ARM_GCC_541\Debug\HCM_UPBDrive.a(Selector_In_4.o)
 .comment       0x0000006e       0x6f .\CortexM3\ARM_GCC_541\Debug\HCM_UPBDrive.a(Selector_In_3.o)
 .comment       0x0000006e       0x6f .\CortexM3\ARM_GCC_541\Debug\HCM_UPBDrive.a(CyFlash.o)
 .comment       0x0000006e       0x6f .\CortexM3\ARM_GCC_541\Debug\HCM_UPBDrive.a(CySpc.o)

.debug_weaknames
 *(.debug_weaknames)

.debug_funcnames
 *(.debug_funcnames)

.debug_typenames
 *(.debug_typenames)

.debug_varnames
 *(.debug_varnames)

.note.gnu.arm.ident
 *(.note.gnu.arm.ident)

.ARM.attributes
                0x00000000       0x29
 *(.ARM.attributes)
 .ARM.attributes
                0x00000000       0x1d c:/program files (x86)/cypress/psoc creator/4.4/psoc creator/import/gnu/arm/5.4.1/bin/../lib/gcc/arm-none-eabi/5.4.1/armv7-m/crti.o
 .ARM.attributes
                0x0000001d       0x2d c:/program files (x86)/cypress/psoc creator/4.4/psoc creator/import/gnu/arm/5.4.1/bin/../lib/gcc/arm-none-eabi/5.4.1/armv7-m/crtbegin.o
 .ARM.attributes
                0x0000004a       0x1b c:/program files (x86)/cypress/psoc creator/4.4/psoc creator/import/gnu/arm/5.4.1/bin/../lib/gcc/arm-none-eabi/5.4.1/../../../../arm-none-eabi/lib/armv7-m/crt0.o
 .ARM.attributes
                0x00000065       0x33 .\CortexM3\ARM_GCC_541\Debug\main.o
 .ARM.attributes
                0x00000098       0x33 .\CortexM3\ARM_GCC_541\Debug\can_comm.o
 .ARM.attributes
                0x000000cb       0x33 .\CortexM3\ARM_GCC_541\Debug\hybrid_mode.o
 .ARM.attributes
                0x000000fe       0x33 .\CortexM3\ARM_GCC_541\Debug\user_input.o
 .ARM.attributes
                0x00000131       0x33 .\CortexM3\ARM_GCC_541\Debug\cyfitter_cfg.o
 .ARM.attributes
                0x00000164       0x33 .\CortexM3\ARM_GCC_541\Debug\cymetadata.o
 .ARM.attributes
                0x00000197       0x33 .\CortexM3\ARM_GCC_541\Debug\Cm3Start.o
 .ARM.attributes
                0x000001ca       0x33 .\CortexM3\ARM_GCC_541\Debug\HCM_UPBDrive.a(CAN.o)
 .ARM.attributes
                0x000001fd       0x33 .\CortexM3\ARM_GCC_541\Debug\HCM_UPBDrive.a(CAN_INT.o)
 .ARM.attributes
                0x00000230       0x33 .\CortexM3\ARM_GCC_541\Debug\HCM_UPBDrive.a(CAN_TX_RX_func.o)
 .ARM.attributes
                0x00000263       0x33 .\CortexM3\ARM_GCC_541\Debug\HCM_UPBDrive.a(Boost_Button.o)
 .ARM.attributes
                0x00000296       0x33 .\CortexM3\ARM_GCC_541\Debug\HCM_UPBDrive.a(AIR_enable.o)
 .ARM.attributes
                0x000002c9       0x33 .\CortexM3\ARM_GCC_541\Debug\HCM_UPBDrive.a(CyLib.o)
 .ARM.attributes
                0x000002fc       0x33 .\CortexM3\ARM_GCC_541\Debug\HCM_UPBDrive.a(cyPm.o)
 .ARM.attributes
                0x0000032f       0x33 .\CortexM3\ARM_GCC_541\Debug\HCM_UPBDrive.a(Selector_In_1.o)
 .ARM.attributes
                0x00000362       0x33 .\CortexM3\ARM_GCC_541\Debug\HCM_UPBDrive.a(Selector_In_2.o)
 .ARM.attributes
                0x00000395       0x33 .\CortexM3\ARM_GCC_541\Debug\HCM_UPBDrive.a(Selector_In_5.o)
 .ARM.attributes
                0x000003c8       0x33 .\CortexM3\ARM_GCC_541\Debug\HCM_UPBDrive.a(Selector_In_4.o)
 .ARM.attributes
                0x000003fb       0x33 .\CortexM3\ARM_GCC_541\Debug\HCM_UPBDrive.a(Selector_In_3.o)
 .ARM.attributes
                0x0000042e       0x21 .\CortexM3\ARM_GCC_541\Debug\HCM_UPBDrive.a(CyBootAsmGnu.o)
 .ARM.attributes
                0x0000044f       0x33 .\CortexM3\ARM_GCC_541\Debug\HCM_UPBDrive.a(CyFlash.o)
 .ARM.attributes
                0x00000482       0x33 .\CortexM3\ARM_GCC_541\Debug\HCM_UPBDrive.a(CySpc.o)
 .ARM.attributes
                0x000004b5       0x2d c:/program files (x86)/cypress/psoc creator/4.4/psoc creator/import/gnu/arm/5.4.1/bin/../lib/gcc/arm-none-eabi/5.4.1/../../../../arm-none-eabi/lib/armv7-m\libg_nano.a(lib_a-errno.o)
 .ARM.attributes
                0x000004e2       0x2d c:/program files (x86)/cypress/psoc creator/4.4/psoc creator/import/gnu/arm/5.4.1/bin/../lib/gcc/arm-none-eabi/5.4.1/../../../../arm-none-eabi/lib/armv7-m\libg_nano.a(lib_a-exit.o)
 .ARM.attributes
                0x0000050f       0x2d c:/program files (x86)/cypress/psoc creator/4.4/psoc creator/import/gnu/arm/5.4.1/bin/../lib/gcc/arm-none-eabi/5.4.1/../../../../arm-none-eabi/lib/armv7-m\libg_nano.a(lib_a-impure.o)
 .ARM.attributes
                0x0000053c       0x2d c:/program files (x86)/cypress/psoc creator/4.4/psoc creator/import/gnu/arm/5.4.1/bin/../lib/gcc/arm-none-eabi/5.4.1/../../../../arm-none-eabi/lib/armv7-m\libg_nano.a(lib_a-init.o)
 .ARM.attributes
                0x00000569       0x2d c:/program files (x86)/cypress/psoc creator/4.4/psoc creator/import/gnu/arm/5.4.1/bin/../lib/gcc/arm-none-eabi/5.4.1/../../../../arm-none-eabi/lib/armv7-m\libg_nano.a(lib_a-memcpy-stub.o)
 .ARM.attributes
                0x00000596       0x2d c:/program files (x86)/cypress/psoc creator/4.4/psoc creator/import/gnu/arm/5.4.1/bin/../lib/gcc/arm-none-eabi/5.4.1/../../../../arm-none-eabi/lib/armv7-m\libg_nano.a(lib_a-memset.o)
 .ARM.attributes
                0x000005c3       0x2d c:/program files (x86)/cypress/psoc creator/4.4/psoc creator/import/gnu/arm/5.4.1/bin/../lib/gcc/arm-none-eabi/5.4.1/armv7-m/crtend.o
 .ARM.attributes
                0x000005f0       0x1d c:/program files (x86)/cypress/psoc creator/4.4/psoc creator/import/gnu/arm/5.4.1/bin/../lib/gcc/arm-none-eabi/5.4.1/armv7-m/crtn.o

/DISCARD/
 *(.note.GNU-stack)
OUTPUT(C:\Users\badea\Documents\PSoC Creator\can_bun\HCM_UPBDrive.cydsn\CortexM3\ARM_GCC_541\Debug\HCM_UPBDrive.elf elf32-littlearm)
