ARM GAS  C:\Users\badea\AppData\Local\Temp\ccbZyN19.s 			page 1


   1              		.syntax unified
   2              		.cpu cortex-m3
   3              		.fpu softvfp
   4              		.eabi_attribute 20, 1
   5              		.eabi_attribute 21, 1
   6              		.eabi_attribute 23, 3
   7              		.eabi_attribute 24, 1
   8              		.eabi_attribute 25, 1
   9              		.eabi_attribute 26, 1
  10              		.eabi_attribute 30, 6
  11              		.eabi_attribute 34, 1
  12              		.eabi_attribute 18, 4
  13              		.thumb
  14              		.syntax unified
  15              		.file	"hybrid_mode.c"
  16              		.text
  17              	.Ltext0:
  18              		.cfi_sections	.debug_frame
  19              		.global	hybrid_state
  20              		.bss
  21              		.align	2
  22              		.type	hybrid_state, %object
  23              		.size	hybrid_state, 2
  24              	hybrid_state:
  25 0000 0000     		.space	2
  26              		.section	.text.TPS_to_Duty_Cycle_Percentage,"ax",%progbits
  27              		.align	2
  28              		.global	TPS_to_Duty_Cycle_Percentage
  29              		.thumb
  30              		.thumb_func
  31              		.type	TPS_to_Duty_Cycle_Percentage, %function
  32              	TPS_to_Duty_Cycle_Percentage:
  33              	.LFB63:
  34              		.file 1 "src\\hybrid_mode.c"
   1:src/hybrid_mode.c **** /*
   2:src/hybrid_mode.c ****  * File:        hybrid_mode.c
   3:src/hybrid_mode.c ****  * Description: Implements the hybrid drive control strategies for the HCM project. Based on curren
   4:src/hybrid_mode.c ****  *              vehicle status (gear, RPM, speed, TPS, brake state) and user input, this module 
   5:src/hybrid_mode.c ****  *              selects and applies the appropriate driving mode by updating the hybrid_state
   6:src/hybrid_mode.c ****  *              and transmitting the command via CAN to the ESC.
   7:src/hybrid_mode.c **** */
   8:src/hybrid_mode.c **** 
   9:src/hybrid_mode.c **** #include <include/hybrid_mode.h>
  10:src/hybrid_mode.c **** 
  11:src/hybrid_mode.c **** /*
  12:src/hybrid_mode.c **** ** Hybrid Strategy Modes **
  13:src/hybrid_mode.c ****   |----|-----------------------|-------------------------------------------------------|
  14:src/hybrid_mode.c ****   | ID | Name                  | Description                                           |
  15:src/hybrid_mode.c ****   |----|-----------------------|-------------------------------------------------------|
  16:src/hybrid_mode.c ****   | 0  | Freewheel             | Default idle mode                                     |
  17:src/hybrid_mode.c ****   | 1  | Manual (Boost)        | Full torque if boost button is active                 |
  18:src/hybrid_mode.c ****   | 2  | Launch Assist         | Active at low RPM, low speed, high TPS, gear 1        |
  19:src/hybrid_mode.c ****   | 3  | Auto No Regen         | Proportional torque, no regen                         |
  20:src/hybrid_mode.c ****   | 4  | Auto Brake Regen      | Regen on brake press                                  |
  21:src/hybrid_mode.c ****   | 5  | Auto TPS-Based Regen  | Regen when TPS < threshold or braking                 |
  22:src/hybrid_mode.c ****   |----|-----------------------|-------------------------------------------------------|
  23:src/hybrid_mode.c ****   *
ARM GAS  C:\Users\badea\AppData\Local\Temp\ccbZyN19.s 			page 2


  24:src/hybrid_mode.c ****   * Auto mode is mapping TPS from a threshold to 100
  25:src/hybrid_mode.c ****   * ! Boost button overrides any mode, as long as the strategy is not set to Freewheel (Hybrid OFF)
  26:src/hybrid_mode.c **** */
  27:src/hybrid_mode.c **** 
  28:src/hybrid_mode.c **** /**************************************************************************************************
  29:src/hybrid_mode.c **** * Global variables
  30:src/hybrid_mode.c **** ***************************************************************************************************
  31:src/hybrid_mode.c **** volatile HY_strategy_t hybrid_state = {0, 0};
  32:src/hybrid_mode.c **** 
  33:src/hybrid_mode.c **** /**************************************************************************************************
  34:src/hybrid_mode.c **** * Functions
  35:src/hybrid_mode.c **** ***************************************************************************************************
  36:src/hybrid_mode.c **** /*
  37:src/hybrid_mode.c ****  * Function:    TPS_to_Duty_Cycle_Percentage
  38:src/hybrid_mode.c ****  * Description: Converts the TPS value (over a threshold) to a proportional duty cycle.
  39:src/hybrid_mode.c ****  * Parameters:
  40:src/hybrid_mode.c ****  *   - tps_percentage: Throttle position sensor value from ECU [0–100].
  41:src/hybrid_mode.c ****  * Returns:
  42:src/hybrid_mode.c ****  *   - A duty cycle percentage [0–100], mapped linearly for TPS ≥ threshold.
  43:src/hybrid_mode.c ****  *     Returns 0 for TPS < threshold.
  44:src/hybrid_mode.c ****  */
  45:src/hybrid_mode.c **** uint8_t TPS_to_Duty_Cycle_Percentage(uint8_t tps_percentage)
  46:src/hybrid_mode.c **** {
  35              		.loc 1 46 0
  36              		.cfi_startproc
  37              		@ args = 0, pretend = 0, frame = 8
  38              		@ frame_needed = 1, uses_anonymous_args = 0
  39              		@ link register save eliminated.
  40 0000 80B4     		push	{r7}
  41              		.cfi_def_cfa_offset 4
  42              		.cfi_offset 7, -4
  43 0002 83B0     		sub	sp, sp, #12
  44              		.cfi_def_cfa_offset 16
  45 0004 00AF     		add	r7, sp, #0
  46              		.cfi_def_cfa_register 7
  47 0006 0346     		mov	r3, r0
  48 0008 FB71     		strb	r3, [r7, #7]
  47:src/hybrid_mode.c ****     if (tps_percentage < MAPPING_TPS_THRESHOLD)
  49              		.loc 1 47 0
  50 000a FB79     		ldrb	r3, [r7, #7]	@ zero_extendqisi2
  51 000c 312B     		cmp	r3, #49
  52 000e 01D8     		bhi	.L2
  48:src/hybrid_mode.c ****         return 0;
  53              		.loc 1 48 0
  54 0010 0023     		movs	r3, #0
  55 0012 0BE0     		b	.L3
  56              	.L2:
  49:src/hybrid_mode.c ****     else
  50:src/hybrid_mode.c ****         return ((tps_percentage - MAPPING_TPS_THRESHOLD ) * 100) / (100 - MAPPING_TPS_THRESHOLD);
  57              		.loc 1 50 0
  58 0014 FB79     		ldrb	r3, [r7, #7]	@ zero_extendqisi2
  59 0016 6422     		movs	r2, #100
  60 0018 02FB03F3 		mul	r3, r2, r3
  61 001c A3F59C53 		sub	r3, r3, #4992
  62 0020 083B     		subs	r3, r3, #8
  63 0022 054A     		ldr	r2, .L4
  64 0024 A2FB0323 		umull	r2, r3, r2, r3
ARM GAS  C:\Users\badea\AppData\Local\Temp\ccbZyN19.s 			page 3


  65 0028 1B09     		lsrs	r3, r3, #4
  66 002a DBB2     		uxtb	r3, r3
  67              	.L3:
  51:src/hybrid_mode.c **** }
  68              		.loc 1 51 0
  69 002c 1846     		mov	r0, r3
  70 002e 0C37     		adds	r7, r7, #12
  71              		.cfi_def_cfa_offset 4
  72 0030 BD46     		mov	sp, r7
  73              		.cfi_def_cfa_register 13
  74              		@ sp needed
  75 0032 80BC     		pop	{r7}
  76              		.cfi_restore 7
  77              		.cfi_def_cfa_offset 0
  78 0034 7047     		bx	lr
  79              	.L5:
  80 0036 00BF     		.align	2
  81              	.L4:
  82 0038 1F85EB51 		.word	1374389535
  83              		.cfi_endproc
  84              	.LFE63:
  85              		.size	TPS_to_Duty_Cycle_Percentage, .-TPS_to_Duty_Cycle_Percentage
  86              		.section	.text.Map_Duty_Cycle,"ax",%progbits
  87              		.align	2
  88              		.global	Map_Duty_Cycle
  89              		.thumb
  90              		.thumb_func
  91              		.type	Map_Duty_Cycle, %function
  92              	Map_Duty_Cycle:
  93              	.LFB64:
  52:src/hybrid_mode.c **** 
  53:src/hybrid_mode.c **** /*
  54:src/hybrid_mode.c ****  * Function:    Map_Duty_Cycle
  55:src/hybrid_mode.c ****  * Description: Converts a duty cycle percentage to a 15-bit signed integer for CAN transmission.
  56:src/hybrid_mode.c ****  * Parameters:
  57:src/hybrid_mode.c ****  *   - duty_cycle_percentage: Desired motor duty (in percent, −100 to 100).
  58:src/hybrid_mode.c ****  * Returns:
  59:src/hybrid_mode.c ****  *   - 15-bit signed value scaled to match ESC input format.
  60:src/hybrid_mode.c ****  */
  61:src/hybrid_mode.c **** int16_t Map_Duty_Cycle(int8_t duty_cycle_percentage)
  62:src/hybrid_mode.c **** {
  94              		.loc 1 62 0
  95              		.cfi_startproc
  96              		@ args = 0, pretend = 0, frame = 8
  97              		@ frame_needed = 1, uses_anonymous_args = 0
  98              		@ link register save eliminated.
  99 0000 80B4     		push	{r7}
 100              		.cfi_def_cfa_offset 4
 101              		.cfi_offset 7, -4
 102 0002 83B0     		sub	sp, sp, #12
 103              		.cfi_def_cfa_offset 16
 104 0004 00AF     		add	r7, sp, #0
 105              		.cfi_def_cfa_register 7
 106 0006 0346     		mov	r3, r0
 107 0008 FB71     		strb	r3, [r7, #7]
  63:src/hybrid_mode.c ****     return (int16_t)((duty_cycle_percentage * MAX_VALUE_15BIT) / 100);
 108              		.loc 1 63 0
ARM GAS  C:\Users\badea\AppData\Local\Temp\ccbZyN19.s 			page 4


 109 000a 97F90720 		ldrsb	r2, [r7, #7]
 110 000e 1346     		mov	r3, r2
 111 0010 DB03     		lsls	r3, r3, #15
 112 0012 9B1A     		subs	r3, r3, r2
 113 0014 044A     		ldr	r2, .L8
 114 0016 A2FB0323 		umull	r2, r3, r2, r3
 115 001a 5B09     		lsrs	r3, r3, #5
 116 001c 1BB2     		sxth	r3, r3
  64:src/hybrid_mode.c **** }
 117              		.loc 1 64 0
 118 001e 1846     		mov	r0, r3
 119 0020 0C37     		adds	r7, r7, #12
 120              		.cfi_def_cfa_offset 4
 121 0022 BD46     		mov	sp, r7
 122              		.cfi_def_cfa_register 13
 123              		@ sp needed
 124 0024 80BC     		pop	{r7}
 125              		.cfi_restore 7
 126              		.cfi_def_cfa_offset 0
 127 0026 7047     		bx	lr
 128              	.L9:
 129              		.align	2
 130              	.L8:
 131 0028 1F85EB51 		.word	1374389535
 132              		.cfi_endproc
 133              	.LFE64:
 134              		.size	Map_Duty_Cycle, .-Map_Duty_Cycle
 135              		.section	.text.Emergency_Stop,"ax",%progbits
 136              		.align	2
 137              		.global	Emergency_Stop
 138              		.thumb
 139              		.thumb_func
 140              		.type	Emergency_Stop, %function
 141              	Emergency_Stop:
 142              	.LFB65:
  65:src/hybrid_mode.c **** 
  66:src/hybrid_mode.c **** /*
  67:src/hybrid_mode.c ****  * Function:    Emergency_Stop
  68:src/hybrid_mode.c ****  * Description: Sets the hybrid mode to freewheel, then disables the AIR.
  69:src/hybrid_mode.c ****  */
  70:src/hybrid_mode.c **** void Emergency_Stop()
  71:src/hybrid_mode.c **** {
 143              		.loc 1 71 0
 144              		.cfi_startproc
 145              		@ args = 0, pretend = 0, frame = 0
 146              		@ frame_needed = 1, uses_anonymous_args = 0
 147 0000 80B5     		push	{r7, lr}
 148              		.cfi_def_cfa_offset 8
 149              		.cfi_offset 7, -8
 150              		.cfi_offset 14, -4
 151 0002 00AF     		add	r7, sp, #0
 152              		.cfi_def_cfa_register 7
  72:src/hybrid_mode.c ****     Set_Strategy(FREEWHEEL_S); /* Set the ESC to freewheel before power off */
 153              		.loc 1 72 0
 154 0004 0020     		movs	r0, #0
 155 0006 FFF7FEFF 		bl	Set_Strategy
  73:src/hybrid_mode.c ****     CyDelay(500u); /* Wait 500 ms for the motor to slow down */
ARM GAS  C:\Users\badea\AppData\Local\Temp\ccbZyN19.s 			page 5


 156              		.loc 1 73 0
 157 000a 4FF4FA70 		mov	r0, #500
 158 000e FFF7FEFF 		bl	CyDelay
  74:src/hybrid_mode.c ****     AIR_enable_Write(STD_OFF); /* Disable the AIR */
 159              		.loc 1 74 0
 160 0012 0020     		movs	r0, #0
 161 0014 FFF7FEFF 		bl	AIR_enable_Write
  75:src/hybrid_mode.c **** }
 162              		.loc 1 75 0
 163 0018 00BF     		nop
 164 001a 80BD     		pop	{r7, pc}
 165              		.cfi_endproc
 166              	.LFE65:
 167              		.size	Emergency_Stop, .-Emergency_Stop
 168              		.section	.text.Set_Strategy,"ax",%progbits
 169              		.align	2
 170              		.global	Set_Strategy
 171              		.thumb
 172              		.thumb_func
 173              		.type	Set_Strategy, %function
 174              	Set_Strategy:
 175              	.LFB66:
  76:src/hybrid_mode.c **** 
  77:src/hybrid_mode.c **** /*
  78:src/hybrid_mode.c ****  * Function:    Set_Strategy
  79:src/hybrid_mode.c ****  * Description: Applies the appropriate hybrid driving strategy based on selector input,
  80:src/hybrid_mode.c ****  *              vehicle state, and driver override.
  81:src/hybrid_mode.c ****  *
  82:src/hybrid_mode.c ****  * Parameters:
  83:src/hybrid_mode.c ****  *   - sel_strategy: User-selected strategy index [1–6].
  84:src/hybrid_mode.c ****  *
  85:src/hybrid_mode.c ****  * Logic:
  86:src/hybrid_mode.c ****  *   - If gear is neutral or speed is too low/high -> Freewheel.
  87:src/hybrid_mode.c ****  *   - If boost button is pressed, brake is not, and sel_strategy > 0 -> Full torque (also when spe
  88:src/hybrid_mode.c ****  *   - Otherwise, applies strategy based on sel_strategy.
  89:src/hybrid_mode.c ****  *   - Defaults to Freewheel if sel_strategy is invalid.
  90:src/hybrid_mode.c ****  *
  91:src/hybrid_mode.c ****  * Sends the selected driving mode and duty cycle to the ESC via CAN.
  92:src/hybrid_mode.c ****  */
  93:src/hybrid_mode.c **** void Set_Strategy(uint8_t sel_strategy)
  94:src/hybrid_mode.c **** {
 176              		.loc 1 94 0
 177              		.cfi_startproc
 178              		@ args = 0, pretend = 0, frame = 8
 179              		@ frame_needed = 1, uses_anonymous_args = 0
 180 0000 80B5     		push	{r7, lr}
 181              		.cfi_def_cfa_offset 8
 182              		.cfi_offset 7, -8
 183              		.cfi_offset 14, -4
 184 0002 82B0     		sub	sp, sp, #8
 185              		.cfi_def_cfa_offset 16
 186 0004 00AF     		add	r7, sp, #0
 187              		.cfi_def_cfa_register 7
 188 0006 0346     		mov	r3, r0
 189 0008 FB71     		strb	r3, [r7, #7]
  95:src/hybrid_mode.c ****     if (car_state.gear == NEUTRAL_GEAR || car_state.vss > MAX_VSS_TO_DEPLOY)
 190              		.loc 1 95 0
ARM GAS  C:\Users\badea\AppData\Local\Temp\ccbZyN19.s 			page 6


 191 000a 304B     		ldr	r3, .L25
 192 000c DB78     		ldrb	r3, [r3, #3]
 193 000e DBB2     		uxtb	r3, r3
 194 0010 002B     		cmp	r3, #0
 195 0012 04D0     		beq	.L12
 196              		.loc 1 95 0 is_stmt 0 discriminator 1
 197 0014 2D4B     		ldr	r3, .L25
 198 0016 5B79     		ldrb	r3, [r3, #5]
 199 0018 DBB2     		uxtb	r3, r3
 200 001a 5A2B     		cmp	r3, #90
 201 001c 02D9     		bls	.L13
 202              	.L12:
  96:src/hybrid_mode.c ****     {
  97:src/hybrid_mode.c ****         Set_Strategy_Freewheel();
 203              		.loc 1 97 0 is_stmt 1
 204 001e FFF7FEFF 		bl	Set_Strategy_Freewheel
 205 0022 45E0     		b	.L14
 206              	.L13:
  98:src/hybrid_mode.c ****     }
  99:src/hybrid_mode.c ****     else if (car_state.vss < MIN_VSS_TO_DEPLOY && sel_strategy != MANUAL_S)
 207              		.loc 1 99 0
 208 0024 294B     		ldr	r3, .L25
 209 0026 5B79     		ldrb	r3, [r3, #5]
 210 0028 DBB2     		uxtb	r3, r3
 211 002a 022B     		cmp	r3, #2
 212 002c 05D8     		bhi	.L15
 213              		.loc 1 99 0 is_stmt 0 discriminator 1
 214 002e FB79     		ldrb	r3, [r7, #7]	@ zero_extendqisi2
 215 0030 012B     		cmp	r3, #1
 216 0032 02D0     		beq	.L15
 100:src/hybrid_mode.c ****     {
 101:src/hybrid_mode.c ****         Set_Strategy_Freewheel();
 217              		.loc 1 101 0 is_stmt 1
 218 0034 FFF7FEFF 		bl	Set_Strategy_Freewheel
 219 0038 3AE0     		b	.L14
 220              	.L15:
 102:src/hybrid_mode.c ****     }
 103:src/hybrid_mode.c ****     else if ((Read_Boost_Button() == STD_ON) && (car_state.brake_state == STD_OFF) && (sel_strategy
 221              		.loc 1 103 0
 222 003a FFF7FEFF 		bl	Read_Boost_Button
 223 003e 0346     		mov	r3, r0
 224 0040 012B     		cmp	r3, #1
 225 0042 0ED1     		bne	.L16
 226              		.loc 1 103 0 is_stmt 0 discriminator 1
 227 0044 214B     		ldr	r3, .L25
 228 0046 9B79     		ldrb	r3, [r3, #6]
 229 0048 DBB2     		uxtb	r3, r3
 230 004a 002B     		cmp	r3, #0
 231 004c 09D1     		bne	.L16
 232              		.loc 1 103 0 discriminator 2
 233 004e FB79     		ldrb	r3, [r7, #7]	@ zero_extendqisi2
 234 0050 002B     		cmp	r3, #0
 235 0052 06D0     		beq	.L16
 104:src/hybrid_mode.c ****     {
 105:src/hybrid_mode.c ****         hybrid_state.driving_mode = TORQUE_MODE;
 236              		.loc 1 105 0 is_stmt 1
 237 0054 1E4B     		ldr	r3, .L25+4
ARM GAS  C:\Users\badea\AppData\Local\Temp\ccbZyN19.s 			page 7


 238 0056 0222     		movs	r2, #2
 239 0058 1A70     		strb	r2, [r3]
 106:src/hybrid_mode.c ****         hybrid_state.duty_cycle_percentage = BOOST_TORQUE_PERCENTAGE;
 240              		.loc 1 106 0
 241 005a 1D4B     		ldr	r3, .L25+4
 242 005c 6422     		movs	r2, #100
 243 005e 5A70     		strb	r2, [r3, #1]
 244 0060 26E0     		b	.L14
 245              	.L16:
 107:src/hybrid_mode.c ****     }
 108:src/hybrid_mode.c ****     else
 109:src/hybrid_mode.c ****     {
 110:src/hybrid_mode.c ****         switch (sel_strategy)
 246              		.loc 1 110 0
 247 0062 FB79     		ldrb	r3, [r7, #7]	@ zero_extendqisi2
 248 0064 052B     		cmp	r3, #5
 249 0066 21D8     		bhi	.L17
 250 0068 01A2     		adr	r2, .L19
 251 006a 52F823F0 		ldr	pc, [r2, r3, lsl #2]
 252 006e 00BF     		.p2align 2
 253              	.L19:
 254 0070 89000000 		.word	.L18+1
 255 0074 8F000000 		.word	.L20+1
 256 0078 95000000 		.word	.L21+1
 257 007c 9B000000 		.word	.L22+1
 258 0080 A1000000 		.word	.L23+1
 259 0084 A7000000 		.word	.L24+1
 260              		.p2align 1
 261              	.L18:
 111:src/hybrid_mode.c ****         {
 112:src/hybrid_mode.c ****             case FREEWHEEL_S:
 113:src/hybrid_mode.c ****                 Set_Strategy_Freewheel();
 262              		.loc 1 113 0
 263 0088 FFF7FEFF 		bl	Set_Strategy_Freewheel
 114:src/hybrid_mode.c ****                 break;
 264              		.loc 1 114 0
 265 008c 10E0     		b	.L14
 266              	.L20:
 115:src/hybrid_mode.c ****                 
 116:src/hybrid_mode.c ****             case MANUAL_S:
 117:src/hybrid_mode.c ****                 Set_Strategy_Manual();
 267              		.loc 1 117 0
 268 008e FFF7FEFF 		bl	Set_Strategy_Manual
 118:src/hybrid_mode.c ****                 break;
 269              		.loc 1 118 0
 270 0092 0DE0     		b	.L14
 271              	.L21:
 119:src/hybrid_mode.c **** 
 120:src/hybrid_mode.c ****             case LAUNCH_S:
 121:src/hybrid_mode.c ****                 Set_Strategy_Launch_Assist();
 272              		.loc 1 121 0
 273 0094 FFF7FEFF 		bl	Set_Strategy_Launch_Assist
 122:src/hybrid_mode.c ****                 break;
 274              		.loc 1 122 0
 275 0098 0AE0     		b	.L14
 276              	.L22:
 123:src/hybrid_mode.c **** 
ARM GAS  C:\Users\badea\AppData\Local\Temp\ccbZyN19.s 			page 8


 124:src/hybrid_mode.c ****             case AUTO_NOREGEN_S:
 125:src/hybrid_mode.c ****                 Set_Strategy_Auto_No_Regen();
 277              		.loc 1 125 0
 278 009a FFF7FEFF 		bl	Set_Strategy_Auto_No_Regen
 126:src/hybrid_mode.c ****                 break;
 279              		.loc 1 126 0
 280 009e 07E0     		b	.L14
 281              	.L23:
 127:src/hybrid_mode.c **** 
 128:src/hybrid_mode.c ****             case AUTO_BRAKEREGEN_S:
 129:src/hybrid_mode.c ****                 Set_Strategy_Auto_Brake_Regen();
 282              		.loc 1 129 0
 283 00a0 FFF7FEFF 		bl	Set_Strategy_Auto_Brake_Regen
 130:src/hybrid_mode.c ****                 break;
 284              		.loc 1 130 0
 285 00a4 04E0     		b	.L14
 286              	.L24:
 131:src/hybrid_mode.c **** 
 132:src/hybrid_mode.c ****             case AUTO_ALLREGEN_S:
 133:src/hybrid_mode.c ****                 Set_Strategy_Auto_Always_Regen();
 287              		.loc 1 133 0
 288 00a6 FFF7FEFF 		bl	Set_Strategy_Auto_Always_Regen
 134:src/hybrid_mode.c ****                 break;
 289              		.loc 1 134 0
 290 00aa 01E0     		b	.L14
 291              	.L17:
 135:src/hybrid_mode.c **** 
 136:src/hybrid_mode.c ****             default:
 137:src/hybrid_mode.c ****                 Set_Strategy_Freewheel();
 292              		.loc 1 137 0
 293 00ac FFF7FEFF 		bl	Set_Strategy_Freewheel
 294              	.L14:
 138:src/hybrid_mode.c ****         }
 139:src/hybrid_mode.c ****     }
 140:src/hybrid_mode.c ****     
 141:src/hybrid_mode.c ****     CAN_Transmit_To_ESC(hybrid_state.driving_mode, hybrid_state.duty_cycle_percentage);
 295              		.loc 1 141 0
 296 00b0 074B     		ldr	r3, .L25+4
 297 00b2 1B78     		ldrb	r3, [r3]
 298 00b4 DAB2     		uxtb	r2, r3
 299 00b6 064B     		ldr	r3, .L25+4
 300 00b8 5B78     		ldrb	r3, [r3, #1]
 301 00ba 5BB2     		sxtb	r3, r3
 302 00bc 1946     		mov	r1, r3
 303 00be 1046     		mov	r0, r2
 304 00c0 FFF7FEFF 		bl	CAN_Transmit_To_ESC
 142:src/hybrid_mode.c **** }
 305              		.loc 1 142 0
 306 00c4 00BF     		nop
 307 00c6 0837     		adds	r7, r7, #8
 308              		.cfi_def_cfa_offset 8
 309 00c8 BD46     		mov	sp, r7
 310              		.cfi_def_cfa_register 13
 311              		@ sp needed
 312 00ca 80BD     		pop	{r7, pc}
 313              	.L26:
 314              		.align	2
ARM GAS  C:\Users\badea\AppData\Local\Temp\ccbZyN19.s 			page 9


 315              	.L25:
 316 00cc 00000000 		.word	car_state
 317 00d0 00000000 		.word	hybrid_state
 318              		.cfi_endproc
 319              	.LFE66:
 320              		.size	Set_Strategy, .-Set_Strategy
 321              		.section	.text.Set_Strategy_Freewheel,"ax",%progbits
 322              		.align	2
 323              		.global	Set_Strategy_Freewheel
 324              		.thumb
 325              		.thumb_func
 326              		.type	Set_Strategy_Freewheel, %function
 327              	Set_Strategy_Freewheel:
 328              	.LFB67:
 143:src/hybrid_mode.c **** 
 144:src/hybrid_mode.c **** /*
 145:src/hybrid_mode.c ****  * Function:    Set_Strategy_Freewheel
 146:src/hybrid_mode.c ****  * Description: Disables hybrid power by setting mode to Freewheel and zero duty cycle.
 147:src/hybrid_mode.c ****  */
 148:src/hybrid_mode.c **** void Set_Strategy_Freewheel()
 149:src/hybrid_mode.c **** {
 329              		.loc 1 149 0
 330              		.cfi_startproc
 331              		@ args = 0, pretend = 0, frame = 0
 332              		@ frame_needed = 1, uses_anonymous_args = 0
 333              		@ link register save eliminated.
 334 0000 80B4     		push	{r7}
 335              		.cfi_def_cfa_offset 4
 336              		.cfi_offset 7, -4
 337 0002 00AF     		add	r7, sp, #0
 338              		.cfi_def_cfa_register 7
 150:src/hybrid_mode.c ****     hybrid_state.driving_mode = FREEWHEEL_MODE;
 339              		.loc 1 150 0
 340 0004 044B     		ldr	r3, .L28
 341 0006 0022     		movs	r2, #0
 342 0008 1A70     		strb	r2, [r3]
 151:src/hybrid_mode.c ****     hybrid_state.duty_cycle_percentage = STD_OFF;
 343              		.loc 1 151 0
 344 000a 034B     		ldr	r3, .L28
 345 000c 0022     		movs	r2, #0
 346 000e 5A70     		strb	r2, [r3, #1]
 152:src/hybrid_mode.c **** }
 347              		.loc 1 152 0
 348 0010 00BF     		nop
 349 0012 BD46     		mov	sp, r7
 350              		.cfi_def_cfa_register 13
 351              		@ sp needed
 352 0014 80BC     		pop	{r7}
 353              		.cfi_restore 7
 354              		.cfi_def_cfa_offset 0
 355 0016 7047     		bx	lr
 356              	.L29:
 357              		.align	2
 358              	.L28:
 359 0018 00000000 		.word	hybrid_state
 360              		.cfi_endproc
 361              	.LFE67:
ARM GAS  C:\Users\badea\AppData\Local\Temp\ccbZyN19.s 			page 10


 362              		.size	Set_Strategy_Freewheel, .-Set_Strategy_Freewheel
 363              		.section	.text.Set_Strategy_Manual,"ax",%progbits
 364              		.align	2
 365              		.global	Set_Strategy_Manual
 366              		.thumb
 367              		.thumb_func
 368              		.type	Set_Strategy_Manual, %function
 369              	Set_Strategy_Manual:
 370              	.LFB68:
 153:src/hybrid_mode.c **** 
 154:src/hybrid_mode.c **** /*
 155:src/hybrid_mode.c ****  * Function:    Set_Strategy_Manual
 156:src/hybrid_mode.c ****  * Description: Enables full power (boost mode) if the boost button is pressed and the brake is not
 157:src/hybrid_mode.c ****  *              Falls back to Freewheel otherwise.
 158:src/hybrid_mode.c ****  */
 159:src/hybrid_mode.c **** void Set_Strategy_Manual()
 160:src/hybrid_mode.c **** {
 371              		.loc 1 160 0
 372              		.cfi_startproc
 373              		@ args = 0, pretend = 0, frame = 0
 374              		@ frame_needed = 1, uses_anonymous_args = 0
 375 0000 80B5     		push	{r7, lr}
 376              		.cfi_def_cfa_offset 8
 377              		.cfi_offset 7, -8
 378              		.cfi_offset 14, -4
 379 0002 00AF     		add	r7, sp, #0
 380              		.cfi_def_cfa_register 7
 161:src/hybrid_mode.c ****     /* The logic for the boost button is in the main Set_Strategy() function;
 162:src/hybrid_mode.c ****      * If the program enters here it means the selector is on manual,
 163:src/hybrid_mode.c ****      * but boost button is not pressed -> freewheel */
 164:src/hybrid_mode.c ****     Set_Strategy_Freewheel();
 381              		.loc 1 164 0
 382 0004 FFF7FEFF 		bl	Set_Strategy_Freewheel
 165:src/hybrid_mode.c **** }
 383              		.loc 1 165 0
 384 0008 00BF     		nop
 385 000a 80BD     		pop	{r7, pc}
 386              		.cfi_endproc
 387              	.LFE68:
 388              		.size	Set_Strategy_Manual, .-Set_Strategy_Manual
 389              		.section	.text.Set_Strategy_Launch_Assist,"ax",%progbits
 390              		.align	2
 391              		.global	Set_Strategy_Launch_Assist
 392              		.thumb
 393              		.thumb_func
 394              		.type	Set_Strategy_Launch_Assist, %function
 395              	Set_Strategy_Launch_Assist:
 396              	.LFB69:
 166:src/hybrid_mode.c **** 
 167:src/hybrid_mode.c **** /*
 168:src/hybrid_mode.c ****  * Function:    Set_Strategy_Launch_Assist
 169:src/hybrid_mode.c ****  * Description: Engages full torque at launch under these conditions:
 170:src/hybrid_mode.c ****  *              - RPM and VSS under a set threshold
 171:src/hybrid_mode.c ****  *              - TPS over a set threshold
 172:src/hybrid_mode.c ****  *              - Gear = 1
 173:src/hybrid_mode.c ****  *              - Brake not pressed
 174:src/hybrid_mode.c ****  *              Falls back to Freewheel otherwise.
ARM GAS  C:\Users\badea\AppData\Local\Temp\ccbZyN19.s 			page 11


 175:src/hybrid_mode.c ****  */
 176:src/hybrid_mode.c **** void Set_Strategy_Launch_Assist()
 177:src/hybrid_mode.c **** {
 397              		.loc 1 177 0
 398              		.cfi_startproc
 399              		@ args = 0, pretend = 0, frame = 0
 400              		@ frame_needed = 1, uses_anonymous_args = 0
 401 0000 80B5     		push	{r7, lr}
 402              		.cfi_def_cfa_offset 8
 403              		.cfi_offset 7, -8
 404              		.cfi_offset 14, -4
 405 0002 00AF     		add	r7, sp, #0
 406              		.cfi_def_cfa_register 7
 178:src/hybrid_mode.c ****     if ((car_state.rpm <= LAUNCH_MAX_RPM) && (car_state.vss <= LAUNCH_MAX_VSS) && (car_state.tps >=
 407              		.loc 1 178 0
 408 0004 124B     		ldr	r3, .L34
 409 0006 1B88     		ldrh	r3, [r3]	@ movhi
 410 0008 9BB2     		uxth	r3, r3
 411 000a 41F64C52 		movw	r2, #7500
 412 000e 9342     		cmp	r3, r2
 413 0010 1AD8     		bhi	.L32
 414              		.loc 1 178 0 is_stmt 0 discriminator 1
 415 0012 0F4B     		ldr	r3, .L34
 416 0014 5B79     		ldrb	r3, [r3, #5]
 417 0016 DBB2     		uxtb	r3, r3
 418 0018 2D2B     		cmp	r3, #45
 419 001a 15D8     		bhi	.L32
 420              		.loc 1 178 0 discriminator 2
 421 001c 0C4B     		ldr	r3, .L34
 422 001e 1B79     		ldrb	r3, [r3, #4]
 423 0020 DBB2     		uxtb	r3, r3
 424 0022 4F2B     		cmp	r3, #79
 425 0024 10D9     		bls	.L32
 179:src/hybrid_mode.c ****         && (car_state.gear == 1) && (car_state.brake_state == STD_OFF))
 426              		.loc 1 179 0 is_stmt 1
 427 0026 0A4B     		ldr	r3, .L34
 428 0028 DB78     		ldrb	r3, [r3, #3]
 429 002a DBB2     		uxtb	r3, r3
 430 002c 012B     		cmp	r3, #1
 431 002e 0BD1     		bne	.L32
 432              		.loc 1 179 0 is_stmt 0 discriminator 1
 433 0030 074B     		ldr	r3, .L34
 434 0032 9B79     		ldrb	r3, [r3, #6]
 435 0034 DBB2     		uxtb	r3, r3
 436 0036 002B     		cmp	r3, #0
 437 0038 06D1     		bne	.L32
 180:src/hybrid_mode.c ****     {
 181:src/hybrid_mode.c ****         hybrid_state.driving_mode = TORQUE_MODE;
 438              		.loc 1 181 0 is_stmt 1
 439 003a 064B     		ldr	r3, .L34+4
 440 003c 0222     		movs	r2, #2
 441 003e 1A70     		strb	r2, [r3]
 182:src/hybrid_mode.c ****         hybrid_state.duty_cycle_percentage = LAUNCH_TORQUE_PERCENTAGE;
 442              		.loc 1 182 0
 443 0040 044B     		ldr	r3, .L34+4
 444 0042 6422     		movs	r2, #100
 445 0044 5A70     		strb	r2, [r3, #1]
ARM GAS  C:\Users\badea\AppData\Local\Temp\ccbZyN19.s 			page 12


 446 0046 01E0     		b	.L33
 447              	.L32:
 183:src/hybrid_mode.c ****     }
 184:src/hybrid_mode.c ****     else
 185:src/hybrid_mode.c ****         Set_Strategy_Freewheel();
 448              		.loc 1 185 0
 449 0048 FFF7FEFF 		bl	Set_Strategy_Freewheel
 450              	.L33:
 186:src/hybrid_mode.c **** }
 451              		.loc 1 186 0
 452 004c 00BF     		nop
 453 004e 80BD     		pop	{r7, pc}
 454              	.L35:
 455              		.align	2
 456              	.L34:
 457 0050 00000000 		.word	car_state
 458 0054 00000000 		.word	hybrid_state
 459              		.cfi_endproc
 460              	.LFE69:
 461              		.size	Set_Strategy_Launch_Assist, .-Set_Strategy_Launch_Assist
 462              		.section	.text.Set_Strategy_Auto_No_Regen,"ax",%progbits
 463              		.align	2
 464              		.global	Set_Strategy_Auto_No_Regen
 465              		.thumb
 466              		.thumb_func
 467              		.type	Set_Strategy_Auto_No_Regen, %function
 468              	Set_Strategy_Auto_No_Regen:
 469              	.LFB70:
 187:src/hybrid_mode.c **** 
 188:src/hybrid_mode.c **** /*
 189:src/hybrid_mode.c ****  * Function:    Set_Strategy_Auto_No_Regen
 190:src/hybrid_mode.c ****  * Description: Applies torque proportional to TPS when brake is not pressed.
 191:src/hybrid_mode.c ****  *              Falls back to Freewheel if brake is active.
 192:src/hybrid_mode.c ****  */
 193:src/hybrid_mode.c **** void Set_Strategy_Auto_No_Regen()
 194:src/hybrid_mode.c **** {
 470              		.loc 1 194 0
 471              		.cfi_startproc
 472              		@ args = 0, pretend = 0, frame = 0
 473              		@ frame_needed = 1, uses_anonymous_args = 0
 474 0000 80B5     		push	{r7, lr}
 475              		.cfi_def_cfa_offset 8
 476              		.cfi_offset 7, -8
 477              		.cfi_offset 14, -4
 478 0002 00AF     		add	r7, sp, #0
 479              		.cfi_def_cfa_register 7
 195:src/hybrid_mode.c ****     if (car_state.brake_state == STD_OFF)
 480              		.loc 1 195 0
 481 0004 0B4B     		ldr	r3, .L40
 482 0006 9B79     		ldrb	r3, [r3, #6]
 483 0008 DBB2     		uxtb	r3, r3
 484 000a 002B     		cmp	r3, #0
 485 000c 0DD1     		bne	.L37
 196:src/hybrid_mode.c ****     {
 197:src/hybrid_mode.c ****         hybrid_state.driving_mode = TORQUE_MODE;
 486              		.loc 1 197 0
 487 000e 0A4B     		ldr	r3, .L40+4
ARM GAS  C:\Users\badea\AppData\Local\Temp\ccbZyN19.s 			page 13


 488 0010 0222     		movs	r2, #2
 489 0012 1A70     		strb	r2, [r3]
 198:src/hybrid_mode.c ****         hybrid_state.duty_cycle_percentage = TPS_to_Duty_Cycle_Percentage(car_state.tps);
 490              		.loc 1 198 0
 491 0014 074B     		ldr	r3, .L40
 492 0016 1B79     		ldrb	r3, [r3, #4]
 493 0018 DBB2     		uxtb	r3, r3
 494 001a 1846     		mov	r0, r3
 495 001c FFF7FEFF 		bl	TPS_to_Duty_Cycle_Percentage
 496 0020 0346     		mov	r3, r0
 497 0022 5AB2     		sxtb	r2, r3
 498 0024 044B     		ldr	r3, .L40+4
 499 0026 5A70     		strb	r2, [r3, #1]
 199:src/hybrid_mode.c ****     }
 200:src/hybrid_mode.c ****     else
 201:src/hybrid_mode.c ****         Set_Strategy_Freewheel();
 202:src/hybrid_mode.c **** }
 500              		.loc 1 202 0
 501 0028 01E0     		b	.L39
 502              	.L37:
 201:src/hybrid_mode.c **** }
 503              		.loc 1 201 0
 504 002a FFF7FEFF 		bl	Set_Strategy_Freewheel
 505              	.L39:
 506              		.loc 1 202 0
 507 002e 00BF     		nop
 508 0030 80BD     		pop	{r7, pc}
 509              	.L41:
 510 0032 00BF     		.align	2
 511              	.L40:
 512 0034 00000000 		.word	car_state
 513 0038 00000000 		.word	hybrid_state
 514              		.cfi_endproc
 515              	.LFE70:
 516              		.size	Set_Strategy_Auto_No_Regen, .-Set_Strategy_Auto_No_Regen
 517              		.section	.text.Set_Strategy_Auto_Brake_Regen,"ax",%progbits
 518              		.align	2
 519              		.global	Set_Strategy_Auto_Brake_Regen
 520              		.thumb
 521              		.thumb_func
 522              		.type	Set_Strategy_Auto_Brake_Regen, %function
 523              	Set_Strategy_Auto_Brake_Regen:
 524              	.LFB71:
 203:src/hybrid_mode.c **** 
 204:src/hybrid_mode.c **** /*
 205:src/hybrid_mode.c ****  * Function:    Set_Strategy_Auto_Brake_Regen
 206:src/hybrid_mode.c ****  * Description: Applies torque proportional to TPS when brake is not pressed.
 207:src/hybrid_mode.c ****  *              Switches to full regenerative braking (BRAKE mode) when brake is pressed.
 208:src/hybrid_mode.c ****  */
 209:src/hybrid_mode.c **** void Set_Strategy_Auto_Brake_Regen()
 210:src/hybrid_mode.c **** {
 525              		.loc 1 210 0
 526              		.cfi_startproc
 527              		@ args = 0, pretend = 0, frame = 0
 528              		@ frame_needed = 1, uses_anonymous_args = 0
 529 0000 80B5     		push	{r7, lr}
 530              		.cfi_def_cfa_offset 8
ARM GAS  C:\Users\badea\AppData\Local\Temp\ccbZyN19.s 			page 14


 531              		.cfi_offset 7, -8
 532              		.cfi_offset 14, -4
 533 0002 00AF     		add	r7, sp, #0
 534              		.cfi_def_cfa_register 7
 211:src/hybrid_mode.c ****     if (car_state.brake_state == STD_OFF)
 535              		.loc 1 211 0
 536 0004 0D4B     		ldr	r3, .L46
 537 0006 9B79     		ldrb	r3, [r3, #6]
 538 0008 DBB2     		uxtb	r3, r3
 539 000a 002B     		cmp	r3, #0
 540 000c 0DD1     		bne	.L43
 212:src/hybrid_mode.c ****     {
 213:src/hybrid_mode.c ****         hybrid_state.driving_mode = TORQUE_MODE;
 541              		.loc 1 213 0
 542 000e 0C4B     		ldr	r3, .L46+4
 543 0010 0222     		movs	r2, #2
 544 0012 1A70     		strb	r2, [r3]
 214:src/hybrid_mode.c ****         hybrid_state.duty_cycle_percentage = TPS_to_Duty_Cycle_Percentage(car_state.tps);
 545              		.loc 1 214 0
 546 0014 094B     		ldr	r3, .L46
 547 0016 1B79     		ldrb	r3, [r3, #4]
 548 0018 DBB2     		uxtb	r3, r3
 549 001a 1846     		mov	r0, r3
 550 001c FFF7FEFF 		bl	TPS_to_Duty_Cycle_Percentage
 551 0020 0346     		mov	r3, r0
 552 0022 5AB2     		sxtb	r2, r3
 553 0024 064B     		ldr	r3, .L46+4
 554 0026 5A70     		strb	r2, [r3, #1]
 215:src/hybrid_mode.c ****     }
 216:src/hybrid_mode.c ****     else /* Braking */
 217:src/hybrid_mode.c ****     {
 218:src/hybrid_mode.c ****         hybrid_state.driving_mode = BRAKE_MODE;
 219:src/hybrid_mode.c ****         hybrid_state.duty_cycle_percentage = BRAKE_REGEN_INTENSITY_PERCENTAGE;
 220:src/hybrid_mode.c ****     }
 221:src/hybrid_mode.c **** }
 555              		.loc 1 221 0
 556 0028 05E0     		b	.L45
 557              	.L43:
 218:src/hybrid_mode.c ****         hybrid_state.duty_cycle_percentage = BRAKE_REGEN_INTENSITY_PERCENTAGE;
 558              		.loc 1 218 0
 559 002a 054B     		ldr	r3, .L46+4
 560 002c 0822     		movs	r2, #8
 561 002e 1A70     		strb	r2, [r3]
 219:src/hybrid_mode.c ****     }
 562              		.loc 1 219 0
 563 0030 034B     		ldr	r3, .L46+4
 564 0032 6422     		movs	r2, #100
 565 0034 5A70     		strb	r2, [r3, #1]
 566              	.L45:
 567              		.loc 1 221 0
 568 0036 00BF     		nop
 569 0038 80BD     		pop	{r7, pc}
 570              	.L47:
 571 003a 00BF     		.align	2
 572              	.L46:
 573 003c 00000000 		.word	car_state
 574 0040 00000000 		.word	hybrid_state
ARM GAS  C:\Users\badea\AppData\Local\Temp\ccbZyN19.s 			page 15


 575              		.cfi_endproc
 576              	.LFE71:
 577              		.size	Set_Strategy_Auto_Brake_Regen, .-Set_Strategy_Auto_Brake_Regen
 578              		.section	.text.Set_Strategy_Auto_Always_Regen,"ax",%progbits
 579              		.align	2
 580              		.global	Set_Strategy_Auto_Always_Regen
 581              		.thumb
 582              		.thumb_func
 583              		.type	Set_Strategy_Auto_Always_Regen, %function
 584              	Set_Strategy_Auto_Always_Regen:
 585              	.LFB72:
 222:src/hybrid_mode.c **** 
 223:src/hybrid_mode.c **** /*
 224:src/hybrid_mode.c ****  * Function:    Set_Strategy_Auto_Always_Regen
 225:src/hybrid_mode.c ****  * Description: Applies torque proportional to TPS if TPS > 50 and brake is not pressed.
 226:src/hybrid_mode.c ****  *              Regenerative braking otherwise (different intensity for coasting or braking)
 227:src/hybrid_mode.c ****  */
 228:src/hybrid_mode.c **** void Set_Strategy_Auto_Always_Regen()
 229:src/hybrid_mode.c **** {
 586              		.loc 1 229 0
 587              		.cfi_startproc
 588              		@ args = 0, pretend = 0, frame = 0
 589              		@ frame_needed = 1, uses_anonymous_args = 0
 590 0000 80B5     		push	{r7, lr}
 591              		.cfi_def_cfa_offset 8
 592              		.cfi_offset 7, -8
 593              		.cfi_offset 14, -4
 594 0002 00AF     		add	r7, sp, #0
 595              		.cfi_def_cfa_register 7
 230:src/hybrid_mode.c ****     if ((car_state.brake_state == STD_OFF) && (car_state.tps > ALWAYS_REGEN_TPS_THRESHOLD))
 596              		.loc 1 230 0
 597 0004 154B     		ldr	r3, .L53
 598 0006 9B79     		ldrb	r3, [r3, #6]
 599 0008 DBB2     		uxtb	r3, r3
 600 000a 002B     		cmp	r3, #0
 601 000c 12D1     		bne	.L49
 602              		.loc 1 230 0 is_stmt 0 discriminator 1
 603 000e 134B     		ldr	r3, .L53
 604 0010 1B79     		ldrb	r3, [r3, #4]
 605 0012 DBB2     		uxtb	r3, r3
 606 0014 322B     		cmp	r3, #50
 607 0016 0DD9     		bls	.L49
 231:src/hybrid_mode.c ****     {
 232:src/hybrid_mode.c ****         hybrid_state.driving_mode = TORQUE_MODE;
 608              		.loc 1 232 0 is_stmt 1
 609 0018 114B     		ldr	r3, .L53+4
 610 001a 0222     		movs	r2, #2
 611 001c 1A70     		strb	r2, [r3]
 233:src/hybrid_mode.c ****         hybrid_state.duty_cycle_percentage = TPS_to_Duty_Cycle_Percentage(car_state.tps);
 612              		.loc 1 233 0
 613 001e 0F4B     		ldr	r3, .L53
 614 0020 1B79     		ldrb	r3, [r3, #4]
 615 0022 DBB2     		uxtb	r3, r3
 616 0024 1846     		mov	r0, r3
 617 0026 FFF7FEFF 		bl	TPS_to_Duty_Cycle_Percentage
 618 002a 0346     		mov	r3, r0
 619 002c 5AB2     		sxtb	r2, r3
ARM GAS  C:\Users\badea\AppData\Local\Temp\ccbZyN19.s 			page 16


 620 002e 0C4B     		ldr	r3, .L53+4
 621 0030 5A70     		strb	r2, [r3, #1]
 234:src/hybrid_mode.c ****     }
 235:src/hybrid_mode.c ****     else if (car_state.brake_state == STD_OFF) /* TPS under threshold, brake not pressed */
 236:src/hybrid_mode.c ****     {
 237:src/hybrid_mode.c ****         hybrid_state.driving_mode = BRAKE_MODE;
 238:src/hybrid_mode.c ****         hybrid_state.duty_cycle_percentage = COASTING_REGEN_INTENSITY_PERCENTAGE;
 239:src/hybrid_mode.c ****     }
 240:src/hybrid_mode.c ****     else /* Brake pressed */
 241:src/hybrid_mode.c ****     {
 242:src/hybrid_mode.c ****         hybrid_state.driving_mode = BRAKE_MODE;
 243:src/hybrid_mode.c ****         hybrid_state.duty_cycle_percentage = BRAKE_REGEN_INTENSITY_PERCENTAGE;
 244:src/hybrid_mode.c ****     }
 245:src/hybrid_mode.c **** }
 622              		.loc 1 245 0
 623 0032 11E0     		b	.L52
 624              	.L49:
 235:src/hybrid_mode.c ****     {
 625              		.loc 1 235 0
 626 0034 094B     		ldr	r3, .L53
 627 0036 9B79     		ldrb	r3, [r3, #6]
 628 0038 DBB2     		uxtb	r3, r3
 629 003a 002B     		cmp	r3, #0
 630 003c 06D1     		bne	.L51
 237:src/hybrid_mode.c ****         hybrid_state.duty_cycle_percentage = COASTING_REGEN_INTENSITY_PERCENTAGE;
 631              		.loc 1 237 0
 632 003e 084B     		ldr	r3, .L53+4
 633 0040 0822     		movs	r2, #8
 634 0042 1A70     		strb	r2, [r3]
 238:src/hybrid_mode.c ****     }
 635              		.loc 1 238 0
 636 0044 064B     		ldr	r3, .L53+4
 637 0046 3222     		movs	r2, #50
 638 0048 5A70     		strb	r2, [r3, #1]
 639              		.loc 1 245 0
 640 004a 05E0     		b	.L52
 641              	.L51:
 242:src/hybrid_mode.c ****         hybrid_state.duty_cycle_percentage = BRAKE_REGEN_INTENSITY_PERCENTAGE;
 642              		.loc 1 242 0
 643 004c 044B     		ldr	r3, .L53+4
 644 004e 0822     		movs	r2, #8
 645 0050 1A70     		strb	r2, [r3]
 243:src/hybrid_mode.c ****     }
 646              		.loc 1 243 0
 647 0052 034B     		ldr	r3, .L53+4
 648 0054 6422     		movs	r2, #100
 649 0056 5A70     		strb	r2, [r3, #1]
 650              	.L52:
 651              		.loc 1 245 0
 652 0058 00BF     		nop
 653 005a 80BD     		pop	{r7, pc}
 654              	.L54:
 655              		.align	2
 656              	.L53:
 657 005c 00000000 		.word	car_state
 658 0060 00000000 		.word	hybrid_state
 659              		.cfi_endproc
ARM GAS  C:\Users\badea\AppData\Local\Temp\ccbZyN19.s 			page 17


 660              	.LFE72:
 661              		.size	Set_Strategy_Auto_Always_Regen, .-Set_Strategy_Auto_Always_Regen
 662              		.text
 663              	.Letext0:
 664              		.file 2 "c:\\program files (x86)\\cypress\\psoc creator\\4.4\\psoc creator\\import\\gnu\\arm\\5.4.
 665              		.file 3 "c:\\program files (x86)\\cypress\\psoc creator\\4.4\\psoc creator\\import\\gnu\\arm\\5.4.
 666              		.file 4 "./include/can_comm.h"
 667              		.file 5 "./include/hybrid_mode.h"
 668              		.file 6 "Generated_Source\\PSoC5/core_cm3.h"
 669              		.section	.debug_info,"",%progbits
 670              	.Ldebug_info0:
 671 0000 A3020000 		.4byte	0x2a3
 672 0004 0400     		.2byte	0x4
 673 0006 00000000 		.4byte	.Ldebug_abbrev0
 674 000a 04       		.byte	0x4
 675 000b 01       		.uleb128 0x1
 676 000c 58000000 		.4byte	.LASF45
 677 0010 0C       		.byte	0xc
 678 0011 1F030000 		.4byte	.LASF46
 679 0015 FA000000 		.4byte	.LASF47
 680 0019 00000000 		.4byte	.Ldebug_ranges0+0
 681 001d 00000000 		.4byte	0
 682 0021 00000000 		.4byte	.Ldebug_line0
 683 0025 02       		.uleb128 0x2
 684 0026 36000000 		.4byte	.LASF0
 685 002a 02       		.byte	0x2
 686 002b 1B       		.byte	0x1b
 687 002c 30000000 		.4byte	0x30
 688 0030 03       		.uleb128 0x3
 689 0031 01       		.byte	0x1
 690 0032 06       		.byte	0x6
 691 0033 8C010000 		.4byte	.LASF2
 692 0037 02       		.uleb128 0x2
 693 0038 3F000000 		.4byte	.LASF1
 694 003c 02       		.byte	0x2
 695 003d 1D       		.byte	0x1d
 696 003e 42000000 		.4byte	0x42
 697 0042 03       		.uleb128 0x3
 698 0043 01       		.byte	0x1
 699 0044 08       		.byte	0x8
 700 0045 A4010000 		.4byte	.LASF3
 701 0049 02       		.uleb128 0x2
 702 004a E6000000 		.4byte	.LASF4
 703 004e 02       		.byte	0x2
 704 004f 29       		.byte	0x29
 705 0050 54000000 		.4byte	0x54
 706 0054 03       		.uleb128 0x3
 707 0055 02       		.byte	0x2
 708 0056 05       		.byte	0x5
 709 0057 15020000 		.4byte	.LASF5
 710 005b 02       		.uleb128 0x2
 711 005c 03020000 		.4byte	.LASF6
 712 0060 02       		.byte	0x2
 713 0061 2B       		.byte	0x2b
 714 0062 66000000 		.4byte	0x66
 715 0066 03       		.uleb128 0x3
 716 0067 02       		.byte	0x2
ARM GAS  C:\Users\badea\AppData\Local\Temp\ccbZyN19.s 			page 18


 717 0068 07       		.byte	0x7
 718 0069 C4010000 		.4byte	.LASF7
 719 006d 02       		.uleb128 0x2
 720 006e F0000000 		.4byte	.LASF8
 721 0072 02       		.byte	0x2
 722 0073 3F       		.byte	0x3f
 723 0074 78000000 		.4byte	0x78
 724 0078 03       		.uleb128 0x3
 725 0079 04       		.byte	0x4
 726 007a 05       		.byte	0x5
 727 007b 16030000 		.4byte	.LASF9
 728 007f 03       		.uleb128 0x3
 729 0080 04       		.byte	0x4
 730 0081 07       		.byte	0x7
 731 0082 B2010000 		.4byte	.LASF10
 732 0086 03       		.uleb128 0x3
 733 0087 08       		.byte	0x8
 734 0088 05       		.byte	0x5
 735 0089 00000000 		.4byte	.LASF11
 736 008d 03       		.uleb128 0x3
 737 008e 08       		.byte	0x8
 738 008f 07       		.byte	0x7
 739 0090 63020000 		.4byte	.LASF12
 740 0094 04       		.uleb128 0x4
 741 0095 04       		.byte	0x4
 742 0096 05       		.byte	0x5
 743 0097 696E7400 		.ascii	"int\000"
 744 009b 03       		.uleb128 0x3
 745 009c 04       		.byte	0x4
 746 009d 07       		.byte	0x7
 747 009e 2C020000 		.4byte	.LASF13
 748 00a2 02       		.uleb128 0x2
 749 00a3 77010000 		.4byte	.LASF14
 750 00a7 03       		.byte	0x3
 751 00a8 14       		.byte	0x14
 752 00a9 25000000 		.4byte	0x25
 753 00ad 02       		.uleb128 0x2
 754 00ae 7A020000 		.4byte	.LASF15
 755 00b2 03       		.byte	0x3
 756 00b3 18       		.byte	0x18
 757 00b4 37000000 		.4byte	0x37
 758 00b8 02       		.uleb128 0x2
 759 00b9 82020000 		.4byte	.LASF16
 760 00bd 03       		.byte	0x3
 761 00be 20       		.byte	0x20
 762 00bf 49000000 		.4byte	0x49
 763 00c3 02       		.uleb128 0x2
 764 00c4 00030000 		.4byte	.LASF17
 765 00c8 03       		.byte	0x3
 766 00c9 24       		.byte	0x24
 767 00ca 5B000000 		.4byte	0x5b
 768 00ce 02       		.uleb128 0x2
 769 00cf 7E010000 		.4byte	.LASF18
 770 00d3 03       		.byte	0x3
 771 00d4 2C       		.byte	0x2c
 772 00d5 6D000000 		.4byte	0x6d
 773 00d9 03       		.uleb128 0x3
ARM GAS  C:\Users\badea\AppData\Local\Temp\ccbZyN19.s 			page 19


 774 00da 04       		.byte	0x4
 775 00db 04       		.byte	0x4
 776 00dc 86010000 		.4byte	.LASF19
 777 00e0 03       		.uleb128 0x3
 778 00e1 08       		.byte	0x8
 779 00e2 04       		.byte	0x4
 780 00e3 0E020000 		.4byte	.LASF20
 781 00e7 03       		.uleb128 0x3
 782 00e8 01       		.byte	0x1
 783 00e9 08       		.byte	0x8
 784 00ea EE020000 		.4byte	.LASF21
 785 00ee 03       		.uleb128 0x3
 786 00ef 08       		.byte	0x8
 787 00f0 04       		.byte	0x4
 788 00f1 A7020000 		.4byte	.LASF22
 789 00f5 03       		.uleb128 0x3
 790 00f6 04       		.byte	0x4
 791 00f7 07       		.byte	0x7
 792 00f8 B3020000 		.4byte	.LASF23
 793 00fc 05       		.uleb128 0x5
 794 00fd 08       		.byte	0x8
 795 00fe 04       		.byte	0x4
 796 00ff 23       		.byte	0x23
 797 0100 4D010000 		.4byte	0x14d
 798 0104 06       		.uleb128 0x6
 799 0105 72706D00 		.ascii	"rpm\000"
 800 0109 04       		.byte	0x4
 801 010a 24       		.byte	0x24
 802 010b C3000000 		.4byte	0xc3
 803 010f 00       		.byte	0
 804 0110 07       		.uleb128 0x7
 805 0111 40030000 		.4byte	.LASF24
 806 0115 04       		.byte	0x4
 807 0116 25       		.byte	0x25
 808 0117 AD000000 		.4byte	0xad
 809 011b 02       		.byte	0x2
 810 011c 07       		.uleb128 0x7
 811 011d 72010000 		.4byte	.LASF25
 812 0121 04       		.byte	0x4
 813 0122 26       		.byte	0x26
 814 0123 AD000000 		.4byte	0xad
 815 0127 03       		.byte	0x3
 816 0128 06       		.uleb128 0x6
 817 0129 74707300 		.ascii	"tps\000"
 818 012d 04       		.byte	0x4
 819 012e 27       		.byte	0x27
 820 012f AD000000 		.4byte	0xad
 821 0133 04       		.byte	0x4
 822 0134 06       		.uleb128 0x6
 823 0135 76737300 		.ascii	"vss\000"
 824 0139 04       		.byte	0x4
 825 013a 28       		.byte	0x28
 826 013b AD000000 		.4byte	0xad
 827 013f 05       		.byte	0x5
 828 0140 07       		.uleb128 0x7
 829 0141 98010000 		.4byte	.LASF26
 830 0145 04       		.byte	0x4
ARM GAS  C:\Users\badea\AppData\Local\Temp\ccbZyN19.s 			page 20


 831 0146 29       		.byte	0x29
 832 0147 AD000000 		.4byte	0xad
 833 014b 06       		.byte	0x6
 834 014c 00       		.byte	0
 835 014d 02       		.uleb128 0x2
 836 014e 4D030000 		.4byte	.LASF27
 837 0152 04       		.byte	0x4
 838 0153 2A       		.byte	0x2a
 839 0154 FC000000 		.4byte	0xfc
 840 0158 05       		.uleb128 0x5
 841 0159 02       		.byte	0x2
 842 015a 05       		.byte	0x5
 843 015b 2F       		.byte	0x2f
 844 015c 79010000 		.4byte	0x179
 845 0160 07       		.uleb128 0x7
 846 0161 F6010000 		.4byte	.LASF28
 847 0165 05       		.byte	0x5
 848 0166 30       		.byte	0x30
 849 0167 AD000000 		.4byte	0xad
 850 016b 00       		.byte	0
 851 016c 07       		.uleb128 0x7
 852 016d 5C010000 		.4byte	.LASF29
 853 0171 05       		.byte	0x5
 854 0172 31       		.byte	0x31
 855 0173 A2000000 		.4byte	0xa2
 856 0177 01       		.byte	0x1
 857 0178 00       		.byte	0
 858 0179 02       		.uleb128 0x2
 859 017a 5E030000 		.4byte	.LASF30
 860 017e 05       		.byte	0x5
 861 017f 32       		.byte	0x32
 862 0180 58010000 		.4byte	0x158
 863 0184 08       		.uleb128 0x8
 864 0185 8A020000 		.4byte	.LASF31
 865 0189 01       		.byte	0x1
 866 018a 2D       		.byte	0x2d
 867 018b AD000000 		.4byte	0xad
 868 018f 00000000 		.4byte	.LFB63
 869 0193 3C000000 		.4byte	.LFE63-.LFB63
 870 0197 01       		.uleb128 0x1
 871 0198 9C       		.byte	0x9c
 872 0199 AC010000 		.4byte	0x1ac
 873 019d 09       		.uleb128 0x9
 874 019e 39020000 		.4byte	.LASF33
 875 01a2 01       		.byte	0x1
 876 01a3 2D       		.byte	0x2d
 877 01a4 AD000000 		.4byte	0xad
 878 01a8 02       		.uleb128 0x2
 879 01a9 91       		.byte	0x91
 880 01aa 77       		.sleb128 -9
 881 01ab 00       		.byte	0
 882 01ac 08       		.uleb128 0x8
 883 01ad 49000000 		.4byte	.LASF32
 884 01b1 01       		.byte	0x1
 885 01b2 3D       		.byte	0x3d
 886 01b3 B8000000 		.4byte	0xb8
 887 01b7 00000000 		.4byte	.LFB64
ARM GAS  C:\Users\badea\AppData\Local\Temp\ccbZyN19.s 			page 21


 888 01bb 2C000000 		.4byte	.LFE64-.LFB64
 889 01bf 01       		.uleb128 0x1
 890 01c0 9C       		.byte	0x9c
 891 01c1 D4010000 		.4byte	0x1d4
 892 01c5 09       		.uleb128 0x9
 893 01c6 5C010000 		.4byte	.LASF29
 894 01ca 01       		.byte	0x1
 895 01cb 3D       		.byte	0x3d
 896 01cc A2000000 		.4byte	0xa2
 897 01d0 02       		.uleb128 0x2
 898 01d1 91       		.byte	0x91
 899 01d2 77       		.sleb128 -9
 900 01d3 00       		.byte	0
 901 01d4 0A       		.uleb128 0xa
 902 01d5 31030000 		.4byte	.LASF35
 903 01d9 01       		.byte	0x1
 904 01da 46       		.byte	0x46
 905 01db 00000000 		.4byte	.LFB65
 906 01df 1C000000 		.4byte	.LFE65-.LFB65
 907 01e3 01       		.uleb128 0x1
 908 01e4 9C       		.byte	0x9c
 909 01e5 0B       		.uleb128 0xb
 910 01e6 F3020000 		.4byte	.LASF48
 911 01ea 01       		.byte	0x1
 912 01eb 5D       		.byte	0x5d
 913 01ec 00000000 		.4byte	.LFB66
 914 01f0 D4000000 		.4byte	.LFE66-.LFB66
 915 01f4 01       		.uleb128 0x1
 916 01f5 9C       		.byte	0x9c
 917 01f6 09020000 		.4byte	0x209
 918 01fa 09       		.uleb128 0x9
 919 01fb 0E000000 		.4byte	.LASF34
 920 01ff 01       		.byte	0x1
 921 0200 5D       		.byte	0x5d
 922 0201 AD000000 		.4byte	0xad
 923 0205 02       		.uleb128 0x2
 924 0206 91       		.byte	0x91
 925 0207 77       		.sleb128 -9
 926 0208 00       		.byte	0
 927 0209 0C       		.uleb128 0xc
 928 020a 45010000 		.4byte	.LASF36
 929 020e 01       		.byte	0x1
 930 020f 94       		.byte	0x94
 931 0210 00000000 		.4byte	.LFB67
 932 0214 1C000000 		.4byte	.LFE67-.LFB67
 933 0218 01       		.uleb128 0x1
 934 0219 9C       		.byte	0x9c
 935 021a 0A       		.uleb128 0xa
 936 021b BC020000 		.4byte	.LASF37
 937 021f 01       		.byte	0x1
 938 0220 9F       		.byte	0x9f
 939 0221 00000000 		.4byte	.LFB68
 940 0225 0C000000 		.4byte	.LFE68-.LFB68
 941 0229 01       		.uleb128 0x1
 942 022a 9C       		.byte	0x9c
 943 022b 0A       		.uleb128 0xa
 944 022c 1B000000 		.4byte	.LASF38
ARM GAS  C:\Users\badea\AppData\Local\Temp\ccbZyN19.s 			page 22


 945 0230 01       		.byte	0x1
 946 0231 B0       		.byte	0xb0
 947 0232 00000000 		.4byte	.LFB69
 948 0236 58000000 		.4byte	.LFE69-.LFB69
 949 023a 01       		.uleb128 0x1
 950 023b 9C       		.byte	0x9c
 951 023c 0A       		.uleb128 0xa
 952 023d 48020000 		.4byte	.LASF39
 953 0241 01       		.byte	0x1
 954 0242 C1       		.byte	0xc1
 955 0243 00000000 		.4byte	.LFB70
 956 0247 3C000000 		.4byte	.LFE70-.LFB70
 957 024b 01       		.uleb128 0x1
 958 024c 9C       		.byte	0x9c
 959 024d 0A       		.uleb128 0xa
 960 024e D0020000 		.4byte	.LASF40
 961 0252 01       		.byte	0x1
 962 0253 D1       		.byte	0xd1
 963 0254 00000000 		.4byte	.LFB71
 964 0258 44000000 		.4byte	.LFE71-.LFB71
 965 025c 01       		.uleb128 0x1
 966 025d 9C       		.byte	0x9c
 967 025e 0A       		.uleb128 0xa
 968 025f D7010000 		.4byte	.LASF41
 969 0263 01       		.byte	0x1
 970 0264 E4       		.byte	0xe4
 971 0265 00000000 		.4byte	.LFB72
 972 0269 64000000 		.4byte	.LFE72-.LFB72
 973 026d 01       		.uleb128 0x1
 974 026e 9C       		.byte	0x9c
 975 026f 0D       		.uleb128 0xd
 976 0270 1F020000 		.4byte	.LASF42
 977 0274 06       		.byte	0x6
 978 0275 1207     		.2byte	0x712
 979 0277 7B020000 		.4byte	0x27b
 980 027b 0E       		.uleb128 0xe
 981 027c CE000000 		.4byte	0xce
 982 0280 0F       		.uleb128 0xf
 983 0281 3B010000 		.4byte	.LASF43
 984 0285 04       		.byte	0x4
 985 0286 30       		.byte	0x30
 986 0287 8B020000 		.4byte	0x28b
 987 028b 0E       		.uleb128 0xe
 988 028c 4D010000 		.4byte	0x14d
 989 0290 10       		.uleb128 0x10
 990 0291 09030000 		.4byte	.LASF44
 991 0295 01       		.byte	0x1
 992 0296 1F       		.byte	0x1f
 993 0297 A1020000 		.4byte	0x2a1
 994 029b 05       		.uleb128 0x5
 995 029c 03       		.byte	0x3
 996 029d 00000000 		.4byte	hybrid_state
 997 02a1 0E       		.uleb128 0xe
 998 02a2 79010000 		.4byte	0x179
 999 02a6 00       		.byte	0
 1000              		.section	.debug_abbrev,"",%progbits
 1001              	.Ldebug_abbrev0:
ARM GAS  C:\Users\badea\AppData\Local\Temp\ccbZyN19.s 			page 23


 1002 0000 01       		.uleb128 0x1
 1003 0001 11       		.uleb128 0x11
 1004 0002 01       		.byte	0x1
 1005 0003 25       		.uleb128 0x25
 1006 0004 0E       		.uleb128 0xe
 1007 0005 13       		.uleb128 0x13
 1008 0006 0B       		.uleb128 0xb
 1009 0007 03       		.uleb128 0x3
 1010 0008 0E       		.uleb128 0xe
 1011 0009 1B       		.uleb128 0x1b
 1012 000a 0E       		.uleb128 0xe
 1013 000b 55       		.uleb128 0x55
 1014 000c 17       		.uleb128 0x17
 1015 000d 11       		.uleb128 0x11
 1016 000e 01       		.uleb128 0x1
 1017 000f 10       		.uleb128 0x10
 1018 0010 17       		.uleb128 0x17
 1019 0011 00       		.byte	0
 1020 0012 00       		.byte	0
 1021 0013 02       		.uleb128 0x2
 1022 0014 16       		.uleb128 0x16
 1023 0015 00       		.byte	0
 1024 0016 03       		.uleb128 0x3
 1025 0017 0E       		.uleb128 0xe
 1026 0018 3A       		.uleb128 0x3a
 1027 0019 0B       		.uleb128 0xb
 1028 001a 3B       		.uleb128 0x3b
 1029 001b 0B       		.uleb128 0xb
 1030 001c 49       		.uleb128 0x49
 1031 001d 13       		.uleb128 0x13
 1032 001e 00       		.byte	0
 1033 001f 00       		.byte	0
 1034 0020 03       		.uleb128 0x3
 1035 0021 24       		.uleb128 0x24
 1036 0022 00       		.byte	0
 1037 0023 0B       		.uleb128 0xb
 1038 0024 0B       		.uleb128 0xb
 1039 0025 3E       		.uleb128 0x3e
 1040 0026 0B       		.uleb128 0xb
 1041 0027 03       		.uleb128 0x3
 1042 0028 0E       		.uleb128 0xe
 1043 0029 00       		.byte	0
 1044 002a 00       		.byte	0
 1045 002b 04       		.uleb128 0x4
 1046 002c 24       		.uleb128 0x24
 1047 002d 00       		.byte	0
 1048 002e 0B       		.uleb128 0xb
 1049 002f 0B       		.uleb128 0xb
 1050 0030 3E       		.uleb128 0x3e
 1051 0031 0B       		.uleb128 0xb
 1052 0032 03       		.uleb128 0x3
 1053 0033 08       		.uleb128 0x8
 1054 0034 00       		.byte	0
 1055 0035 00       		.byte	0
 1056 0036 05       		.uleb128 0x5
 1057 0037 13       		.uleb128 0x13
 1058 0038 01       		.byte	0x1
ARM GAS  C:\Users\badea\AppData\Local\Temp\ccbZyN19.s 			page 24


 1059 0039 0B       		.uleb128 0xb
 1060 003a 0B       		.uleb128 0xb
 1061 003b 3A       		.uleb128 0x3a
 1062 003c 0B       		.uleb128 0xb
 1063 003d 3B       		.uleb128 0x3b
 1064 003e 0B       		.uleb128 0xb
 1065 003f 01       		.uleb128 0x1
 1066 0040 13       		.uleb128 0x13
 1067 0041 00       		.byte	0
 1068 0042 00       		.byte	0
 1069 0043 06       		.uleb128 0x6
 1070 0044 0D       		.uleb128 0xd
 1071 0045 00       		.byte	0
 1072 0046 03       		.uleb128 0x3
 1073 0047 08       		.uleb128 0x8
 1074 0048 3A       		.uleb128 0x3a
 1075 0049 0B       		.uleb128 0xb
 1076 004a 3B       		.uleb128 0x3b
 1077 004b 0B       		.uleb128 0xb
 1078 004c 49       		.uleb128 0x49
 1079 004d 13       		.uleb128 0x13
 1080 004e 38       		.uleb128 0x38
 1081 004f 0B       		.uleb128 0xb
 1082 0050 00       		.byte	0
 1083 0051 00       		.byte	0
 1084 0052 07       		.uleb128 0x7
 1085 0053 0D       		.uleb128 0xd
 1086 0054 00       		.byte	0
 1087 0055 03       		.uleb128 0x3
 1088 0056 0E       		.uleb128 0xe
 1089 0057 3A       		.uleb128 0x3a
 1090 0058 0B       		.uleb128 0xb
 1091 0059 3B       		.uleb128 0x3b
 1092 005a 0B       		.uleb128 0xb
 1093 005b 49       		.uleb128 0x49
 1094 005c 13       		.uleb128 0x13
 1095 005d 38       		.uleb128 0x38
 1096 005e 0B       		.uleb128 0xb
 1097 005f 00       		.byte	0
 1098 0060 00       		.byte	0
 1099 0061 08       		.uleb128 0x8
 1100 0062 2E       		.uleb128 0x2e
 1101 0063 01       		.byte	0x1
 1102 0064 3F       		.uleb128 0x3f
 1103 0065 19       		.uleb128 0x19
 1104 0066 03       		.uleb128 0x3
 1105 0067 0E       		.uleb128 0xe
 1106 0068 3A       		.uleb128 0x3a
 1107 0069 0B       		.uleb128 0xb
 1108 006a 3B       		.uleb128 0x3b
 1109 006b 0B       		.uleb128 0xb
 1110 006c 27       		.uleb128 0x27
 1111 006d 19       		.uleb128 0x19
 1112 006e 49       		.uleb128 0x49
 1113 006f 13       		.uleb128 0x13
 1114 0070 11       		.uleb128 0x11
 1115 0071 01       		.uleb128 0x1
ARM GAS  C:\Users\badea\AppData\Local\Temp\ccbZyN19.s 			page 25


 1116 0072 12       		.uleb128 0x12
 1117 0073 06       		.uleb128 0x6
 1118 0074 40       		.uleb128 0x40
 1119 0075 18       		.uleb128 0x18
 1120 0076 9742     		.uleb128 0x2117
 1121 0078 19       		.uleb128 0x19
 1122 0079 01       		.uleb128 0x1
 1123 007a 13       		.uleb128 0x13
 1124 007b 00       		.byte	0
 1125 007c 00       		.byte	0
 1126 007d 09       		.uleb128 0x9
 1127 007e 05       		.uleb128 0x5
 1128 007f 00       		.byte	0
 1129 0080 03       		.uleb128 0x3
 1130 0081 0E       		.uleb128 0xe
 1131 0082 3A       		.uleb128 0x3a
 1132 0083 0B       		.uleb128 0xb
 1133 0084 3B       		.uleb128 0x3b
 1134 0085 0B       		.uleb128 0xb
 1135 0086 49       		.uleb128 0x49
 1136 0087 13       		.uleb128 0x13
 1137 0088 02       		.uleb128 0x2
 1138 0089 18       		.uleb128 0x18
 1139 008a 00       		.byte	0
 1140 008b 00       		.byte	0
 1141 008c 0A       		.uleb128 0xa
 1142 008d 2E       		.uleb128 0x2e
 1143 008e 00       		.byte	0
 1144 008f 3F       		.uleb128 0x3f
 1145 0090 19       		.uleb128 0x19
 1146 0091 03       		.uleb128 0x3
 1147 0092 0E       		.uleb128 0xe
 1148 0093 3A       		.uleb128 0x3a
 1149 0094 0B       		.uleb128 0xb
 1150 0095 3B       		.uleb128 0x3b
 1151 0096 0B       		.uleb128 0xb
 1152 0097 11       		.uleb128 0x11
 1153 0098 01       		.uleb128 0x1
 1154 0099 12       		.uleb128 0x12
 1155 009a 06       		.uleb128 0x6
 1156 009b 40       		.uleb128 0x40
 1157 009c 18       		.uleb128 0x18
 1158 009d 9642     		.uleb128 0x2116
 1159 009f 19       		.uleb128 0x19
 1160 00a0 00       		.byte	0
 1161 00a1 00       		.byte	0
 1162 00a2 0B       		.uleb128 0xb
 1163 00a3 2E       		.uleb128 0x2e
 1164 00a4 01       		.byte	0x1
 1165 00a5 3F       		.uleb128 0x3f
 1166 00a6 19       		.uleb128 0x19
 1167 00a7 03       		.uleb128 0x3
 1168 00a8 0E       		.uleb128 0xe
 1169 00a9 3A       		.uleb128 0x3a
 1170 00aa 0B       		.uleb128 0xb
 1171 00ab 3B       		.uleb128 0x3b
 1172 00ac 0B       		.uleb128 0xb
ARM GAS  C:\Users\badea\AppData\Local\Temp\ccbZyN19.s 			page 26


 1173 00ad 27       		.uleb128 0x27
 1174 00ae 19       		.uleb128 0x19
 1175 00af 11       		.uleb128 0x11
 1176 00b0 01       		.uleb128 0x1
 1177 00b1 12       		.uleb128 0x12
 1178 00b2 06       		.uleb128 0x6
 1179 00b3 40       		.uleb128 0x40
 1180 00b4 18       		.uleb128 0x18
 1181 00b5 9642     		.uleb128 0x2116
 1182 00b7 19       		.uleb128 0x19
 1183 00b8 01       		.uleb128 0x1
 1184 00b9 13       		.uleb128 0x13
 1185 00ba 00       		.byte	0
 1186 00bb 00       		.byte	0
 1187 00bc 0C       		.uleb128 0xc
 1188 00bd 2E       		.uleb128 0x2e
 1189 00be 00       		.byte	0
 1190 00bf 3F       		.uleb128 0x3f
 1191 00c0 19       		.uleb128 0x19
 1192 00c1 03       		.uleb128 0x3
 1193 00c2 0E       		.uleb128 0xe
 1194 00c3 3A       		.uleb128 0x3a
 1195 00c4 0B       		.uleb128 0xb
 1196 00c5 3B       		.uleb128 0x3b
 1197 00c6 0B       		.uleb128 0xb
 1198 00c7 11       		.uleb128 0x11
 1199 00c8 01       		.uleb128 0x1
 1200 00c9 12       		.uleb128 0x12
 1201 00ca 06       		.uleb128 0x6
 1202 00cb 40       		.uleb128 0x40
 1203 00cc 18       		.uleb128 0x18
 1204 00cd 9742     		.uleb128 0x2117
 1205 00cf 19       		.uleb128 0x19
 1206 00d0 00       		.byte	0
 1207 00d1 00       		.byte	0
 1208 00d2 0D       		.uleb128 0xd
 1209 00d3 34       		.uleb128 0x34
 1210 00d4 00       		.byte	0
 1211 00d5 03       		.uleb128 0x3
 1212 00d6 0E       		.uleb128 0xe
 1213 00d7 3A       		.uleb128 0x3a
 1214 00d8 0B       		.uleb128 0xb
 1215 00d9 3B       		.uleb128 0x3b
 1216 00da 05       		.uleb128 0x5
 1217 00db 49       		.uleb128 0x49
 1218 00dc 13       		.uleb128 0x13
 1219 00dd 3F       		.uleb128 0x3f
 1220 00de 19       		.uleb128 0x19
 1221 00df 3C       		.uleb128 0x3c
 1222 00e0 19       		.uleb128 0x19
 1223 00e1 00       		.byte	0
 1224 00e2 00       		.byte	0
 1225 00e3 0E       		.uleb128 0xe
 1226 00e4 35       		.uleb128 0x35
 1227 00e5 00       		.byte	0
 1228 00e6 49       		.uleb128 0x49
 1229 00e7 13       		.uleb128 0x13
ARM GAS  C:\Users\badea\AppData\Local\Temp\ccbZyN19.s 			page 27


 1230 00e8 00       		.byte	0
 1231 00e9 00       		.byte	0
 1232 00ea 0F       		.uleb128 0xf
 1233 00eb 34       		.uleb128 0x34
 1234 00ec 00       		.byte	0
 1235 00ed 03       		.uleb128 0x3
 1236 00ee 0E       		.uleb128 0xe
 1237 00ef 3A       		.uleb128 0x3a
 1238 00f0 0B       		.uleb128 0xb
 1239 00f1 3B       		.uleb128 0x3b
 1240 00f2 0B       		.uleb128 0xb
 1241 00f3 49       		.uleb128 0x49
 1242 00f4 13       		.uleb128 0x13
 1243 00f5 3F       		.uleb128 0x3f
 1244 00f6 19       		.uleb128 0x19
 1245 00f7 3C       		.uleb128 0x3c
 1246 00f8 19       		.uleb128 0x19
 1247 00f9 00       		.byte	0
 1248 00fa 00       		.byte	0
 1249 00fb 10       		.uleb128 0x10
 1250 00fc 34       		.uleb128 0x34
 1251 00fd 00       		.byte	0
 1252 00fe 03       		.uleb128 0x3
 1253 00ff 0E       		.uleb128 0xe
 1254 0100 3A       		.uleb128 0x3a
 1255 0101 0B       		.uleb128 0xb
 1256 0102 3B       		.uleb128 0x3b
 1257 0103 0B       		.uleb128 0xb
 1258 0104 49       		.uleb128 0x49
 1259 0105 13       		.uleb128 0x13
 1260 0106 3F       		.uleb128 0x3f
 1261 0107 19       		.uleb128 0x19
 1262 0108 02       		.uleb128 0x2
 1263 0109 18       		.uleb128 0x18
 1264 010a 00       		.byte	0
 1265 010b 00       		.byte	0
 1266 010c 00       		.byte	0
 1267              		.section	.debug_aranges,"",%progbits
 1268 0000 64000000 		.4byte	0x64
 1269 0004 0200     		.2byte	0x2
 1270 0006 00000000 		.4byte	.Ldebug_info0
 1271 000a 04       		.byte	0x4
 1272 000b 00       		.byte	0
 1273 000c 0000     		.2byte	0
 1274 000e 0000     		.2byte	0
 1275 0010 00000000 		.4byte	.LFB63
 1276 0014 3C000000 		.4byte	.LFE63-.LFB63
 1277 0018 00000000 		.4byte	.LFB64
 1278 001c 2C000000 		.4byte	.LFE64-.LFB64
 1279 0020 00000000 		.4byte	.LFB65
 1280 0024 1C000000 		.4byte	.LFE65-.LFB65
 1281 0028 00000000 		.4byte	.LFB66
 1282 002c D4000000 		.4byte	.LFE66-.LFB66
 1283 0030 00000000 		.4byte	.LFB67
 1284 0034 1C000000 		.4byte	.LFE67-.LFB67
 1285 0038 00000000 		.4byte	.LFB68
 1286 003c 0C000000 		.4byte	.LFE68-.LFB68
ARM GAS  C:\Users\badea\AppData\Local\Temp\ccbZyN19.s 			page 28


 1287 0040 00000000 		.4byte	.LFB69
 1288 0044 58000000 		.4byte	.LFE69-.LFB69
 1289 0048 00000000 		.4byte	.LFB70
 1290 004c 3C000000 		.4byte	.LFE70-.LFB70
 1291 0050 00000000 		.4byte	.LFB71
 1292 0054 44000000 		.4byte	.LFE71-.LFB71
 1293 0058 00000000 		.4byte	.LFB72
 1294 005c 64000000 		.4byte	.LFE72-.LFB72
 1295 0060 00000000 		.4byte	0
 1296 0064 00000000 		.4byte	0
 1297              		.section	.debug_ranges,"",%progbits
 1298              	.Ldebug_ranges0:
 1299 0000 00000000 		.4byte	.LFB63
 1300 0004 3C000000 		.4byte	.LFE63
 1301 0008 00000000 		.4byte	.LFB64
 1302 000c 2C000000 		.4byte	.LFE64
 1303 0010 00000000 		.4byte	.LFB65
 1304 0014 1C000000 		.4byte	.LFE65
 1305 0018 00000000 		.4byte	.LFB66
 1306 001c D4000000 		.4byte	.LFE66
 1307 0020 00000000 		.4byte	.LFB67
 1308 0024 1C000000 		.4byte	.LFE67
 1309 0028 00000000 		.4byte	.LFB68
 1310 002c 0C000000 		.4byte	.LFE68
 1311 0030 00000000 		.4byte	.LFB69
 1312 0034 58000000 		.4byte	.LFE69
 1313 0038 00000000 		.4byte	.LFB70
 1314 003c 3C000000 		.4byte	.LFE70
 1315 0040 00000000 		.4byte	.LFB71
 1316 0044 44000000 		.4byte	.LFE71
 1317 0048 00000000 		.4byte	.LFB72
 1318 004c 64000000 		.4byte	.LFE72
 1319 0050 00000000 		.4byte	0
 1320 0054 00000000 		.4byte	0
 1321              		.section	.debug_line,"",%progbits
 1322              	.Ldebug_line0:
 1323 0000 94020000 		.section	.debug_str,"MS",%progbits,1
 1323      02007301 
 1323      00000201 
 1323      FB0E0D00 
 1323      01010101 
 1324              	.LASF11:
 1325 0000 6C6F6E67 		.ascii	"long long int\000"
 1325      206C6F6E 
 1325      6720696E 
 1325      7400
 1326              	.LASF34:
 1327 000e 73656C5F 		.ascii	"sel_strategy\000"
 1327      73747261 
 1327      74656779 
 1327      00
 1328              	.LASF38:
 1329 001b 5365745F 		.ascii	"Set_Strategy_Launch_Assist\000"
 1329      53747261 
 1329      74656779 
 1329      5F4C6175 
 1329      6E63685F 
ARM GAS  C:\Users\badea\AppData\Local\Temp\ccbZyN19.s 			page 29


 1330              	.LASF0:
 1331 0036 5F5F696E 		.ascii	"__int8_t\000"
 1331      74385F74 
 1331      00
 1332              	.LASF1:
 1333 003f 5F5F7569 		.ascii	"__uint8_t\000"
 1333      6E74385F 
 1333      7400
 1334              	.LASF32:
 1335 0049 4D61705F 		.ascii	"Map_Duty_Cycle\000"
 1335      44757479 
 1335      5F437963 
 1335      6C6500
 1336              	.LASF45:
 1337 0058 474E5520 		.ascii	"GNU C11 5.4.1 20160609 (release) [ARM/embedded-5-br"
 1337      43313120 
 1337      352E342E 
 1337      31203230 
 1337      31363036 
 1338 008b 616E6368 		.ascii	"anch revision 237715] -mcpu=cortex-m3 -mthumb -g -O"
 1338      20726576 
 1338      6973696F 
 1338      6E203233 
 1338      37373135 
 1339 00be 30202D66 		.ascii	"0 -ffunction-sections -ffat-lto-objects\000"
 1339      66756E63 
 1339      74696F6E 
 1339      2D736563 
 1339      74696F6E 
 1340              	.LASF4:
 1341 00e6 5F5F696E 		.ascii	"__int16_t\000"
 1341      7431365F 
 1341      7400
 1342              	.LASF8:
 1343 00f0 5F5F696E 		.ascii	"__int32_t\000"
 1343      7433325F 
 1343      7400
 1344              	.LASF47:
 1345 00fa 433A5C55 		.ascii	"C:\\Users\\badea\\Documents\\PSoC Creator\\can_bun\\"
 1345      73657273 
 1345      5C626164 
 1345      65615C44 
 1345      6F63756D 
 1346 0128 48434D5F 		.ascii	"HCM_UPBDrive.cydsn\000"
 1346      55504244 
 1346      72697665 
 1346      2E637964 
 1346      736E00
 1347              	.LASF43:
 1348 013b 6361725F 		.ascii	"car_state\000"
 1348      73746174 
 1348      6500
 1349              	.LASF36:
 1350 0145 5365745F 		.ascii	"Set_Strategy_Freewheel\000"
 1350      53747261 
 1350      74656779 
 1350      5F467265 
ARM GAS  C:\Users\badea\AppData\Local\Temp\ccbZyN19.s 			page 30


 1350      65776865 
 1351              	.LASF29:
 1352 015c 64757479 		.ascii	"duty_cycle_percentage\000"
 1352      5F637963 
 1352      6C655F70 
 1352      65726365 
 1352      6E746167 
 1353              	.LASF25:
 1354 0172 67656172 		.ascii	"gear\000"
 1354      00
 1355              	.LASF14:
 1356 0177 696E7438 		.ascii	"int8_t\000"
 1356      5F7400
 1357              	.LASF18:
 1358 017e 696E7433 		.ascii	"int32_t\000"
 1358      325F7400 
 1359              	.LASF19:
 1360 0186 666C6F61 		.ascii	"float\000"
 1360      7400
 1361              	.LASF2:
 1362 018c 7369676E 		.ascii	"signed char\000"
 1362      65642063 
 1362      68617200 
 1363              	.LASF26:
 1364 0198 6272616B 		.ascii	"brake_state\000"
 1364      655F7374 
 1364      61746500 
 1365              	.LASF3:
 1366 01a4 756E7369 		.ascii	"unsigned char\000"
 1366      676E6564 
 1366      20636861 
 1366      7200
 1367              	.LASF10:
 1368 01b2 6C6F6E67 		.ascii	"long unsigned int\000"
 1368      20756E73 
 1368      69676E65 
 1368      6420696E 
 1368      7400
 1369              	.LASF7:
 1370 01c4 73686F72 		.ascii	"short unsigned int\000"
 1370      7420756E 
 1370      7369676E 
 1370      65642069 
 1370      6E7400
 1371              	.LASF41:
 1372 01d7 5365745F 		.ascii	"Set_Strategy_Auto_Always_Regen\000"
 1372      53747261 
 1372      74656779 
 1372      5F417574 
 1372      6F5F416C 
 1373              	.LASF28:
 1374 01f6 64726976 		.ascii	"driving_mode\000"
 1374      696E675F 
 1374      6D6F6465 
 1374      00
 1375              	.LASF6:
 1376 0203 5F5F7569 		.ascii	"__uint16_t\000"
ARM GAS  C:\Users\badea\AppData\Local\Temp\ccbZyN19.s 			page 31


 1376      6E743136 
 1376      5F7400
 1377              	.LASF20:
 1378 020e 646F7562 		.ascii	"double\000"
 1378      6C6500
 1379              	.LASF5:
 1380 0215 73686F72 		.ascii	"short int\000"
 1380      7420696E 
 1380      7400
 1381              	.LASF42:
 1382 021f 49544D5F 		.ascii	"ITM_RxBuffer\000"
 1382      52784275 
 1382      66666572 
 1382      00
 1383              	.LASF13:
 1384 022c 756E7369 		.ascii	"unsigned int\000"
 1384      676E6564 
 1384      20696E74 
 1384      00
 1385              	.LASF33:
 1386 0239 7470735F 		.ascii	"tps_percentage\000"
 1386      70657263 
 1386      656E7461 
 1386      676500
 1387              	.LASF39:
 1388 0248 5365745F 		.ascii	"Set_Strategy_Auto_No_Regen\000"
 1388      53747261 
 1388      74656779 
 1388      5F417574 
 1388      6F5F4E6F 
 1389              	.LASF12:
 1390 0263 6C6F6E67 		.ascii	"long long unsigned int\000"
 1390      206C6F6E 
 1390      6720756E 
 1390      7369676E 
 1390      65642069 
 1391              	.LASF15:
 1392 027a 75696E74 		.ascii	"uint8_t\000"
 1392      385F7400 
 1393              	.LASF16:
 1394 0282 696E7431 		.ascii	"int16_t\000"
 1394      365F7400 
 1395              	.LASF31:
 1396 028a 5450535F 		.ascii	"TPS_to_Duty_Cycle_Percentage\000"
 1396      746F5F44 
 1396      7574795F 
 1396      4379636C 
 1396      655F5065 
 1397              	.LASF22:
 1398 02a7 6C6F6E67 		.ascii	"long double\000"
 1398      20646F75 
 1398      626C6500 
 1399              	.LASF23:
 1400 02b3 73697A65 		.ascii	"sizetype\000"
 1400      74797065 
 1400      00
 1401              	.LASF37:
ARM GAS  C:\Users\badea\AppData\Local\Temp\ccbZyN19.s 			page 32


 1402 02bc 5365745F 		.ascii	"Set_Strategy_Manual\000"
 1402      53747261 
 1402      74656779 
 1402      5F4D616E 
 1402      75616C00 
 1403              	.LASF40:
 1404 02d0 5365745F 		.ascii	"Set_Strategy_Auto_Brake_Regen\000"
 1404      53747261 
 1404      74656779 
 1404      5F417574 
 1404      6F5F4272 
 1405              	.LASF21:
 1406 02ee 63686172 		.ascii	"char\000"
 1406      00
 1407              	.LASF48:
 1408 02f3 5365745F 		.ascii	"Set_Strategy\000"
 1408      53747261 
 1408      74656779 
 1408      00
 1409              	.LASF17:
 1410 0300 75696E74 		.ascii	"uint16_t\000"
 1410      31365F74 
 1410      00
 1411              	.LASF44:
 1412 0309 68796272 		.ascii	"hybrid_state\000"
 1412      69645F73 
 1412      74617465 
 1412      00
 1413              	.LASF9:
 1414 0316 6C6F6E67 		.ascii	"long int\000"
 1414      20696E74 
 1414      00
 1415              	.LASF46:
 1416 031f 7372635C 		.ascii	"src\\hybrid_mode.c\000"
 1416      68796272 
 1416      69645F6D 
 1416      6F64652E 
 1416      6300
 1417              	.LASF35:
 1418 0331 456D6572 		.ascii	"Emergency_Stop\000"
 1418      67656E63 
 1418      795F5374 
 1418      6F7000
 1419              	.LASF24:
 1420 0340 656E6769 		.ascii	"engine_state\000"
 1420      6E655F73 
 1420      74617465 
 1420      00
 1421              	.LASF27:
 1422 034d 76656869 		.ascii	"vehicle_status_t\000"
 1422      636C655F 
 1422      73746174 
 1422      75735F74 
 1422      00
 1423              	.LASF30:
 1424 035e 48595F73 		.ascii	"HY_strategy_t\000"
 1424      74726174 
ARM GAS  C:\Users\badea\AppData\Local\Temp\ccbZyN19.s 			page 33


 1424      6567795F 
 1424      7400
 1425              		.ident	"GCC: (GNU Tools for ARM Embedded Processors) 5.4.1 20160609 (release) [ARM/embedded-5-bran
