ARM GAS  C:\Users\badea\AppData\Local\Temp\cc6JwNyf.s 			page 1


   1              		.syntax unified
   2              		.cpu cortex-m3
   3              		.fpu softvfp
   4              		.eabi_attribute 20, 1
   5              		.eabi_attribute 21, 1
   6              		.eabi_attribute 23, 3
   7              		.eabi_attribute 24, 1
   8              		.eabi_attribute 25, 1
   9              		.eabi_attribute 26, 1
  10              		.eabi_attribute 30, 6
  11              		.eabi_attribute 34, 1
  12              		.eabi_attribute 18, 4
  13              		.thumb
  14              		.syntax unified
  15              		.file	"hybrid_mode.c"
  16              		.text
  17              	.Ltext0:
  18              		.cfi_sections	.debug_frame
  19              		.global	hybrid_state
  20              		.bss
  21              		.align	2
  22              		.type	hybrid_state, %object
  23              		.size	hybrid_state, 2
  24              	hybrid_state:
  25 0000 0000     		.space	2
  26              		.section	.text.TPS_to_Duty_Cycle_Percentage,"ax",%progbits
  27              		.align	2
  28              		.global	TPS_to_Duty_Cycle_Percentage
  29              		.thumb
  30              		.thumb_func
  31              		.type	TPS_to_Duty_Cycle_Percentage, %function
  32              	TPS_to_Duty_Cycle_Percentage:
  33              	.LFB63:
  34              		.file 1 "src\\hybrid_mode.c"
   1:src/hybrid_mode.c **** /*
   2:src/hybrid_mode.c ****  * File:        hybrid_mode.c
   3:src/hybrid_mode.c ****  * Description: Implements the hybrid drive control strategies for the HCM project. Based on curren
   4:src/hybrid_mode.c ****  *              vehicle status (gear, RPM, speed, TPS, brake state) and user input, this module 
   5:src/hybrid_mode.c ****  *              selects and applies the appropriate driving mode by updating the hybrid_state
   6:src/hybrid_mode.c ****  *              and transmitting the command via CAN to the ESC.
   7:src/hybrid_mode.c **** */
   8:src/hybrid_mode.c **** 
   9:src/hybrid_mode.c **** #include <include/hybrid_mode.h>
  10:src/hybrid_mode.c **** 
  11:src/hybrid_mode.c **** /*
  12:src/hybrid_mode.c **** ** Hybrid Strategy Modes **
  13:src/hybrid_mode.c ****   |----|-----------------------|-------------------------------------------------------|
  14:src/hybrid_mode.c ****   | ID | Name                  | Description                                           |
  15:src/hybrid_mode.c ****   |----|-----------------------|-------------------------------------------------------|
  16:src/hybrid_mode.c ****   | 0  | Freewheel             | Default idle mode                                     |
  17:src/hybrid_mode.c ****   | 1  | Manual (Boost)        | Full torque if boost button is active                 |
  18:src/hybrid_mode.c ****   | 2  | Auto No Regen         | Proportional torque, no regen                         |
  19:src/hybrid_mode.c ****   | 3  | Auto Brake Regen      | Regen on brake press                                  |
  20:src/hybrid_mode.c ****   | 4  | Auto TPS-Based Regen  | Regen when TPS < threshold or braking                 |
  21:src/hybrid_mode.c ****   | 5  | Launch Assist         | Active at low RPM, low speed, high TPS, gear 1        |
  22:src/hybrid_mode.c ****   |----|-----------------------|-------------------------------------------------------|
  23:src/hybrid_mode.c ****   *
ARM GAS  C:\Users\badea\AppData\Local\Temp\cc6JwNyf.s 			page 2


  24:src/hybrid_mode.c ****   * Auto mode is mapping TPS from a threshold to 100
  25:src/hybrid_mode.c ****   * ! Boost button overrides any mode, as long as the strategy is not set to Freewheel (Hybrid OFF)
  26:src/hybrid_mode.c **** */
  27:src/hybrid_mode.c **** 
  28:src/hybrid_mode.c **** /**************************************************************************************************
  29:src/hybrid_mode.c **** * Global variables
  30:src/hybrid_mode.c **** ***************************************************************************************************
  31:src/hybrid_mode.c **** volatile HY_strategy_t hybrid_state = {0, 0};
  32:src/hybrid_mode.c **** 
  33:src/hybrid_mode.c **** /**************************************************************************************************
  34:src/hybrid_mode.c **** * Functions
  35:src/hybrid_mode.c **** ***************************************************************************************************
  36:src/hybrid_mode.c **** /*
  37:src/hybrid_mode.c ****  * Function:    TPS_to_Duty_Cycle_Percentage
  38:src/hybrid_mode.c ****  * Description: Converts the TPS value (over a threshold) to a proportional duty cycle.
  39:src/hybrid_mode.c ****  * Parameters:
  40:src/hybrid_mode.c ****  *   - tps_percentage: Throttle position sensor value from ECU [0–100].
  41:src/hybrid_mode.c ****  * Returns:
  42:src/hybrid_mode.c ****  *   - A duty cycle percentage [0–100], mapped linearly for TPS ≥ threshold.
  43:src/hybrid_mode.c ****  *     Returns 0 for TPS < threshold.
  44:src/hybrid_mode.c ****  */
  45:src/hybrid_mode.c **** uint8_t TPS_to_Duty_Cycle_Percentage(uint8_t tps_percentage)
  46:src/hybrid_mode.c **** {
  35              		.loc 1 46 0
  36              		.cfi_startproc
  37              		@ args = 0, pretend = 0, frame = 8
  38              		@ frame_needed = 1, uses_anonymous_args = 0
  39              		@ link register save eliminated.
  40 0000 80B4     		push	{r7}
  41              		.cfi_def_cfa_offset 4
  42              		.cfi_offset 7, -4
  43 0002 83B0     		sub	sp, sp, #12
  44              		.cfi_def_cfa_offset 16
  45 0004 00AF     		add	r7, sp, #0
  46              		.cfi_def_cfa_register 7
  47 0006 0346     		mov	r3, r0
  48 0008 FB71     		strb	r3, [r7, #7]
  47:src/hybrid_mode.c ****     if (tps_percentage < MAPPING_TPS_THRESHOLD)
  49              		.loc 1 47 0
  50 000a FB79     		ldrb	r3, [r7, #7]	@ zero_extendqisi2
  51 000c 312B     		cmp	r3, #49
  52 000e 01D8     		bhi	.L2
  48:src/hybrid_mode.c ****         return 0;
  53              		.loc 1 48 0
  54 0010 0023     		movs	r3, #0
  55 0012 0BE0     		b	.L3
  56              	.L2:
  49:src/hybrid_mode.c ****     else
  50:src/hybrid_mode.c ****         return ((tps_percentage - MAPPING_TPS_THRESHOLD ) * 100) / (100 - MAPPING_TPS_THRESHOLD);
  57              		.loc 1 50 0
  58 0014 FB79     		ldrb	r3, [r7, #7]	@ zero_extendqisi2
  59 0016 6422     		movs	r2, #100
  60 0018 02FB03F3 		mul	r3, r2, r3
  61 001c A3F59C53 		sub	r3, r3, #4992
  62 0020 083B     		subs	r3, r3, #8
  63 0022 054A     		ldr	r2, .L4
  64 0024 A2FB0323 		umull	r2, r3, r2, r3
ARM GAS  C:\Users\badea\AppData\Local\Temp\cc6JwNyf.s 			page 3


  65 0028 1B09     		lsrs	r3, r3, #4
  66 002a DBB2     		uxtb	r3, r3
  67              	.L3:
  51:src/hybrid_mode.c **** }
  68              		.loc 1 51 0
  69 002c 1846     		mov	r0, r3
  70 002e 0C37     		adds	r7, r7, #12
  71              		.cfi_def_cfa_offset 4
  72 0030 BD46     		mov	sp, r7
  73              		.cfi_def_cfa_register 13
  74              		@ sp needed
  75 0032 80BC     		pop	{r7}
  76              		.cfi_restore 7
  77              		.cfi_def_cfa_offset 0
  78 0034 7047     		bx	lr
  79              	.L5:
  80 0036 00BF     		.align	2
  81              	.L4:
  82 0038 1F85EB51 		.word	1374389535
  83              		.cfi_endproc
  84              	.LFE63:
  85              		.size	TPS_to_Duty_Cycle_Percentage, .-TPS_to_Duty_Cycle_Percentage
  86              		.section	.text.Map_Duty_Cycle,"ax",%progbits
  87              		.align	2
  88              		.global	Map_Duty_Cycle
  89              		.thumb
  90              		.thumb_func
  91              		.type	Map_Duty_Cycle, %function
  92              	Map_Duty_Cycle:
  93              	.LFB64:
  52:src/hybrid_mode.c **** 
  53:src/hybrid_mode.c **** /*
  54:src/hybrid_mode.c ****  * Function:    Map_Duty_Cycle
  55:src/hybrid_mode.c ****  * Description: Converts a duty cycle percentage to a 15-bit signed integer for CAN transmission.
  56:src/hybrid_mode.c ****  * Parameters:
  57:src/hybrid_mode.c ****  *   - duty_cycle_percentage: Desired motor duty (in percent, −100 to 100).
  58:src/hybrid_mode.c ****  * Returns:
  59:src/hybrid_mode.c ****  *   - 15-bit signed value scaled to match ESC input format.
  60:src/hybrid_mode.c ****  */
  61:src/hybrid_mode.c **** int16_t Map_Duty_Cycle(int8_t duty_cycle_percentage)
  62:src/hybrid_mode.c **** {
  94              		.loc 1 62 0
  95              		.cfi_startproc
  96              		@ args = 0, pretend = 0, frame = 8
  97              		@ frame_needed = 1, uses_anonymous_args = 0
  98              		@ link register save eliminated.
  99 0000 80B4     		push	{r7}
 100              		.cfi_def_cfa_offset 4
 101              		.cfi_offset 7, -4
 102 0002 83B0     		sub	sp, sp, #12
 103              		.cfi_def_cfa_offset 16
 104 0004 00AF     		add	r7, sp, #0
 105              		.cfi_def_cfa_register 7
 106 0006 0346     		mov	r3, r0
 107 0008 FB71     		strb	r3, [r7, #7]
  63:src/hybrid_mode.c ****     return (int16_t)((duty_cycle_percentage * MAX_VALUE_15BIT) / 100);
 108              		.loc 1 63 0
ARM GAS  C:\Users\badea\AppData\Local\Temp\cc6JwNyf.s 			page 4


 109 000a 97F90720 		ldrsb	r2, [r7, #7]
 110 000e 1346     		mov	r3, r2
 111 0010 DB03     		lsls	r3, r3, #15
 112 0012 9B1A     		subs	r3, r3, r2
 113 0014 044A     		ldr	r2, .L8
 114 0016 A2FB0323 		umull	r2, r3, r2, r3
 115 001a 5B09     		lsrs	r3, r3, #5
 116 001c 1BB2     		sxth	r3, r3
  64:src/hybrid_mode.c **** }
 117              		.loc 1 64 0
 118 001e 1846     		mov	r0, r3
 119 0020 0C37     		adds	r7, r7, #12
 120              		.cfi_def_cfa_offset 4
 121 0022 BD46     		mov	sp, r7
 122              		.cfi_def_cfa_register 13
 123              		@ sp needed
 124 0024 80BC     		pop	{r7}
 125              		.cfi_restore 7
 126              		.cfi_def_cfa_offset 0
 127 0026 7047     		bx	lr
 128              	.L9:
 129              		.align	2
 130              	.L8:
 131 0028 1F85EB51 		.word	1374389535
 132              		.cfi_endproc
 133              	.LFE64:
 134              		.size	Map_Duty_Cycle, .-Map_Duty_Cycle
 135              		.section	.text.Emergency_Stop,"ax",%progbits
 136              		.align	2
 137              		.global	Emergency_Stop
 138              		.thumb
 139              		.thumb_func
 140              		.type	Emergency_Stop, %function
 141              	Emergency_Stop:
 142              	.LFB65:
  65:src/hybrid_mode.c **** 
  66:src/hybrid_mode.c **** /*
  67:src/hybrid_mode.c ****  * Function:    Emergency_Stop
  68:src/hybrid_mode.c ****  * Description: Sets the hybrid mode to freewheel, then disables the AIR.
  69:src/hybrid_mode.c ****  */
  70:src/hybrid_mode.c **** void Emergency_Stop()
  71:src/hybrid_mode.c **** {
 143              		.loc 1 71 0
 144              		.cfi_startproc
 145              		@ args = 0, pretend = 0, frame = 0
 146              		@ frame_needed = 1, uses_anonymous_args = 0
 147 0000 80B5     		push	{r7, lr}
 148              		.cfi_def_cfa_offset 8
 149              		.cfi_offset 7, -8
 150              		.cfi_offset 14, -4
 151 0002 00AF     		add	r7, sp, #0
 152              		.cfi_def_cfa_register 7
  72:src/hybrid_mode.c ****     Set_Strategy(FREEWHEEL_S); /* Set the ESC to freewheel before power off */
 153              		.loc 1 72 0
 154 0004 0020     		movs	r0, #0
 155 0006 FFF7FEFF 		bl	Set_Strategy
  73:src/hybrid_mode.c ****     CyDelay(100u); /* Wait 100 ms for the motor to slow down */
ARM GAS  C:\Users\badea\AppData\Local\Temp\cc6JwNyf.s 			page 5


 156              		.loc 1 73 0
 157 000a 6420     		movs	r0, #100
 158 000c FFF7FEFF 		bl	CyDelay
  74:src/hybrid_mode.c ****     AIR_enable_Write(STD_OFF); /* Disable the AIR */
 159              		.loc 1 74 0
 160 0010 0020     		movs	r0, #0
 161 0012 FFF7FEFF 		bl	AIR_enable_Write
  75:src/hybrid_mode.c **** }
 162              		.loc 1 75 0
 163 0016 00BF     		nop
 164 0018 80BD     		pop	{r7, pc}
 165              		.cfi_endproc
 166              	.LFE65:
 167              		.size	Emergency_Stop, .-Emergency_Stop
 168 001a 00BF     		.section	.text.Set_Strategy,"ax",%progbits
 169              		.align	2
 170              		.global	Set_Strategy
 171              		.thumb
 172              		.thumb_func
 173              		.type	Set_Strategy, %function
 174              	Set_Strategy:
 175              	.LFB66:
  76:src/hybrid_mode.c **** 
  77:src/hybrid_mode.c **** /*
  78:src/hybrid_mode.c ****  * Function:    Set_Strategy
  79:src/hybrid_mode.c ****  * Description: Applies the appropriate hybrid driving strategy based on selector input,
  80:src/hybrid_mode.c ****  *              vehicle state, and driver override.
  81:src/hybrid_mode.c ****  *
  82:src/hybrid_mode.c ****  * Parameters:
  83:src/hybrid_mode.c ****  *   - sel_strategy: User-selected strategy index [1–6].
  84:src/hybrid_mode.c ****  *
  85:src/hybrid_mode.c ****  * Logic:
  86:src/hybrid_mode.c ****  *   - If gear is neutral or speed is too low/high -> Freewheel.
  87:src/hybrid_mode.c ****  *   - If boost button is pressed, brake is not, and sel_strategy > 0 -> Full torque (also when spe
  88:src/hybrid_mode.c ****  *   - Otherwise, applies strategy based on sel_strategy.
  89:src/hybrid_mode.c ****  *   - Defaults to Freewheel if sel_strategy is invalid.
  90:src/hybrid_mode.c ****  *
  91:src/hybrid_mode.c ****  * Sends the selected driving mode and duty cycle to the ESC via CAN.
  92:src/hybrid_mode.c ****  */
  93:src/hybrid_mode.c **** void Set_Strategy(uint8_t sel_strategy)
  94:src/hybrid_mode.c **** {
 176              		.loc 1 94 0
 177              		.cfi_startproc
 178              		@ args = 0, pretend = 0, frame = 8
 179              		@ frame_needed = 1, uses_anonymous_args = 0
 180 0000 80B5     		push	{r7, lr}
 181              		.cfi_def_cfa_offset 8
 182              		.cfi_offset 7, -8
 183              		.cfi_offset 14, -4
 184 0002 82B0     		sub	sp, sp, #8
 185              		.cfi_def_cfa_offset 16
 186 0004 00AF     		add	r7, sp, #0
 187              		.cfi_def_cfa_register 7
 188 0006 0346     		mov	r3, r0
 189 0008 FB71     		strb	r3, [r7, #7]
  95:src/hybrid_mode.c ****     if (car_state.gear == NEUTRAL_GEAR || car_state.vss > MAX_VSS_TO_DEPLOY)
 190              		.loc 1 95 0
ARM GAS  C:\Users\badea\AppData\Local\Temp\cc6JwNyf.s 			page 6


 191 000a 2B4B     		ldr	r3, .L24
 192 000c DB78     		ldrb	r3, [r3, #3]
 193 000e DBB2     		uxtb	r3, r3
 194 0010 012B     		cmp	r3, #1
 195 0012 04D0     		beq	.L12
 196              		.loc 1 95 0 is_stmt 0 discriminator 1
 197 0014 284B     		ldr	r3, .L24
 198 0016 5B79     		ldrb	r3, [r3, #5]
 199 0018 DBB2     		uxtb	r3, r3
 200 001a 552B     		cmp	r3, #85
 201 001c 02D9     		bls	.L13
 202              	.L12:
  96:src/hybrid_mode.c ****     {
  97:src/hybrid_mode.c ****         Set_Strategy_Freewheel();
 203              		.loc 1 97 0 is_stmt 1
 204 001e FFF7FEFF 		bl	Set_Strategy_Freewheel
 205 0022 3BE0     		b	.L14
 206              	.L13:
  98:src/hybrid_mode.c ****     }
  99:src/hybrid_mode.c ****     else if (car_state.vss < MIN_VSS_TO_DEPLOY && sel_strategy != MANUAL_S)
 207              		.loc 1 99 0
 208 0024 244B     		ldr	r3, .L24
 209 0026 5B79     		ldrb	r3, [r3, #5]
 100:src/hybrid_mode.c ****     {
 101:src/hybrid_mode.c ****         Set_Strategy_Freewheel();
 102:src/hybrid_mode.c ****     }
 103:src/hybrid_mode.c ****     else if ((Read_Boost_Button() == STD_ON) && (car_state.brake_state == STD_OFF) && (sel_strategy
 210              		.loc 1 103 0
 211 0028 FFF7FEFF 		bl	Read_Boost_Button
 212 002c 0346     		mov	r3, r0
 213 002e 012B     		cmp	r3, #1
 214 0030 0ED1     		bne	.L15
 215              		.loc 1 103 0 is_stmt 0 discriminator 1
 216 0032 214B     		ldr	r3, .L24
 217 0034 9B79     		ldrb	r3, [r3, #6]
 218 0036 DBB2     		uxtb	r3, r3
 219 0038 002B     		cmp	r3, #0
 220 003a 09D1     		bne	.L15
 221              		.loc 1 103 0 discriminator 2
 222 003c FB79     		ldrb	r3, [r7, #7]	@ zero_extendqisi2
 223 003e 002B     		cmp	r3, #0
 224 0040 06D0     		beq	.L15
 104:src/hybrid_mode.c ****     {
 105:src/hybrid_mode.c ****         hybrid_state.driving_mode = TORQUE_MODE;
 225              		.loc 1 105 0 is_stmt 1
 226 0042 1E4B     		ldr	r3, .L24+4
 227 0044 0322     		movs	r2, #3
 228 0046 1A70     		strb	r2, [r3]
 106:src/hybrid_mode.c ****         hybrid_state.duty_cycle_percentage = BOOST_TORQUE_PERCENTAGE;
 229              		.loc 1 106 0
 230 0048 1C4B     		ldr	r3, .L24+4
 231 004a 6422     		movs	r2, #100
 232 004c 5A70     		strb	r2, [r3, #1]
 233 004e 25E0     		b	.L14
 234              	.L15:
 107:src/hybrid_mode.c ****     }
 108:src/hybrid_mode.c ****     else
ARM GAS  C:\Users\badea\AppData\Local\Temp\cc6JwNyf.s 			page 7


 109:src/hybrid_mode.c ****     {
 110:src/hybrid_mode.c ****         switch (sel_strategy)
 235              		.loc 1 110 0
 236 0050 FB79     		ldrb	r3, [r7, #7]	@ zero_extendqisi2
 237 0052 052B     		cmp	r3, #5
 238 0054 20D8     		bhi	.L16
 239 0056 01A2     		adr	r2, .L18
 240 0058 52F823F0 		ldr	pc, [r2, r3, lsl #2]
 241              		.p2align 2
 242              	.L18:
 243 005c 75000000 		.word	.L17+1
 244 0060 7B000000 		.word	.L19+1
 245 0064 81000000 		.word	.L20+1
 246 0068 87000000 		.word	.L21+1
 247 006c 8D000000 		.word	.L22+1
 248 0070 93000000 		.word	.L23+1
 249              		.p2align 1
 250              	.L17:
 111:src/hybrid_mode.c ****         {
 112:src/hybrid_mode.c ****             case FREEWHEEL_S:
 113:src/hybrid_mode.c ****                 Set_Strategy_Freewheel();
 251              		.loc 1 113 0
 252 0074 FFF7FEFF 		bl	Set_Strategy_Freewheel
 114:src/hybrid_mode.c ****                 break;
 253              		.loc 1 114 0
 254 0078 10E0     		b	.L14
 255              	.L19:
 115:src/hybrid_mode.c ****                 
 116:src/hybrid_mode.c ****             case MANUAL_S: /* Serves as placeholder, logic already handled above */
 117:src/hybrid_mode.c ****                 Set_Strategy_Manual();
 256              		.loc 1 117 0
 257 007a FFF7FEFF 		bl	Set_Strategy_Manual
 118:src/hybrid_mode.c ****                 break;
 258              		.loc 1 118 0
 259 007e 0DE0     		b	.L14
 260              	.L20:
 119:src/hybrid_mode.c **** 
 120:src/hybrid_mode.c ****             case AUTO_NOREGEN_S:
 121:src/hybrid_mode.c ****                 Set_Strategy_Auto_No_Regen();
 261              		.loc 1 121 0
 262 0080 FFF7FEFF 		bl	Set_Strategy_Auto_No_Regen
 122:src/hybrid_mode.c ****                 break;
 263              		.loc 1 122 0
 264 0084 0AE0     		b	.L14
 265              	.L21:
 123:src/hybrid_mode.c **** 
 124:src/hybrid_mode.c ****             case AUTO_BRAKEREGEN_S:
 125:src/hybrid_mode.c ****                 Set_Strategy_Auto_Brake_Regen();
 266              		.loc 1 125 0
 267 0086 FFF7FEFF 		bl	Set_Strategy_Auto_Brake_Regen
 126:src/hybrid_mode.c ****                 break;
 268              		.loc 1 126 0
 269 008a 07E0     		b	.L14
 270              	.L22:
 127:src/hybrid_mode.c **** 
 128:src/hybrid_mode.c ****             case AUTO_ALLREGEN_S:
 129:src/hybrid_mode.c ****                 Set_Strategy_Auto_Always_Regen();
ARM GAS  C:\Users\badea\AppData\Local\Temp\cc6JwNyf.s 			page 8


 271              		.loc 1 129 0
 272 008c FFF7FEFF 		bl	Set_Strategy_Auto_Always_Regen
 130:src/hybrid_mode.c ****                 break;
 273              		.loc 1 130 0
 274 0090 04E0     		b	.L14
 275              	.L23:
 131:src/hybrid_mode.c **** 
 132:src/hybrid_mode.c ****             case LAUNCH_S:
 133:src/hybrid_mode.c ****                 Set_Strategy_Launch_Assist();
 276              		.loc 1 133 0
 277 0092 FFF7FEFF 		bl	Set_Strategy_Launch_Assist
 134:src/hybrid_mode.c ****                 break;
 278              		.loc 1 134 0
 279 0096 01E0     		b	.L14
 280              	.L16:
 135:src/hybrid_mode.c **** 
 136:src/hybrid_mode.c ****             default:
 137:src/hybrid_mode.c ****                 Set_Strategy_Freewheel();
 281              		.loc 1 137 0
 282 0098 FFF7FEFF 		bl	Set_Strategy_Freewheel
 283              	.L14:
 138:src/hybrid_mode.c ****         }
 139:src/hybrid_mode.c ****     }
 140:src/hybrid_mode.c ****     
 141:src/hybrid_mode.c ****     CAN_Transmit_To_ESC(hybrid_state.driving_mode, hybrid_state.duty_cycle_percentage);
 284              		.loc 1 141 0
 285 009c 074B     		ldr	r3, .L24+4
 286 009e 1B78     		ldrb	r3, [r3]
 287 00a0 DAB2     		uxtb	r2, r3
 288 00a2 064B     		ldr	r3, .L24+4
 289 00a4 5B78     		ldrb	r3, [r3, #1]
 290 00a6 5BB2     		sxtb	r3, r3
 291 00a8 1946     		mov	r1, r3
 292 00aa 1046     		mov	r0, r2
 293 00ac FFF7FEFF 		bl	CAN_Transmit_To_ESC
 142:src/hybrid_mode.c **** }
 294              		.loc 1 142 0
 295 00b0 00BF     		nop
 296 00b2 0837     		adds	r7, r7, #8
 297              		.cfi_def_cfa_offset 8
 298 00b4 BD46     		mov	sp, r7
 299              		.cfi_def_cfa_register 13
 300              		@ sp needed
 301 00b6 80BD     		pop	{r7, pc}
 302              	.L25:
 303              		.align	2
 304              	.L24:
 305 00b8 00000000 		.word	car_state
 306 00bc 00000000 		.word	hybrid_state
 307              		.cfi_endproc
 308              	.LFE66:
 309              		.size	Set_Strategy, .-Set_Strategy
 310              		.section	.text.Set_Strategy_Freewheel,"ax",%progbits
 311              		.align	2
 312              		.global	Set_Strategy_Freewheel
 313              		.thumb
 314              		.thumb_func
ARM GAS  C:\Users\badea\AppData\Local\Temp\cc6JwNyf.s 			page 9


 315              		.type	Set_Strategy_Freewheel, %function
 316              	Set_Strategy_Freewheel:
 317              	.LFB67:
 143:src/hybrid_mode.c **** 
 144:src/hybrid_mode.c **** /*
 145:src/hybrid_mode.c ****  * Function:    Set_Strategy_Freewheel
 146:src/hybrid_mode.c ****  * Description: Disables hybrid power by setting mode to Freewheel and zero duty cycle.
 147:src/hybrid_mode.c ****  */
 148:src/hybrid_mode.c **** void Set_Strategy_Freewheel()
 149:src/hybrid_mode.c **** {
 318              		.loc 1 149 0
 319              		.cfi_startproc
 320              		@ args = 0, pretend = 0, frame = 0
 321              		@ frame_needed = 1, uses_anonymous_args = 0
 322              		@ link register save eliminated.
 323 0000 80B4     		push	{r7}
 324              		.cfi_def_cfa_offset 4
 325              		.cfi_offset 7, -4
 326 0002 00AF     		add	r7, sp, #0
 327              		.cfi_def_cfa_register 7
 150:src/hybrid_mode.c ****     hybrid_state.driving_mode = FREEWHEEL_MODE;
 328              		.loc 1 150 0
 329 0004 044B     		ldr	r3, .L27
 330 0006 0022     		movs	r2, #0
 331 0008 1A70     		strb	r2, [r3]
 151:src/hybrid_mode.c ****     hybrid_state.duty_cycle_percentage = STD_OFF;
 332              		.loc 1 151 0
 333 000a 034B     		ldr	r3, .L27
 334 000c 0022     		movs	r2, #0
 335 000e 5A70     		strb	r2, [r3, #1]
 152:src/hybrid_mode.c **** }
 336              		.loc 1 152 0
 337 0010 00BF     		nop
 338 0012 BD46     		mov	sp, r7
 339              		.cfi_def_cfa_register 13
 340              		@ sp needed
 341 0014 80BC     		pop	{r7}
 342              		.cfi_restore 7
 343              		.cfi_def_cfa_offset 0
 344 0016 7047     		bx	lr
 345              	.L28:
 346              		.align	2
 347              	.L27:
 348 0018 00000000 		.word	hybrid_state
 349              		.cfi_endproc
 350              	.LFE67:
 351              		.size	Set_Strategy_Freewheel, .-Set_Strategy_Freewheel
 352              		.section	.text.Set_Strategy_Manual,"ax",%progbits
 353              		.align	2
 354              		.global	Set_Strategy_Manual
 355              		.thumb
 356              		.thumb_func
 357              		.type	Set_Strategy_Manual, %function
 358              	Set_Strategy_Manual:
 359              	.LFB68:
 153:src/hybrid_mode.c **** 
 154:src/hybrid_mode.c **** /*
ARM GAS  C:\Users\badea\AppData\Local\Temp\cc6JwNyf.s 			page 10


 155:src/hybrid_mode.c ****  * Function:    Set_Strategy_Manual
 156:src/hybrid_mode.c ****  * Description: Enables full power (boost mode) if the boost button is pressed and the brake is not
 157:src/hybrid_mode.c ****  *              Falls back to Freewheel otherwise.
 158:src/hybrid_mode.c ****  */
 159:src/hybrid_mode.c **** void Set_Strategy_Manual()
 160:src/hybrid_mode.c **** {
 360              		.loc 1 160 0
 361              		.cfi_startproc
 362              		@ args = 0, pretend = 0, frame = 0
 363              		@ frame_needed = 1, uses_anonymous_args = 0
 364 0000 80B5     		push	{r7, lr}
 365              		.cfi_def_cfa_offset 8
 366              		.cfi_offset 7, -8
 367              		.cfi_offset 14, -4
 368 0002 00AF     		add	r7, sp, #0
 369              		.cfi_def_cfa_register 7
 161:src/hybrid_mode.c ****     /* The logic for the boost button is in the main Set_Strategy() function;
 162:src/hybrid_mode.c ****      * If the program enters here it means the selector is on manual,
 163:src/hybrid_mode.c ****      * but boost button is not pressed -> freewheel */
 164:src/hybrid_mode.c ****     Set_Strategy_Freewheel();
 370              		.loc 1 164 0
 371 0004 FFF7FEFF 		bl	Set_Strategy_Freewheel
 165:src/hybrid_mode.c **** }
 372              		.loc 1 165 0
 373 0008 00BF     		nop
 374 000a 80BD     		pop	{r7, pc}
 375              		.cfi_endproc
 376              	.LFE68:
 377              		.size	Set_Strategy_Manual, .-Set_Strategy_Manual
 378              		.section	.text.Set_Strategy_Auto_No_Regen,"ax",%progbits
 379              		.align	2
 380              		.global	Set_Strategy_Auto_No_Regen
 381              		.thumb
 382              		.thumb_func
 383              		.type	Set_Strategy_Auto_No_Regen, %function
 384              	Set_Strategy_Auto_No_Regen:
 385              	.LFB69:
 166:src/hybrid_mode.c **** 
 167:src/hybrid_mode.c **** /*
 168:src/hybrid_mode.c ****  * Function:    Set_Strategy_Auto_No_Regen
 169:src/hybrid_mode.c ****  * Description: Applies torque proportional to TPS when brake is not pressed.
 170:src/hybrid_mode.c ****  *              Falls back to Freewheel if brake is active.
 171:src/hybrid_mode.c ****  */
 172:src/hybrid_mode.c **** void Set_Strategy_Auto_No_Regen()
 173:src/hybrid_mode.c **** {
 386              		.loc 1 173 0
 387              		.cfi_startproc
 388              		@ args = 0, pretend = 0, frame = 0
 389              		@ frame_needed = 1, uses_anonymous_args = 0
 390 0000 80B5     		push	{r7, lr}
 391              		.cfi_def_cfa_offset 8
 392              		.cfi_offset 7, -8
 393              		.cfi_offset 14, -4
 394 0002 00AF     		add	r7, sp, #0
 395              		.cfi_def_cfa_register 7
 174:src/hybrid_mode.c ****     if (car_state.brake_state == STD_OFF)
 396              		.loc 1 174 0
ARM GAS  C:\Users\badea\AppData\Local\Temp\cc6JwNyf.s 			page 11


 397 0004 0F4B     		ldr	r3, .L36
 398 0006 9B79     		ldrb	r3, [r3, #6]
 399 0008 DBB2     		uxtb	r3, r3
 400 000a 002B     		cmp	r3, #0
 401 000c 15D1     		bne	.L31
 175:src/hybrid_mode.c ****     {        
 176:src/hybrid_mode.c ****         if (car_state.tps < MAPPING_TPS_THRESHOLD)
 402              		.loc 1 176 0
 403 000e 0D4B     		ldr	r3, .L36
 404 0010 1B79     		ldrb	r3, [r3, #4]
 405 0012 DBB2     		uxtb	r3, r3
 406 0014 312B     		cmp	r3, #49
 407 0016 02D8     		bhi	.L32
 177:src/hybrid_mode.c ****             Set_Strategy_Freewheel();
 408              		.loc 1 177 0
 409 0018 FFF7FEFF 		bl	Set_Strategy_Freewheel
 178:src/hybrid_mode.c ****         else
 179:src/hybrid_mode.c ****         {
 180:src/hybrid_mode.c ****             hybrid_state.driving_mode = TORQUE_MODE;
 181:src/hybrid_mode.c ****             hybrid_state.duty_cycle_percentage = TPS_to_Duty_Cycle_Percentage(car_state.tps);
 182:src/hybrid_mode.c ****         }
 183:src/hybrid_mode.c ****     }
 184:src/hybrid_mode.c ****     else
 185:src/hybrid_mode.c ****         Set_Strategy_Freewheel();
 186:src/hybrid_mode.c **** }
 410              		.loc 1 186 0
 411 001c 0FE0     		b	.L35
 412              	.L32:
 180:src/hybrid_mode.c ****             hybrid_state.duty_cycle_percentage = TPS_to_Duty_Cycle_Percentage(car_state.tps);
 413              		.loc 1 180 0
 414 001e 0A4B     		ldr	r3, .L36+4
 415 0020 0322     		movs	r2, #3
 416 0022 1A70     		strb	r2, [r3]
 181:src/hybrid_mode.c ****         }
 417              		.loc 1 181 0
 418 0024 074B     		ldr	r3, .L36
 419 0026 1B79     		ldrb	r3, [r3, #4]
 420 0028 DBB2     		uxtb	r3, r3
 421 002a 1846     		mov	r0, r3
 422 002c FFF7FEFF 		bl	TPS_to_Duty_Cycle_Percentage
 423 0030 0346     		mov	r3, r0
 424 0032 5AB2     		sxtb	r2, r3
 425 0034 044B     		ldr	r3, .L36+4
 426 0036 5A70     		strb	r2, [r3, #1]
 427              		.loc 1 186 0
 428 0038 01E0     		b	.L35
 429              	.L31:
 185:src/hybrid_mode.c **** }
 430              		.loc 1 185 0
 431 003a FFF7FEFF 		bl	Set_Strategy_Freewheel
 432              	.L35:
 433              		.loc 1 186 0
 434 003e 00BF     		nop
 435 0040 80BD     		pop	{r7, pc}
 436              	.L37:
 437 0042 00BF     		.align	2
 438              	.L36:
ARM GAS  C:\Users\badea\AppData\Local\Temp\cc6JwNyf.s 			page 12


 439 0044 00000000 		.word	car_state
 440 0048 00000000 		.word	hybrid_state
 441              		.cfi_endproc
 442              	.LFE69:
 443              		.size	Set_Strategy_Auto_No_Regen, .-Set_Strategy_Auto_No_Regen
 444              		.section	.text.Set_Strategy_Auto_Brake_Regen,"ax",%progbits
 445              		.align	2
 446              		.global	Set_Strategy_Auto_Brake_Regen
 447              		.thumb
 448              		.thumb_func
 449              		.type	Set_Strategy_Auto_Brake_Regen, %function
 450              	Set_Strategy_Auto_Brake_Regen:
 451              	.LFB70:
 187:src/hybrid_mode.c **** 
 188:src/hybrid_mode.c **** /*
 189:src/hybrid_mode.c ****  * Function:    Set_Strategy_Auto_Brake_Regen
 190:src/hybrid_mode.c ****  * Description: Applies torque proportional to TPS when brake is not pressed.
 191:src/hybrid_mode.c ****  *              Switches to full regenerative braking (BRAKE mode) when brake is pressed.
 192:src/hybrid_mode.c ****  */
 193:src/hybrid_mode.c **** void Set_Strategy_Auto_Brake_Regen()
 194:src/hybrid_mode.c **** {
 452              		.loc 1 194 0
 453              		.cfi_startproc
 454              		@ args = 0, pretend = 0, frame = 0
 455              		@ frame_needed = 1, uses_anonymous_args = 0
 456 0000 80B5     		push	{r7, lr}
 457              		.cfi_def_cfa_offset 8
 458              		.cfi_offset 7, -8
 459              		.cfi_offset 14, -4
 460 0002 00AF     		add	r7, sp, #0
 461              		.cfi_def_cfa_register 7
 195:src/hybrid_mode.c ****     if (car_state.brake_state == STD_OFF)
 462              		.loc 1 195 0
 463 0004 114B     		ldr	r3, .L44
 464 0006 9B79     		ldrb	r3, [r3, #6]
 465 0008 DBB2     		uxtb	r3, r3
 466 000a 002B     		cmp	r3, #0
 467 000c 15D1     		bne	.L39
 196:src/hybrid_mode.c ****     {
 197:src/hybrid_mode.c ****         if (car_state.tps < MAPPING_TPS_THRESHOLD)
 468              		.loc 1 197 0
 469 000e 0F4B     		ldr	r3, .L44
 470 0010 1B79     		ldrb	r3, [r3, #4]
 471 0012 DBB2     		uxtb	r3, r3
 472 0014 312B     		cmp	r3, #49
 473 0016 02D8     		bhi	.L40
 198:src/hybrid_mode.c ****             Set_Strategy_Freewheel();
 474              		.loc 1 198 0
 475 0018 FFF7FEFF 		bl	Set_Strategy_Freewheel
 199:src/hybrid_mode.c ****         else
 200:src/hybrid_mode.c ****         {
 201:src/hybrid_mode.c ****             hybrid_state.driving_mode = TORQUE_MODE;
 202:src/hybrid_mode.c ****             hybrid_state.duty_cycle_percentage = TPS_to_Duty_Cycle_Percentage(car_state.tps);
 203:src/hybrid_mode.c ****         }
 204:src/hybrid_mode.c ****     }
 205:src/hybrid_mode.c ****     else /* Braking */
 206:src/hybrid_mode.c ****     {
ARM GAS  C:\Users\badea\AppData\Local\Temp\cc6JwNyf.s 			page 13


 207:src/hybrid_mode.c ****         hybrid_state.driving_mode = BRAKE_MODE;
 208:src/hybrid_mode.c ****         hybrid_state.duty_cycle_percentage = BRAKE_REGEN_INTENSITY_PERCENTAGE;
 209:src/hybrid_mode.c ****     }
 210:src/hybrid_mode.c **** }
 476              		.loc 1 210 0
 477 001c 13E0     		b	.L43
 478              	.L40:
 201:src/hybrid_mode.c ****             hybrid_state.duty_cycle_percentage = TPS_to_Duty_Cycle_Percentage(car_state.tps);
 479              		.loc 1 201 0
 480 001e 0C4B     		ldr	r3, .L44+4
 481 0020 0322     		movs	r2, #3
 482 0022 1A70     		strb	r2, [r3]
 202:src/hybrid_mode.c ****         }
 483              		.loc 1 202 0
 484 0024 094B     		ldr	r3, .L44
 485 0026 1B79     		ldrb	r3, [r3, #4]
 486 0028 DBB2     		uxtb	r3, r3
 487 002a 1846     		mov	r0, r3
 488 002c FFF7FEFF 		bl	TPS_to_Duty_Cycle_Percentage
 489 0030 0346     		mov	r3, r0
 490 0032 5AB2     		sxtb	r2, r3
 491 0034 064B     		ldr	r3, .L44+4
 492 0036 5A70     		strb	r2, [r3, #1]
 493              		.loc 1 210 0
 494 0038 05E0     		b	.L43
 495              	.L39:
 207:src/hybrid_mode.c ****         hybrid_state.duty_cycle_percentage = BRAKE_REGEN_INTENSITY_PERCENTAGE;
 496              		.loc 1 207 0
 497 003a 054B     		ldr	r3, .L44+4
 498 003c 0822     		movs	r2, #8
 499 003e 1A70     		strb	r2, [r3]
 208:src/hybrid_mode.c ****     }
 500              		.loc 1 208 0
 501 0040 034B     		ldr	r3, .L44+4
 502 0042 6422     		movs	r2, #100
 503 0044 5A70     		strb	r2, [r3, #1]
 504              	.L43:
 505              		.loc 1 210 0
 506 0046 00BF     		nop
 507 0048 80BD     		pop	{r7, pc}
 508              	.L45:
 509 004a 00BF     		.align	2
 510              	.L44:
 511 004c 00000000 		.word	car_state
 512 0050 00000000 		.word	hybrid_state
 513              		.cfi_endproc
 514              	.LFE70:
 515              		.size	Set_Strategy_Auto_Brake_Regen, .-Set_Strategy_Auto_Brake_Regen
 516              		.section	.text.Set_Strategy_Auto_Always_Regen,"ax",%progbits
 517              		.align	2
 518              		.global	Set_Strategy_Auto_Always_Regen
 519              		.thumb
 520              		.thumb_func
 521              		.type	Set_Strategy_Auto_Always_Regen, %function
 522              	Set_Strategy_Auto_Always_Regen:
 523              	.LFB71:
 211:src/hybrid_mode.c **** 
ARM GAS  C:\Users\badea\AppData\Local\Temp\cc6JwNyf.s 			page 14


 212:src/hybrid_mode.c **** /*
 213:src/hybrid_mode.c ****  * Function:    Set_Strategy_Auto_Always_Regen
 214:src/hybrid_mode.c ****  * Description: Applies torque proportional to TPS if TPS > 50 and brake is not pressed.
 215:src/hybrid_mode.c ****  *              Regenerative braking otherwise (different intensity for coasting or braking)
 216:src/hybrid_mode.c ****  */
 217:src/hybrid_mode.c **** void Set_Strategy_Auto_Always_Regen()
 218:src/hybrid_mode.c **** {
 524              		.loc 1 218 0
 525              		.cfi_startproc
 526              		@ args = 0, pretend = 0, frame = 0
 527              		@ frame_needed = 1, uses_anonymous_args = 0
 528 0000 80B5     		push	{r7, lr}
 529              		.cfi_def_cfa_offset 8
 530              		.cfi_offset 7, -8
 531              		.cfi_offset 14, -4
 532 0002 00AF     		add	r7, sp, #0
 533              		.cfi_def_cfa_register 7
 219:src/hybrid_mode.c ****     if ((car_state.brake_state == STD_OFF) && (car_state.tps > ALWAYS_REGEN_TPS_THRESHOLD))
 534              		.loc 1 219 0
 535 0004 154B     		ldr	r3, .L51
 536 0006 9B79     		ldrb	r3, [r3, #6]
 537 0008 DBB2     		uxtb	r3, r3
 538 000a 002B     		cmp	r3, #0
 539 000c 12D1     		bne	.L47
 540              		.loc 1 219 0 is_stmt 0 discriminator 1
 541 000e 134B     		ldr	r3, .L51
 542 0010 1B79     		ldrb	r3, [r3, #4]
 543 0012 DBB2     		uxtb	r3, r3
 544 0014 322B     		cmp	r3, #50
 545 0016 0DD9     		bls	.L47
 220:src/hybrid_mode.c ****     {
 221:src/hybrid_mode.c ****         hybrid_state.driving_mode = TORQUE_MODE;
 546              		.loc 1 221 0 is_stmt 1
 547 0018 114B     		ldr	r3, .L51+4
 548 001a 0322     		movs	r2, #3
 549 001c 1A70     		strb	r2, [r3]
 222:src/hybrid_mode.c ****         hybrid_state.duty_cycle_percentage = TPS_to_Duty_Cycle_Percentage(car_state.tps);
 550              		.loc 1 222 0
 551 001e 0F4B     		ldr	r3, .L51
 552 0020 1B79     		ldrb	r3, [r3, #4]
 553 0022 DBB2     		uxtb	r3, r3
 554 0024 1846     		mov	r0, r3
 555 0026 FFF7FEFF 		bl	TPS_to_Duty_Cycle_Percentage
 556 002a 0346     		mov	r3, r0
 557 002c 5AB2     		sxtb	r2, r3
 558 002e 0C4B     		ldr	r3, .L51+4
 559 0030 5A70     		strb	r2, [r3, #1]
 223:src/hybrid_mode.c ****     }
 224:src/hybrid_mode.c ****     else if (car_state.brake_state == STD_OFF) /* TPS under threshold, brake not pressed */
 225:src/hybrid_mode.c ****     {
 226:src/hybrid_mode.c ****         hybrid_state.driving_mode = BRAKE_MODE;
 227:src/hybrid_mode.c ****         hybrid_state.duty_cycle_percentage = COASTING_REGEN_INTENSITY_PERCENTAGE;
 228:src/hybrid_mode.c ****     }
 229:src/hybrid_mode.c ****     else /* Brake pressed */
 230:src/hybrid_mode.c ****     {
 231:src/hybrid_mode.c ****         hybrid_state.driving_mode = BRAKE_MODE;
 232:src/hybrid_mode.c ****         hybrid_state.duty_cycle_percentage = BRAKE_REGEN_INTENSITY_PERCENTAGE;
ARM GAS  C:\Users\badea\AppData\Local\Temp\cc6JwNyf.s 			page 15


 233:src/hybrid_mode.c ****     }
 234:src/hybrid_mode.c **** }
 560              		.loc 1 234 0
 561 0032 11E0     		b	.L50
 562              	.L47:
 224:src/hybrid_mode.c ****     {
 563              		.loc 1 224 0
 564 0034 094B     		ldr	r3, .L51
 565 0036 9B79     		ldrb	r3, [r3, #6]
 566 0038 DBB2     		uxtb	r3, r3
 567 003a 002B     		cmp	r3, #0
 568 003c 06D1     		bne	.L49
 226:src/hybrid_mode.c ****         hybrid_state.duty_cycle_percentage = COASTING_REGEN_INTENSITY_PERCENTAGE;
 569              		.loc 1 226 0
 570 003e 084B     		ldr	r3, .L51+4
 571 0040 0822     		movs	r2, #8
 572 0042 1A70     		strb	r2, [r3]
 227:src/hybrid_mode.c ****     }
 573              		.loc 1 227 0
 574 0044 064B     		ldr	r3, .L51+4
 575 0046 3222     		movs	r2, #50
 576 0048 5A70     		strb	r2, [r3, #1]
 577              		.loc 1 234 0
 578 004a 05E0     		b	.L50
 579              	.L49:
 231:src/hybrid_mode.c ****         hybrid_state.duty_cycle_percentage = BRAKE_REGEN_INTENSITY_PERCENTAGE;
 580              		.loc 1 231 0
 581 004c 044B     		ldr	r3, .L51+4
 582 004e 0822     		movs	r2, #8
 583 0050 1A70     		strb	r2, [r3]
 232:src/hybrid_mode.c ****     }
 584              		.loc 1 232 0
 585 0052 034B     		ldr	r3, .L51+4
 586 0054 6422     		movs	r2, #100
 587 0056 5A70     		strb	r2, [r3, #1]
 588              	.L50:
 589              		.loc 1 234 0
 590 0058 00BF     		nop
 591 005a 80BD     		pop	{r7, pc}
 592              	.L52:
 593              		.align	2
 594              	.L51:
 595 005c 00000000 		.word	car_state
 596 0060 00000000 		.word	hybrid_state
 597              		.cfi_endproc
 598              	.LFE71:
 599              		.size	Set_Strategy_Auto_Always_Regen, .-Set_Strategy_Auto_Always_Regen
 600              		.section	.text.Set_Strategy_Launch_Assist,"ax",%progbits
 601              		.align	2
 602              		.global	Set_Strategy_Launch_Assist
 603              		.thumb
 604              		.thumb_func
 605              		.type	Set_Strategy_Launch_Assist, %function
 606              	Set_Strategy_Launch_Assist:
 607              	.LFB72:
 235:src/hybrid_mode.c **** 
 236:src/hybrid_mode.c **** /*
ARM GAS  C:\Users\badea\AppData\Local\Temp\cc6JwNyf.s 			page 16


 237:src/hybrid_mode.c ****  * Function:    Set_Strategy_Launch_Assist
 238:src/hybrid_mode.c ****  * Description: Engages full torque at launch under these conditions:
 239:src/hybrid_mode.c ****  *              - RPM and VSS under a set threshold
 240:src/hybrid_mode.c ****  *              - TPS over a set threshold
 241:src/hybrid_mode.c ****  *              - Gear = 1
 242:src/hybrid_mode.c ****  *              - Brake not pressed
 243:src/hybrid_mode.c ****  *              Falls back to Freewheel otherwise.
 244:src/hybrid_mode.c ****  */
 245:src/hybrid_mode.c **** void Set_Strategy_Launch_Assist()
 246:src/hybrid_mode.c **** {
 608              		.loc 1 246 0
 609              		.cfi_startproc
 610              		@ args = 0, pretend = 0, frame = 0
 611              		@ frame_needed = 1, uses_anonymous_args = 0
 612 0000 80B5     		push	{r7, lr}
 613              		.cfi_def_cfa_offset 8
 614              		.cfi_offset 7, -8
 615              		.cfi_offset 14, -4
 616 0002 00AF     		add	r7, sp, #0
 617              		.cfi_def_cfa_register 7
 247:src/hybrid_mode.c ****     if ((car_state.rpm <= LAUNCH_MAX_RPM) && (car_state.vss <= LAUNCH_MAX_VSS) && (car_state.tps >=
 618              		.loc 1 247 0
 619 0004 124B     		ldr	r3, .L56
 620 0006 1B88     		ldrh	r3, [r3]	@ movhi
 621 0008 9BB2     		uxth	r3, r3
 622 000a 41F64C52 		movw	r2, #7500
 623 000e 9342     		cmp	r3, r2
 624 0010 1AD8     		bhi	.L54
 625              		.loc 1 247 0 is_stmt 0 discriminator 1
 626 0012 0F4B     		ldr	r3, .L56
 627 0014 5B79     		ldrb	r3, [r3, #5]
 628 0016 DBB2     		uxtb	r3, r3
 629 0018 322B     		cmp	r3, #50
 630 001a 15D8     		bhi	.L54
 631              		.loc 1 247 0 discriminator 2
 632 001c 0C4B     		ldr	r3, .L56
 633 001e 1B79     		ldrb	r3, [r3, #4]
 634 0020 DBB2     		uxtb	r3, r3
 635 0022 4F2B     		cmp	r3, #79
 636 0024 10D9     		bls	.L54
 248:src/hybrid_mode.c ****         && (car_state.gear == 1) && (car_state.brake_state == STD_OFF))
 637              		.loc 1 248 0 is_stmt 1
 638 0026 0A4B     		ldr	r3, .L56
 639 0028 DB78     		ldrb	r3, [r3, #3]
 640 002a DBB2     		uxtb	r3, r3
 641 002c 012B     		cmp	r3, #1
 642 002e 0BD1     		bne	.L54
 643              		.loc 1 248 0 is_stmt 0 discriminator 1
 644 0030 074B     		ldr	r3, .L56
 645 0032 9B79     		ldrb	r3, [r3, #6]
 646 0034 DBB2     		uxtb	r3, r3
 647 0036 002B     		cmp	r3, #0
 648 0038 06D1     		bne	.L54
 249:src/hybrid_mode.c ****     {
 250:src/hybrid_mode.c ****         hybrid_state.driving_mode = TORQUE_MODE;
 649              		.loc 1 250 0 is_stmt 1
 650 003a 064B     		ldr	r3, .L56+4
ARM GAS  C:\Users\badea\AppData\Local\Temp\cc6JwNyf.s 			page 17


 651 003c 0322     		movs	r2, #3
 652 003e 1A70     		strb	r2, [r3]
 251:src/hybrid_mode.c ****         hybrid_state.duty_cycle_percentage = LAUNCH_TORQUE_PERCENTAGE;
 653              		.loc 1 251 0
 654 0040 044B     		ldr	r3, .L56+4
 655 0042 0F22     		movs	r2, #15
 656 0044 5A70     		strb	r2, [r3, #1]
 657 0046 01E0     		b	.L55
 658              	.L54:
 252:src/hybrid_mode.c ****     }
 253:src/hybrid_mode.c ****     else
 254:src/hybrid_mode.c ****         Set_Strategy_Freewheel();
 659              		.loc 1 254 0
 660 0048 FFF7FEFF 		bl	Set_Strategy_Freewheel
 661              	.L55:
 255:src/hybrid_mode.c **** }
 662              		.loc 1 255 0
 663 004c 00BF     		nop
 664 004e 80BD     		pop	{r7, pc}
 665              	.L57:
 666              		.align	2
 667              	.L56:
 668 0050 00000000 		.word	car_state
 669 0054 00000000 		.word	hybrid_state
 670              		.cfi_endproc
 671              	.LFE72:
 672              		.size	Set_Strategy_Launch_Assist, .-Set_Strategy_Launch_Assist
 673              		.text
 674              	.Letext0:
 675              		.file 2 "c:\\program files (x86)\\cypress\\psoc creator\\4.4\\psoc creator\\import\\gnu\\arm\\5.4.
 676              		.file 3 "c:\\program files (x86)\\cypress\\psoc creator\\4.4\\psoc creator\\import\\gnu\\arm\\5.4.
 677              		.file 4 "./include/can_comm.h"
 678              		.file 5 "./include/hybrid_mode.h"
 679              		.file 6 "Generated_Source\\PSoC5/core_cm3.h"
 680              		.section	.debug_info,"",%progbits
 681              	.Ldebug_info0:
 682 0000 A3020000 		.4byte	0x2a3
 683 0004 0400     		.2byte	0x4
 684 0006 00000000 		.4byte	.Ldebug_abbrev0
 685 000a 04       		.byte	0x4
 686 000b 01       		.uleb128 0x1
 687 000c 58000000 		.4byte	.LASF45
 688 0010 0C       		.byte	0xc
 689 0011 1F030000 		.4byte	.LASF46
 690 0015 FA000000 		.4byte	.LASF47
 691 0019 00000000 		.4byte	.Ldebug_ranges0+0
 692 001d 00000000 		.4byte	0
 693 0021 00000000 		.4byte	.Ldebug_line0
 694 0025 02       		.uleb128 0x2
 695 0026 36000000 		.4byte	.LASF0
 696 002a 02       		.byte	0x2
 697 002b 1B       		.byte	0x1b
 698 002c 30000000 		.4byte	0x30
 699 0030 03       		.uleb128 0x3
 700 0031 01       		.byte	0x1
 701 0032 06       		.byte	0x6
 702 0033 8C010000 		.4byte	.LASF2
ARM GAS  C:\Users\badea\AppData\Local\Temp\cc6JwNyf.s 			page 18


 703 0037 02       		.uleb128 0x2
 704 0038 3F000000 		.4byte	.LASF1
 705 003c 02       		.byte	0x2
 706 003d 1D       		.byte	0x1d
 707 003e 42000000 		.4byte	0x42
 708 0042 03       		.uleb128 0x3
 709 0043 01       		.byte	0x1
 710 0044 08       		.byte	0x8
 711 0045 A4010000 		.4byte	.LASF3
 712 0049 02       		.uleb128 0x2
 713 004a E6000000 		.4byte	.LASF4
 714 004e 02       		.byte	0x2
 715 004f 29       		.byte	0x29
 716 0050 54000000 		.4byte	0x54
 717 0054 03       		.uleb128 0x3
 718 0055 02       		.byte	0x2
 719 0056 05       		.byte	0x5
 720 0057 15020000 		.4byte	.LASF5
 721 005b 02       		.uleb128 0x2
 722 005c 03020000 		.4byte	.LASF6
 723 0060 02       		.byte	0x2
 724 0061 2B       		.byte	0x2b
 725 0062 66000000 		.4byte	0x66
 726 0066 03       		.uleb128 0x3
 727 0067 02       		.byte	0x2
 728 0068 07       		.byte	0x7
 729 0069 C4010000 		.4byte	.LASF7
 730 006d 02       		.uleb128 0x2
 731 006e F0000000 		.4byte	.LASF8
 732 0072 02       		.byte	0x2
 733 0073 3F       		.byte	0x3f
 734 0074 78000000 		.4byte	0x78
 735 0078 03       		.uleb128 0x3
 736 0079 04       		.byte	0x4
 737 007a 05       		.byte	0x5
 738 007b 16030000 		.4byte	.LASF9
 739 007f 03       		.uleb128 0x3
 740 0080 04       		.byte	0x4
 741 0081 07       		.byte	0x7
 742 0082 B2010000 		.4byte	.LASF10
 743 0086 03       		.uleb128 0x3
 744 0087 08       		.byte	0x8
 745 0088 05       		.byte	0x5
 746 0089 00000000 		.4byte	.LASF11
 747 008d 03       		.uleb128 0x3
 748 008e 08       		.byte	0x8
 749 008f 07       		.byte	0x7
 750 0090 63020000 		.4byte	.LASF12
 751 0094 04       		.uleb128 0x4
 752 0095 04       		.byte	0x4
 753 0096 05       		.byte	0x5
 754 0097 696E7400 		.ascii	"int\000"
 755 009b 03       		.uleb128 0x3
 756 009c 04       		.byte	0x4
 757 009d 07       		.byte	0x7
 758 009e 2C020000 		.4byte	.LASF13
 759 00a2 02       		.uleb128 0x2
ARM GAS  C:\Users\badea\AppData\Local\Temp\cc6JwNyf.s 			page 19


 760 00a3 77010000 		.4byte	.LASF14
 761 00a7 03       		.byte	0x3
 762 00a8 14       		.byte	0x14
 763 00a9 25000000 		.4byte	0x25
 764 00ad 02       		.uleb128 0x2
 765 00ae 7A020000 		.4byte	.LASF15
 766 00b2 03       		.byte	0x3
 767 00b3 18       		.byte	0x18
 768 00b4 37000000 		.4byte	0x37
 769 00b8 02       		.uleb128 0x2
 770 00b9 82020000 		.4byte	.LASF16
 771 00bd 03       		.byte	0x3
 772 00be 20       		.byte	0x20
 773 00bf 49000000 		.4byte	0x49
 774 00c3 02       		.uleb128 0x2
 775 00c4 00030000 		.4byte	.LASF17
 776 00c8 03       		.byte	0x3
 777 00c9 24       		.byte	0x24
 778 00ca 5B000000 		.4byte	0x5b
 779 00ce 02       		.uleb128 0x2
 780 00cf 7E010000 		.4byte	.LASF18
 781 00d3 03       		.byte	0x3
 782 00d4 2C       		.byte	0x2c
 783 00d5 6D000000 		.4byte	0x6d
 784 00d9 03       		.uleb128 0x3
 785 00da 04       		.byte	0x4
 786 00db 04       		.byte	0x4
 787 00dc 86010000 		.4byte	.LASF19
 788 00e0 03       		.uleb128 0x3
 789 00e1 08       		.byte	0x8
 790 00e2 04       		.byte	0x4
 791 00e3 0E020000 		.4byte	.LASF20
 792 00e7 03       		.uleb128 0x3
 793 00e8 01       		.byte	0x1
 794 00e9 08       		.byte	0x8
 795 00ea EE020000 		.4byte	.LASF21
 796 00ee 03       		.uleb128 0x3
 797 00ef 08       		.byte	0x8
 798 00f0 04       		.byte	0x4
 799 00f1 A7020000 		.4byte	.LASF22
 800 00f5 03       		.uleb128 0x3
 801 00f6 04       		.byte	0x4
 802 00f7 07       		.byte	0x7
 803 00f8 B3020000 		.4byte	.LASF23
 804 00fc 05       		.uleb128 0x5
 805 00fd 08       		.byte	0x8
 806 00fe 04       		.byte	0x4
 807 00ff 23       		.byte	0x23
 808 0100 4D010000 		.4byte	0x14d
 809 0104 06       		.uleb128 0x6
 810 0105 72706D00 		.ascii	"rpm\000"
 811 0109 04       		.byte	0x4
 812 010a 24       		.byte	0x24
 813 010b C3000000 		.4byte	0xc3
 814 010f 00       		.byte	0
 815 0110 07       		.uleb128 0x7
 816 0111 40030000 		.4byte	.LASF24
ARM GAS  C:\Users\badea\AppData\Local\Temp\cc6JwNyf.s 			page 20


 817 0115 04       		.byte	0x4
 818 0116 25       		.byte	0x25
 819 0117 AD000000 		.4byte	0xad
 820 011b 02       		.byte	0x2
 821 011c 07       		.uleb128 0x7
 822 011d 72010000 		.4byte	.LASF25
 823 0121 04       		.byte	0x4
 824 0122 26       		.byte	0x26
 825 0123 AD000000 		.4byte	0xad
 826 0127 03       		.byte	0x3
 827 0128 06       		.uleb128 0x6
 828 0129 74707300 		.ascii	"tps\000"
 829 012d 04       		.byte	0x4
 830 012e 27       		.byte	0x27
 831 012f AD000000 		.4byte	0xad
 832 0133 04       		.byte	0x4
 833 0134 06       		.uleb128 0x6
 834 0135 76737300 		.ascii	"vss\000"
 835 0139 04       		.byte	0x4
 836 013a 28       		.byte	0x28
 837 013b AD000000 		.4byte	0xad
 838 013f 05       		.byte	0x5
 839 0140 07       		.uleb128 0x7
 840 0141 98010000 		.4byte	.LASF26
 841 0145 04       		.byte	0x4
 842 0146 29       		.byte	0x29
 843 0147 AD000000 		.4byte	0xad
 844 014b 06       		.byte	0x6
 845 014c 00       		.byte	0
 846 014d 02       		.uleb128 0x2
 847 014e 4D030000 		.4byte	.LASF27
 848 0152 04       		.byte	0x4
 849 0153 2A       		.byte	0x2a
 850 0154 FC000000 		.4byte	0xfc
 851 0158 05       		.uleb128 0x5
 852 0159 02       		.byte	0x2
 853 015a 05       		.byte	0x5
 854 015b 2F       		.byte	0x2f
 855 015c 79010000 		.4byte	0x179
 856 0160 07       		.uleb128 0x7
 857 0161 F6010000 		.4byte	.LASF28
 858 0165 05       		.byte	0x5
 859 0166 30       		.byte	0x30
 860 0167 AD000000 		.4byte	0xad
 861 016b 00       		.byte	0
 862 016c 07       		.uleb128 0x7
 863 016d 5C010000 		.4byte	.LASF29
 864 0171 05       		.byte	0x5
 865 0172 31       		.byte	0x31
 866 0173 A2000000 		.4byte	0xa2
 867 0177 01       		.byte	0x1
 868 0178 00       		.byte	0
 869 0179 02       		.uleb128 0x2
 870 017a 5E030000 		.4byte	.LASF30
 871 017e 05       		.byte	0x5
 872 017f 32       		.byte	0x32
 873 0180 58010000 		.4byte	0x158
ARM GAS  C:\Users\badea\AppData\Local\Temp\cc6JwNyf.s 			page 21


 874 0184 08       		.uleb128 0x8
 875 0185 8A020000 		.4byte	.LASF31
 876 0189 01       		.byte	0x1
 877 018a 2D       		.byte	0x2d
 878 018b AD000000 		.4byte	0xad
 879 018f 00000000 		.4byte	.LFB63
 880 0193 3C000000 		.4byte	.LFE63-.LFB63
 881 0197 01       		.uleb128 0x1
 882 0198 9C       		.byte	0x9c
 883 0199 AC010000 		.4byte	0x1ac
 884 019d 09       		.uleb128 0x9
 885 019e 39020000 		.4byte	.LASF33
 886 01a2 01       		.byte	0x1
 887 01a3 2D       		.byte	0x2d
 888 01a4 AD000000 		.4byte	0xad
 889 01a8 02       		.uleb128 0x2
 890 01a9 91       		.byte	0x91
 891 01aa 77       		.sleb128 -9
 892 01ab 00       		.byte	0
 893 01ac 08       		.uleb128 0x8
 894 01ad 49000000 		.4byte	.LASF32
 895 01b1 01       		.byte	0x1
 896 01b2 3D       		.byte	0x3d
 897 01b3 B8000000 		.4byte	0xb8
 898 01b7 00000000 		.4byte	.LFB64
 899 01bb 2C000000 		.4byte	.LFE64-.LFB64
 900 01bf 01       		.uleb128 0x1
 901 01c0 9C       		.byte	0x9c
 902 01c1 D4010000 		.4byte	0x1d4
 903 01c5 09       		.uleb128 0x9
 904 01c6 5C010000 		.4byte	.LASF29
 905 01ca 01       		.byte	0x1
 906 01cb 3D       		.byte	0x3d
 907 01cc A2000000 		.4byte	0xa2
 908 01d0 02       		.uleb128 0x2
 909 01d1 91       		.byte	0x91
 910 01d2 77       		.sleb128 -9
 911 01d3 00       		.byte	0
 912 01d4 0A       		.uleb128 0xa
 913 01d5 31030000 		.4byte	.LASF35
 914 01d9 01       		.byte	0x1
 915 01da 46       		.byte	0x46
 916 01db 00000000 		.4byte	.LFB65
 917 01df 1A000000 		.4byte	.LFE65-.LFB65
 918 01e3 01       		.uleb128 0x1
 919 01e4 9C       		.byte	0x9c
 920 01e5 0B       		.uleb128 0xb
 921 01e6 F3020000 		.4byte	.LASF48
 922 01ea 01       		.byte	0x1
 923 01eb 5D       		.byte	0x5d
 924 01ec 00000000 		.4byte	.LFB66
 925 01f0 C0000000 		.4byte	.LFE66-.LFB66
 926 01f4 01       		.uleb128 0x1
 927 01f5 9C       		.byte	0x9c
 928 01f6 09020000 		.4byte	0x209
 929 01fa 09       		.uleb128 0x9
 930 01fb 0E000000 		.4byte	.LASF34
ARM GAS  C:\Users\badea\AppData\Local\Temp\cc6JwNyf.s 			page 22


 931 01ff 01       		.byte	0x1
 932 0200 5D       		.byte	0x5d
 933 0201 AD000000 		.4byte	0xad
 934 0205 02       		.uleb128 0x2
 935 0206 91       		.byte	0x91
 936 0207 77       		.sleb128 -9
 937 0208 00       		.byte	0
 938 0209 0C       		.uleb128 0xc
 939 020a 45010000 		.4byte	.LASF36
 940 020e 01       		.byte	0x1
 941 020f 94       		.byte	0x94
 942 0210 00000000 		.4byte	.LFB67
 943 0214 1C000000 		.4byte	.LFE67-.LFB67
 944 0218 01       		.uleb128 0x1
 945 0219 9C       		.byte	0x9c
 946 021a 0A       		.uleb128 0xa
 947 021b BC020000 		.4byte	.LASF37
 948 021f 01       		.byte	0x1
 949 0220 9F       		.byte	0x9f
 950 0221 00000000 		.4byte	.LFB68
 951 0225 0C000000 		.4byte	.LFE68-.LFB68
 952 0229 01       		.uleb128 0x1
 953 022a 9C       		.byte	0x9c
 954 022b 0A       		.uleb128 0xa
 955 022c 48020000 		.4byte	.LASF38
 956 0230 01       		.byte	0x1
 957 0231 AC       		.byte	0xac
 958 0232 00000000 		.4byte	.LFB69
 959 0236 4C000000 		.4byte	.LFE69-.LFB69
 960 023a 01       		.uleb128 0x1
 961 023b 9C       		.byte	0x9c
 962 023c 0A       		.uleb128 0xa
 963 023d D0020000 		.4byte	.LASF39
 964 0241 01       		.byte	0x1
 965 0242 C1       		.byte	0xc1
 966 0243 00000000 		.4byte	.LFB70
 967 0247 54000000 		.4byte	.LFE70-.LFB70
 968 024b 01       		.uleb128 0x1
 969 024c 9C       		.byte	0x9c
 970 024d 0A       		.uleb128 0xa
 971 024e D7010000 		.4byte	.LASF40
 972 0252 01       		.byte	0x1
 973 0253 D9       		.byte	0xd9
 974 0254 00000000 		.4byte	.LFB71
 975 0258 64000000 		.4byte	.LFE71-.LFB71
 976 025c 01       		.uleb128 0x1
 977 025d 9C       		.byte	0x9c
 978 025e 0A       		.uleb128 0xa
 979 025f 1B000000 		.4byte	.LASF41
 980 0263 01       		.byte	0x1
 981 0264 F5       		.byte	0xf5
 982 0265 00000000 		.4byte	.LFB72
 983 0269 58000000 		.4byte	.LFE72-.LFB72
 984 026d 01       		.uleb128 0x1
 985 026e 9C       		.byte	0x9c
 986 026f 0D       		.uleb128 0xd
 987 0270 1F020000 		.4byte	.LASF42
ARM GAS  C:\Users\badea\AppData\Local\Temp\cc6JwNyf.s 			page 23


 988 0274 06       		.byte	0x6
 989 0275 1207     		.2byte	0x712
 990 0277 7B020000 		.4byte	0x27b
 991 027b 0E       		.uleb128 0xe
 992 027c CE000000 		.4byte	0xce
 993 0280 0F       		.uleb128 0xf
 994 0281 3B010000 		.4byte	.LASF43
 995 0285 04       		.byte	0x4
 996 0286 30       		.byte	0x30
 997 0287 8B020000 		.4byte	0x28b
 998 028b 0E       		.uleb128 0xe
 999 028c 4D010000 		.4byte	0x14d
 1000 0290 10       		.uleb128 0x10
 1001 0291 09030000 		.4byte	.LASF44
 1002 0295 01       		.byte	0x1
 1003 0296 1F       		.byte	0x1f
 1004 0297 A1020000 		.4byte	0x2a1
 1005 029b 05       		.uleb128 0x5
 1006 029c 03       		.byte	0x3
 1007 029d 00000000 		.4byte	hybrid_state
 1008 02a1 0E       		.uleb128 0xe
 1009 02a2 79010000 		.4byte	0x179
 1010 02a6 00       		.byte	0
 1011              		.section	.debug_abbrev,"",%progbits
 1012              	.Ldebug_abbrev0:
 1013 0000 01       		.uleb128 0x1
 1014 0001 11       		.uleb128 0x11
 1015 0002 01       		.byte	0x1
 1016 0003 25       		.uleb128 0x25
 1017 0004 0E       		.uleb128 0xe
 1018 0005 13       		.uleb128 0x13
 1019 0006 0B       		.uleb128 0xb
 1020 0007 03       		.uleb128 0x3
 1021 0008 0E       		.uleb128 0xe
 1022 0009 1B       		.uleb128 0x1b
 1023 000a 0E       		.uleb128 0xe
 1024 000b 55       		.uleb128 0x55
 1025 000c 17       		.uleb128 0x17
 1026 000d 11       		.uleb128 0x11
 1027 000e 01       		.uleb128 0x1
 1028 000f 10       		.uleb128 0x10
 1029 0010 17       		.uleb128 0x17
 1030 0011 00       		.byte	0
 1031 0012 00       		.byte	0
 1032 0013 02       		.uleb128 0x2
 1033 0014 16       		.uleb128 0x16
 1034 0015 00       		.byte	0
 1035 0016 03       		.uleb128 0x3
 1036 0017 0E       		.uleb128 0xe
 1037 0018 3A       		.uleb128 0x3a
 1038 0019 0B       		.uleb128 0xb
 1039 001a 3B       		.uleb128 0x3b
 1040 001b 0B       		.uleb128 0xb
 1041 001c 49       		.uleb128 0x49
 1042 001d 13       		.uleb128 0x13
 1043 001e 00       		.byte	0
 1044 001f 00       		.byte	0
ARM GAS  C:\Users\badea\AppData\Local\Temp\cc6JwNyf.s 			page 24


 1045 0020 03       		.uleb128 0x3
 1046 0021 24       		.uleb128 0x24
 1047 0022 00       		.byte	0
 1048 0023 0B       		.uleb128 0xb
 1049 0024 0B       		.uleb128 0xb
 1050 0025 3E       		.uleb128 0x3e
 1051 0026 0B       		.uleb128 0xb
 1052 0027 03       		.uleb128 0x3
 1053 0028 0E       		.uleb128 0xe
 1054 0029 00       		.byte	0
 1055 002a 00       		.byte	0
 1056 002b 04       		.uleb128 0x4
 1057 002c 24       		.uleb128 0x24
 1058 002d 00       		.byte	0
 1059 002e 0B       		.uleb128 0xb
 1060 002f 0B       		.uleb128 0xb
 1061 0030 3E       		.uleb128 0x3e
 1062 0031 0B       		.uleb128 0xb
 1063 0032 03       		.uleb128 0x3
 1064 0033 08       		.uleb128 0x8
 1065 0034 00       		.byte	0
 1066 0035 00       		.byte	0
 1067 0036 05       		.uleb128 0x5
 1068 0037 13       		.uleb128 0x13
 1069 0038 01       		.byte	0x1
 1070 0039 0B       		.uleb128 0xb
 1071 003a 0B       		.uleb128 0xb
 1072 003b 3A       		.uleb128 0x3a
 1073 003c 0B       		.uleb128 0xb
 1074 003d 3B       		.uleb128 0x3b
 1075 003e 0B       		.uleb128 0xb
 1076 003f 01       		.uleb128 0x1
 1077 0040 13       		.uleb128 0x13
 1078 0041 00       		.byte	0
 1079 0042 00       		.byte	0
 1080 0043 06       		.uleb128 0x6
 1081 0044 0D       		.uleb128 0xd
 1082 0045 00       		.byte	0
 1083 0046 03       		.uleb128 0x3
 1084 0047 08       		.uleb128 0x8
 1085 0048 3A       		.uleb128 0x3a
 1086 0049 0B       		.uleb128 0xb
 1087 004a 3B       		.uleb128 0x3b
 1088 004b 0B       		.uleb128 0xb
 1089 004c 49       		.uleb128 0x49
 1090 004d 13       		.uleb128 0x13
 1091 004e 38       		.uleb128 0x38
 1092 004f 0B       		.uleb128 0xb
 1093 0050 00       		.byte	0
 1094 0051 00       		.byte	0
 1095 0052 07       		.uleb128 0x7
 1096 0053 0D       		.uleb128 0xd
 1097 0054 00       		.byte	0
 1098 0055 03       		.uleb128 0x3
 1099 0056 0E       		.uleb128 0xe
 1100 0057 3A       		.uleb128 0x3a
 1101 0058 0B       		.uleb128 0xb
ARM GAS  C:\Users\badea\AppData\Local\Temp\cc6JwNyf.s 			page 25


 1102 0059 3B       		.uleb128 0x3b
 1103 005a 0B       		.uleb128 0xb
 1104 005b 49       		.uleb128 0x49
 1105 005c 13       		.uleb128 0x13
 1106 005d 38       		.uleb128 0x38
 1107 005e 0B       		.uleb128 0xb
 1108 005f 00       		.byte	0
 1109 0060 00       		.byte	0
 1110 0061 08       		.uleb128 0x8
 1111 0062 2E       		.uleb128 0x2e
 1112 0063 01       		.byte	0x1
 1113 0064 3F       		.uleb128 0x3f
 1114 0065 19       		.uleb128 0x19
 1115 0066 03       		.uleb128 0x3
 1116 0067 0E       		.uleb128 0xe
 1117 0068 3A       		.uleb128 0x3a
 1118 0069 0B       		.uleb128 0xb
 1119 006a 3B       		.uleb128 0x3b
 1120 006b 0B       		.uleb128 0xb
 1121 006c 27       		.uleb128 0x27
 1122 006d 19       		.uleb128 0x19
 1123 006e 49       		.uleb128 0x49
 1124 006f 13       		.uleb128 0x13
 1125 0070 11       		.uleb128 0x11
 1126 0071 01       		.uleb128 0x1
 1127 0072 12       		.uleb128 0x12
 1128 0073 06       		.uleb128 0x6
 1129 0074 40       		.uleb128 0x40
 1130 0075 18       		.uleb128 0x18
 1131 0076 9742     		.uleb128 0x2117
 1132 0078 19       		.uleb128 0x19
 1133 0079 01       		.uleb128 0x1
 1134 007a 13       		.uleb128 0x13
 1135 007b 00       		.byte	0
 1136 007c 00       		.byte	0
 1137 007d 09       		.uleb128 0x9
 1138 007e 05       		.uleb128 0x5
 1139 007f 00       		.byte	0
 1140 0080 03       		.uleb128 0x3
 1141 0081 0E       		.uleb128 0xe
 1142 0082 3A       		.uleb128 0x3a
 1143 0083 0B       		.uleb128 0xb
 1144 0084 3B       		.uleb128 0x3b
 1145 0085 0B       		.uleb128 0xb
 1146 0086 49       		.uleb128 0x49
 1147 0087 13       		.uleb128 0x13
 1148 0088 02       		.uleb128 0x2
 1149 0089 18       		.uleb128 0x18
 1150 008a 00       		.byte	0
 1151 008b 00       		.byte	0
 1152 008c 0A       		.uleb128 0xa
 1153 008d 2E       		.uleb128 0x2e
 1154 008e 00       		.byte	0
 1155 008f 3F       		.uleb128 0x3f
 1156 0090 19       		.uleb128 0x19
 1157 0091 03       		.uleb128 0x3
 1158 0092 0E       		.uleb128 0xe
ARM GAS  C:\Users\badea\AppData\Local\Temp\cc6JwNyf.s 			page 26


 1159 0093 3A       		.uleb128 0x3a
 1160 0094 0B       		.uleb128 0xb
 1161 0095 3B       		.uleb128 0x3b
 1162 0096 0B       		.uleb128 0xb
 1163 0097 11       		.uleb128 0x11
 1164 0098 01       		.uleb128 0x1
 1165 0099 12       		.uleb128 0x12
 1166 009a 06       		.uleb128 0x6
 1167 009b 40       		.uleb128 0x40
 1168 009c 18       		.uleb128 0x18
 1169 009d 9642     		.uleb128 0x2116
 1170 009f 19       		.uleb128 0x19
 1171 00a0 00       		.byte	0
 1172 00a1 00       		.byte	0
 1173 00a2 0B       		.uleb128 0xb
 1174 00a3 2E       		.uleb128 0x2e
 1175 00a4 01       		.byte	0x1
 1176 00a5 3F       		.uleb128 0x3f
 1177 00a6 19       		.uleb128 0x19
 1178 00a7 03       		.uleb128 0x3
 1179 00a8 0E       		.uleb128 0xe
 1180 00a9 3A       		.uleb128 0x3a
 1181 00aa 0B       		.uleb128 0xb
 1182 00ab 3B       		.uleb128 0x3b
 1183 00ac 0B       		.uleb128 0xb
 1184 00ad 27       		.uleb128 0x27
 1185 00ae 19       		.uleb128 0x19
 1186 00af 11       		.uleb128 0x11
 1187 00b0 01       		.uleb128 0x1
 1188 00b1 12       		.uleb128 0x12
 1189 00b2 06       		.uleb128 0x6
 1190 00b3 40       		.uleb128 0x40
 1191 00b4 18       		.uleb128 0x18
 1192 00b5 9642     		.uleb128 0x2116
 1193 00b7 19       		.uleb128 0x19
 1194 00b8 01       		.uleb128 0x1
 1195 00b9 13       		.uleb128 0x13
 1196 00ba 00       		.byte	0
 1197 00bb 00       		.byte	0
 1198 00bc 0C       		.uleb128 0xc
 1199 00bd 2E       		.uleb128 0x2e
 1200 00be 00       		.byte	0
 1201 00bf 3F       		.uleb128 0x3f
 1202 00c0 19       		.uleb128 0x19
 1203 00c1 03       		.uleb128 0x3
 1204 00c2 0E       		.uleb128 0xe
 1205 00c3 3A       		.uleb128 0x3a
 1206 00c4 0B       		.uleb128 0xb
 1207 00c5 3B       		.uleb128 0x3b
 1208 00c6 0B       		.uleb128 0xb
 1209 00c7 11       		.uleb128 0x11
 1210 00c8 01       		.uleb128 0x1
 1211 00c9 12       		.uleb128 0x12
 1212 00ca 06       		.uleb128 0x6
 1213 00cb 40       		.uleb128 0x40
 1214 00cc 18       		.uleb128 0x18
 1215 00cd 9742     		.uleb128 0x2117
ARM GAS  C:\Users\badea\AppData\Local\Temp\cc6JwNyf.s 			page 27


 1216 00cf 19       		.uleb128 0x19
 1217 00d0 00       		.byte	0
 1218 00d1 00       		.byte	0
 1219 00d2 0D       		.uleb128 0xd
 1220 00d3 34       		.uleb128 0x34
 1221 00d4 00       		.byte	0
 1222 00d5 03       		.uleb128 0x3
 1223 00d6 0E       		.uleb128 0xe
 1224 00d7 3A       		.uleb128 0x3a
 1225 00d8 0B       		.uleb128 0xb
 1226 00d9 3B       		.uleb128 0x3b
 1227 00da 05       		.uleb128 0x5
 1228 00db 49       		.uleb128 0x49
 1229 00dc 13       		.uleb128 0x13
 1230 00dd 3F       		.uleb128 0x3f
 1231 00de 19       		.uleb128 0x19
 1232 00df 3C       		.uleb128 0x3c
 1233 00e0 19       		.uleb128 0x19
 1234 00e1 00       		.byte	0
 1235 00e2 00       		.byte	0
 1236 00e3 0E       		.uleb128 0xe
 1237 00e4 35       		.uleb128 0x35
 1238 00e5 00       		.byte	0
 1239 00e6 49       		.uleb128 0x49
 1240 00e7 13       		.uleb128 0x13
 1241 00e8 00       		.byte	0
 1242 00e9 00       		.byte	0
 1243 00ea 0F       		.uleb128 0xf
 1244 00eb 34       		.uleb128 0x34
 1245 00ec 00       		.byte	0
 1246 00ed 03       		.uleb128 0x3
 1247 00ee 0E       		.uleb128 0xe
 1248 00ef 3A       		.uleb128 0x3a
 1249 00f0 0B       		.uleb128 0xb
 1250 00f1 3B       		.uleb128 0x3b
 1251 00f2 0B       		.uleb128 0xb
 1252 00f3 49       		.uleb128 0x49
 1253 00f4 13       		.uleb128 0x13
 1254 00f5 3F       		.uleb128 0x3f
 1255 00f6 19       		.uleb128 0x19
 1256 00f7 3C       		.uleb128 0x3c
 1257 00f8 19       		.uleb128 0x19
 1258 00f9 00       		.byte	0
 1259 00fa 00       		.byte	0
 1260 00fb 10       		.uleb128 0x10
 1261 00fc 34       		.uleb128 0x34
 1262 00fd 00       		.byte	0
 1263 00fe 03       		.uleb128 0x3
 1264 00ff 0E       		.uleb128 0xe
 1265 0100 3A       		.uleb128 0x3a
 1266 0101 0B       		.uleb128 0xb
 1267 0102 3B       		.uleb128 0x3b
 1268 0103 0B       		.uleb128 0xb
 1269 0104 49       		.uleb128 0x49
 1270 0105 13       		.uleb128 0x13
 1271 0106 3F       		.uleb128 0x3f
 1272 0107 19       		.uleb128 0x19
ARM GAS  C:\Users\badea\AppData\Local\Temp\cc6JwNyf.s 			page 28


 1273 0108 02       		.uleb128 0x2
 1274 0109 18       		.uleb128 0x18
 1275 010a 00       		.byte	0
 1276 010b 00       		.byte	0
 1277 010c 00       		.byte	0
 1278              		.section	.debug_aranges,"",%progbits
 1279 0000 64000000 		.4byte	0x64
 1280 0004 0200     		.2byte	0x2
 1281 0006 00000000 		.4byte	.Ldebug_info0
 1282 000a 04       		.byte	0x4
 1283 000b 00       		.byte	0
 1284 000c 0000     		.2byte	0
 1285 000e 0000     		.2byte	0
 1286 0010 00000000 		.4byte	.LFB63
 1287 0014 3C000000 		.4byte	.LFE63-.LFB63
 1288 0018 00000000 		.4byte	.LFB64
 1289 001c 2C000000 		.4byte	.LFE64-.LFB64
 1290 0020 00000000 		.4byte	.LFB65
 1291 0024 1A000000 		.4byte	.LFE65-.LFB65
 1292 0028 00000000 		.4byte	.LFB66
 1293 002c C0000000 		.4byte	.LFE66-.LFB66
 1294 0030 00000000 		.4byte	.LFB67
 1295 0034 1C000000 		.4byte	.LFE67-.LFB67
 1296 0038 00000000 		.4byte	.LFB68
 1297 003c 0C000000 		.4byte	.LFE68-.LFB68
 1298 0040 00000000 		.4byte	.LFB69
 1299 0044 4C000000 		.4byte	.LFE69-.LFB69
 1300 0048 00000000 		.4byte	.LFB70
 1301 004c 54000000 		.4byte	.LFE70-.LFB70
 1302 0050 00000000 		.4byte	.LFB71
 1303 0054 64000000 		.4byte	.LFE71-.LFB71
 1304 0058 00000000 		.4byte	.LFB72
 1305 005c 58000000 		.4byte	.LFE72-.LFB72
 1306 0060 00000000 		.4byte	0
 1307 0064 00000000 		.4byte	0
 1308              		.section	.debug_ranges,"",%progbits
 1309              	.Ldebug_ranges0:
 1310 0000 00000000 		.4byte	.LFB63
 1311 0004 3C000000 		.4byte	.LFE63
 1312 0008 00000000 		.4byte	.LFB64
 1313 000c 2C000000 		.4byte	.LFE64
 1314 0010 00000000 		.4byte	.LFB65
 1315 0014 1A000000 		.4byte	.LFE65
 1316 0018 00000000 		.4byte	.LFB66
 1317 001c C0000000 		.4byte	.LFE66
 1318 0020 00000000 		.4byte	.LFB67
 1319 0024 1C000000 		.4byte	.LFE67
 1320 0028 00000000 		.4byte	.LFB68
 1321 002c 0C000000 		.4byte	.LFE68
 1322 0030 00000000 		.4byte	.LFB69
 1323 0034 4C000000 		.4byte	.LFE69
 1324 0038 00000000 		.4byte	.LFB70
 1325 003c 54000000 		.4byte	.LFE70
 1326 0040 00000000 		.4byte	.LFB71
 1327 0044 64000000 		.4byte	.LFE71
 1328 0048 00000000 		.4byte	.LFB72
 1329 004c 58000000 		.4byte	.LFE72
ARM GAS  C:\Users\badea\AppData\Local\Temp\cc6JwNyf.s 			page 29


 1330 0050 00000000 		.4byte	0
 1331 0054 00000000 		.4byte	0
 1332              		.section	.debug_line,"",%progbits
 1333              	.Ldebug_line0:
 1334 0000 9A020000 		.section	.debug_str,"MS",%progbits,1
 1334      02007301 
 1334      00000201 
 1334      FB0E0D00 
 1334      01010101 
 1335              	.LASF11:
 1336 0000 6C6F6E67 		.ascii	"long long int\000"
 1336      206C6F6E 
 1336      6720696E 
 1336      7400
 1337              	.LASF34:
 1338 000e 73656C5F 		.ascii	"sel_strategy\000"
 1338      73747261 
 1338      74656779 
 1338      00
 1339              	.LASF41:
 1340 001b 5365745F 		.ascii	"Set_Strategy_Launch_Assist\000"
 1340      53747261 
 1340      74656779 
 1340      5F4C6175 
 1340      6E63685F 
 1341              	.LASF0:
 1342 0036 5F5F696E 		.ascii	"__int8_t\000"
 1342      74385F74 
 1342      00
 1343              	.LASF1:
 1344 003f 5F5F7569 		.ascii	"__uint8_t\000"
 1344      6E74385F 
 1344      7400
 1345              	.LASF32:
 1346 0049 4D61705F 		.ascii	"Map_Duty_Cycle\000"
 1346      44757479 
 1346      5F437963 
 1346      6C6500
 1347              	.LASF45:
 1348 0058 474E5520 		.ascii	"GNU C11 5.4.1 20160609 (release) [ARM/embedded-5-br"
 1348      43313120 
 1348      352E342E 
 1348      31203230 
 1348      31363036 
 1349 008b 616E6368 		.ascii	"anch revision 237715] -mcpu=cortex-m3 -mthumb -g -O"
 1349      20726576 
 1349      6973696F 
 1349      6E203233 
 1349      37373135 
 1350 00be 30202D66 		.ascii	"0 -ffunction-sections -ffat-lto-objects\000"
 1350      66756E63 
 1350      74696F6E 
 1350      2D736563 
 1350      74696F6E 
 1351              	.LASF4:
 1352 00e6 5F5F696E 		.ascii	"__int16_t\000"
 1352      7431365F 
ARM GAS  C:\Users\badea\AppData\Local\Temp\cc6JwNyf.s 			page 30


 1352      7400
 1353              	.LASF8:
 1354 00f0 5F5F696E 		.ascii	"__int32_t\000"
 1354      7433325F 
 1354      7400
 1355              	.LASF47:
 1356 00fa 433A5C55 		.ascii	"C:\\Users\\badea\\Documents\\PSoC Creator\\can_bun\\"
 1356      73657273 
 1356      5C626164 
 1356      65615C44 
 1356      6F63756D 
 1357 0128 48434D5F 		.ascii	"HCM_UPBDrive.cydsn\000"
 1357      55504244 
 1357      72697665 
 1357      2E637964 
 1357      736E00
 1358              	.LASF43:
 1359 013b 6361725F 		.ascii	"car_state\000"
 1359      73746174 
 1359      6500
 1360              	.LASF36:
 1361 0145 5365745F 		.ascii	"Set_Strategy_Freewheel\000"
 1361      53747261 
 1361      74656779 
 1361      5F467265 
 1361      65776865 
 1362              	.LASF29:
 1363 015c 64757479 		.ascii	"duty_cycle_percentage\000"
 1363      5F637963 
 1363      6C655F70 
 1363      65726365 
 1363      6E746167 
 1364              	.LASF25:
 1365 0172 67656172 		.ascii	"gear\000"
 1365      00
 1366              	.LASF14:
 1367 0177 696E7438 		.ascii	"int8_t\000"
 1367      5F7400
 1368              	.LASF18:
 1369 017e 696E7433 		.ascii	"int32_t\000"
 1369      325F7400 
 1370              	.LASF19:
 1371 0186 666C6F61 		.ascii	"float\000"
 1371      7400
 1372              	.LASF2:
 1373 018c 7369676E 		.ascii	"signed char\000"
 1373      65642063 
 1373      68617200 
 1374              	.LASF26:
 1375 0198 6272616B 		.ascii	"brake_state\000"
 1375      655F7374 
 1375      61746500 
 1376              	.LASF3:
 1377 01a4 756E7369 		.ascii	"unsigned char\000"
 1377      676E6564 
 1377      20636861 
 1377      7200
ARM GAS  C:\Users\badea\AppData\Local\Temp\cc6JwNyf.s 			page 31


 1378              	.LASF10:
 1379 01b2 6C6F6E67 		.ascii	"long unsigned int\000"
 1379      20756E73 
 1379      69676E65 
 1379      6420696E 
 1379      7400
 1380              	.LASF7:
 1381 01c4 73686F72 		.ascii	"short unsigned int\000"
 1381      7420756E 
 1381      7369676E 
 1381      65642069 
 1381      6E7400
 1382              	.LASF40:
 1383 01d7 5365745F 		.ascii	"Set_Strategy_Auto_Always_Regen\000"
 1383      53747261 
 1383      74656779 
 1383      5F417574 
 1383      6F5F416C 
 1384              	.LASF28:
 1385 01f6 64726976 		.ascii	"driving_mode\000"
 1385      696E675F 
 1385      6D6F6465 
 1385      00
 1386              	.LASF6:
 1387 0203 5F5F7569 		.ascii	"__uint16_t\000"
 1387      6E743136 
 1387      5F7400
 1388              	.LASF20:
 1389 020e 646F7562 		.ascii	"double\000"
 1389      6C6500
 1390              	.LASF5:
 1391 0215 73686F72 		.ascii	"short int\000"
 1391      7420696E 
 1391      7400
 1392              	.LASF42:
 1393 021f 49544D5F 		.ascii	"ITM_RxBuffer\000"
 1393      52784275 
 1393      66666572 
 1393      00
 1394              	.LASF13:
 1395 022c 756E7369 		.ascii	"unsigned int\000"
 1395      676E6564 
 1395      20696E74 
 1395      00
 1396              	.LASF33:
 1397 0239 7470735F 		.ascii	"tps_percentage\000"
 1397      70657263 
 1397      656E7461 
 1397      676500
 1398              	.LASF38:
 1399 0248 5365745F 		.ascii	"Set_Strategy_Auto_No_Regen\000"
 1399      53747261 
 1399      74656779 
 1399      5F417574 
 1399      6F5F4E6F 
 1400              	.LASF12:
 1401 0263 6C6F6E67 		.ascii	"long long unsigned int\000"
ARM GAS  C:\Users\badea\AppData\Local\Temp\cc6JwNyf.s 			page 32


 1401      206C6F6E 
 1401      6720756E 
 1401      7369676E 
 1401      65642069 
 1402              	.LASF15:
 1403 027a 75696E74 		.ascii	"uint8_t\000"
 1403      385F7400 
 1404              	.LASF16:
 1405 0282 696E7431 		.ascii	"int16_t\000"
 1405      365F7400 
 1406              	.LASF31:
 1407 028a 5450535F 		.ascii	"TPS_to_Duty_Cycle_Percentage\000"
 1407      746F5F44 
 1407      7574795F 
 1407      4379636C 
 1407      655F5065 
 1408              	.LASF22:
 1409 02a7 6C6F6E67 		.ascii	"long double\000"
 1409      20646F75 
 1409      626C6500 
 1410              	.LASF23:
 1411 02b3 73697A65 		.ascii	"sizetype\000"
 1411      74797065 
 1411      00
 1412              	.LASF37:
 1413 02bc 5365745F 		.ascii	"Set_Strategy_Manual\000"
 1413      53747261 
 1413      74656779 
 1413      5F4D616E 
 1413      75616C00 
 1414              	.LASF39:
 1415 02d0 5365745F 		.ascii	"Set_Strategy_Auto_Brake_Regen\000"
 1415      53747261 
 1415      74656779 
 1415      5F417574 
 1415      6F5F4272 
 1416              	.LASF21:
 1417 02ee 63686172 		.ascii	"char\000"
 1417      00
 1418              	.LASF48:
 1419 02f3 5365745F 		.ascii	"Set_Strategy\000"
 1419      53747261 
 1419      74656779 
 1419      00
 1420              	.LASF17:
 1421 0300 75696E74 		.ascii	"uint16_t\000"
 1421      31365F74 
 1421      00
 1422              	.LASF44:
 1423 0309 68796272 		.ascii	"hybrid_state\000"
 1423      69645F73 
 1423      74617465 
 1423      00
 1424              	.LASF9:
 1425 0316 6C6F6E67 		.ascii	"long int\000"
 1425      20696E74 
 1425      00
ARM GAS  C:\Users\badea\AppData\Local\Temp\cc6JwNyf.s 			page 33


 1426              	.LASF46:
 1427 031f 7372635C 		.ascii	"src\\hybrid_mode.c\000"
 1427      68796272 
 1427      69645F6D 
 1427      6F64652E 
 1427      6300
 1428              	.LASF35:
 1429 0331 456D6572 		.ascii	"Emergency_Stop\000"
 1429      67656E63 
 1429      795F5374 
 1429      6F7000
 1430              	.LASF24:
 1431 0340 656E6769 		.ascii	"engine_state\000"
 1431      6E655F73 
 1431      74617465 
 1431      00
 1432              	.LASF27:
 1433 034d 76656869 		.ascii	"vehicle_status_t\000"
 1433      636C655F 
 1433      73746174 
 1433      75735F74 
 1433      00
 1434              	.LASF30:
 1435 035e 48595F73 		.ascii	"HY_strategy_t\000"
 1435      74726174 
 1435      6567795F 
 1435      7400
 1436              		.ident	"GCC: (GNU Tools for ARM Embedded Processors) 5.4.1 20160609 (release) [ARM/embedded-5-bran
